[drive_v3] run r2am02:sweep:csv:physionet:greedy_entropy:ts0: python scripts/run_cascade_sweep.py --dataset csv:physionet --train-seed 0 --policy greedy_entropy --out-dir F:/CAFA_results/metrics_v3_alpha_margin02 --committed configs/committed_v3_am02_csv-physionet_ts0.json  (log results_v3\logs\r2am02_sweep_csv-physionet_greedy_entropy_ts0.log)
    [cascade] csv-physionet ts0 greedy_entropy lr[0.5]=0.500 G=1 | cert=1.00 tiers={'0': 0.0, '1': 0.58, '2': 0.0, '3': 0.42} viol=0.010 (by split 0.00-0.05) certviol=0.000 | deepest stratum verdict=feasible (agree 5/5)
    [cascade] csv-physionet ts0 greedy_entropy lr[0.7]=0.700 G=1 | cert=1.00 tiers={'0': 0.0, '1': 0.58, '2': 0.0, '3': 0.42} viol=0.010 (by split 0.00-0.05) certviol=0.000 | deepest stratum verdict=feasible (agree 5/5)
    [cascade] csv-physionet ts0 greedy_entropy lr[0.9]=0.900 G=2 | cert=0.97 tiers={'0': 0.03, '1': 0.0, '2': 0.0, '3': 0.97} viol=0.000 (by split 0.00-0.00) certviol=0.000 | deepest stratum verdict=type_II (agree 5/5)
    [cascade] csv-physionet ts0 greedy_entropy lr[dep]=0.000 G=1 | cert=1.00 tiers={'0': 0.0, '1': 0.58, '2': 0.0, '3': 0.42} viol=0.010 (by split 0.00-0.05) certviol=0.000 | deepest stratum verdict=feasible (agree 5/5)
    [cascade] wrote F:\CAFA_results\metrics_v3_alpha_margin02\csv-physionet_ts0_greedy_entropy_softmax.json
[drive_v3] done r2am02:sweep:csv:physionet:greedy_entropy:ts0: rc=0 in 102.0s
[drive_v3] run r2am02:sweep:csv:physionet:random:ts0: python scripts/run_cascade_sweep.py --dataset csv:physionet --train-seed 0 --policy random --out-dir F:/CAFA_results/metrics_v3_alpha_margin02 --committed configs/committed_v3_am02_csv-physionet_ts0.json  (log results_v3\logs\r2am02_sweep_csv-physionet_random_ts0.log)
    [cascade] csv-physionet ts0 random lr[0.5]=0.500 G=1 | cert=1.00 tiers={'0': 0.0, '1': 0.58, '2': 0.0, '3': 0.42} viol=0.010 (by split 0.00-0.05) certviol=0.000 | deepest stratum verdict=feasible (agree 5/5)
    [cascade] csv-physionet ts0 random lr[0.7]=0.700 G=1 | cert=1.00 tiers={'0': 0.0, '1': 0.58, '2': 0.0, '3': 0.42} viol=0.010 (by split 0.00-0.05) certviol=0.000 | deepest stratum verdict=feasible (agree 5/5)
    [cascade] csv-physionet ts0 random lr[0.9]=0.900 G=3 | cert=0.99 tiers={'0': 0.01, '1': 0.0, '2': 0.0, '3': 0.99} viol=0.000 (by split 0.00-0.00) certviol=0.000 | deepest stratum verdict=type_II (agree 2/5)
    [cascade] csv-physionet ts0 random lr[dep]=0.000 G=1 | cert=1.00 tiers={'0': 0.0, '1': 0.58, '2': 0.0, '3': 0.42} viol=0.010 (by split 0.00-0.05) certviol=0.000 | deepest stratum verdict=feasible (agree 5/5)
    [cascade] wrote F:\CAFA_results\metrics_v3_alpha_margin02\csv-physionet_ts0_random_softmax.json
[drive_v3] done r2am02:sweep:csv:physionet:random:ts0: rc=0 in 124.5s
[drive_v3] run r2am02:sweep:csv:diabetes:greedy_entropy:ts0: python scripts/run_cascade_sweep.py --dataset csv:diabetes --train-seed 0 --policy greedy_entropy --out-dir F:/CAFA_results/metrics_v3_alpha_margin02 --committed configs/committed_v3_am02_csv-diabetes_ts0.json  (log results_v3\logs\r2am02_sweep_csv-diabetes_greedy_entropy_ts0.log)
    [cascade] csv-diabetes ts0 greedy_entropy lr[0.5]=0.500 G=1 | cert=1.00 tiers={'0': 0.0, '1': 1.0, '2': 0.0, '3': 0.0} viol=0.000 (by split 0.00-0.00) certviol=0.000 | deepest stratum verdict=feasible (agree 5/5)
    [cascade] csv-diabetes ts0 greedy_entropy lr[0.7]=0.700 G=1 | cert=1.00 tiers={'0': 0.0, '1': 1.0, '2': 0.0, '3': 0.0} viol=0.000 (by split 0.00-0.00) certviol=0.000 | deepest stratum verdict=feasible (agree 5/5)
    [cascade] csv-diabetes ts0 greedy_entropy lr[0.9]=0.900 G=2 | cert=0.00 tiers={'0': 1.0, '1': 0.0, '2': 0.0, '3': 0.0} viol=0.000 (by split 0.00-0.00) certviol=0.000 | deepest stratum verdict=type_II (agree 5/5)
    [cascade] csv-diabetes ts0 greedy_entropy lr[dep]=0.798 G=2 | cert=1.00 tiers={'0': 0.0, '1': 0.0, '2': 0.0, '3': 1.0} viol=0.000 (by split 0.00-0.00) certviol=0.000 | deepest stratum verdict=type_II (agree 5/5)
    [cascade] wrote F:\CAFA_results\metrics_v3_alpha_margin02\csv-diabetes_ts0_greedy_entropy_softmax.json
[drive_v3] done r2am02:sweep:csv:diabetes:greedy_entropy:ts0: rc=0 in 659.8s
[drive_v3] run r2am02:sweep:csv:diabetes:random:ts0: python scripts/run_cascade_sweep.py --dataset csv:diabetes --train-seed 0 --policy random --out-dir F:/CAFA_results/metrics_v3_alpha_margin02 --committed configs/committed_v3_am02_csv-diabetes_ts0.json  (log results_v3\logs\r2am02_sweep_csv-diabetes_random_ts0.log)
    [cascade] csv-diabetes ts0 random lr[0.5]=0.500 G=1 | cert=1.00 tiers={'0': 0.0, '1': 1.0, '2': 0.0, '3': 0.0} viol=0.000 (by split 0.00-0.00) certviol=0.000 | deepest stratum verdict=feasible (agree 5/5)
    [cascade] csv-diabetes ts0 random lr[0.7]=0.700 G=1 | cert=1.00 tiers={'0': 0.0, '1': 1.0, '2': 0.0, '3': 0.0} viol=0.000 (by split 0.00-0.00) certviol=0.000 | deepest stratum verdict=feasible (agree 5/5)
    [cascade] csv-diabetes ts0 random lr[0.9]=0.900 G=5 | cert=0.38 tiers={'0': 0.62, '1': 0.0, '2': 0.0, '3': 0.38} viol=0.000 (by split 0.00-0.00) certviol=0.000 | deepest stratum verdict=type_II (agree 5/5)
    [cascade] csv-diabetes ts0 random lr[dep]=0.909 G=5 | cert=0.02 tiers={'0': 0.98, '1': 0.0, '2': 0.0, '3': 0.02} viol=0.000 (by split 0.00-0.00) certviol=0.000 | deepest stratum verdict=type_II (agree 5/5)
    [cascade] wrote F:\CAFA_results\metrics_v3_alpha_margin02\csv-diabetes_ts0_random_softmax.json
[drive_v3] done r2am02:sweep:csv:diabetes:random:ts0: rc=0 in 577.9s
[drive_v3] sweep: ran 4, skipped 0 existing, 0 missing prerequisites
