[drive_v3] run r3Jam02:commit:csv:physionet:na:ts1: python scripts/commit_v3.py --dataset csv:physionet --train-seed 1 --out-path configs/committed_v3_am02_csv-physionet_ts1.json --alpha-margin 0.02 --alpha-grid 0.01  (log results_v3\logs\r3Jam02_commit_csv-physionet_na_ts1.log)
    [commit_v3] csv:physionet ts1: alpha=0.17 (floor 0.1458); n_cal_expected=1080; n_min(tier1)=310; policies=['greedy_entropy', 'random']; test_seeds=[778, 779, 780, 781, 782] x 20 draws
    [commit_v3] wrote configs\committed_v3_am02_csv-physionet_ts1.json
[drive_v3] done r3Jam02:commit:csv:physionet:na:ts1: rc=0 in 1.5s
[drive_v3] run r3Jam02:commit:cube:na:ts1: python scripts/commit_v3.py --dataset cube --train-seed 1 --out-path configs/committed_v3_am02_cube_ts1.json --alpha-margin 0.02 --alpha-grid 0.01  (log results_v3\logs\r3Jam02_commit_cube_na_ts1.log)
    [commit_v3] cube ts1: alpha=0.09 (floor 0.0638); n_cal_expected=1800; n_min(tier1)=159; policies=['greedy_entropy', 'random']; test_seeds=[778, 779, 780, 781, 782] x 20 draws
    [commit_v3] wrote configs\committed_v3_am02_cube_ts1.json
[drive_v3] done r3Jam02:commit:cube:na:ts1: rc=0 in 1.6s
[drive_v3] run r3Jam02:commit:tabular:adult:na:ts1: python scripts/commit_v3.py --dataset tabular:adult --train-seed 1 --out-path configs/committed_v3_am02_tabular-adult_ts1.json --alpha-margin 0.02 --alpha-grid 0.01  (log results_v3\logs\r3Jam02_commit_tabular-adult_na_ts1.log)
    [commit_v3] tabular:adult ts1: alpha=0.18 (floor 0.1598); n_cal_expected=4070; n_min(tier1)=326; policies=['greedy_entropy', 'random']; test_seeds=[778, 779, 780, 781, 782] x 20 draws
    [commit_v3] wrote configs\committed_v3_am02_tabular-adult_ts1.json
[drive_v3] done r3Jam02:commit:tabular:adult:na:ts1: rc=0 in 1.6s
[drive_v3] run r3Jam02:commit:csv:diabetes:na:ts1: python scripts/commit_v3.py --dataset csv:diabetes --train-seed 1 --out-path configs/committed_v3_am02_csv-diabetes_ts1.json --alpha-margin 0.02 --alpha-grid 0.01  (log results_v3\logs\r3Jam02_commit_csv-diabetes_na_ts1.log)
    [commit_v3] csv:diabetes ts1: alpha=0.11 (floor 0.0888); n_cal_expected=8286; n_min(tier1)=200; policies=['greedy_entropy', 'random']; test_seeds=[778, 779, 780, 781, 782] x 20 draws
    [commit_v3] wrote configs\committed_v3_am02_csv-diabetes_ts1.json
[drive_v3] done r3Jam02:commit:csv:diabetes:na:ts1: rc=0 in 2.0s
[drive_v3] run r3Jam02:commit:tabular:MiniBooNE:na:ts1: python scripts/commit_v3.py --dataset tabular:MiniBooNE --train-seed 1 --out-path configs/committed_v3_am02_tabular-MiniBooNE_ts1.json --alpha-margin 0.02 --alpha-grid 0.01  (log results_v3\logs\r3Jam02_commit_tabular-MiniBooNE_na_ts1.log)
    [commit_v3] tabular:MiniBooNE ts1: alpha=0.11 (floor 0.0811); n_cal_expected=11706; n_min(tier1)=200; policies=['greedy_entropy', 'random']; test_seeds=[778, 779, 780, 781, 782] x 20 draws
    [commit_v3] wrote configs\committed_v3_am02_tabular-MiniBooNE_ts1.json
[drive_v3] done r3Jam02:commit:tabular:MiniBooNE:na:ts1: rc=0 in 2.5s
[drive_v3] run r3Jam02:commit:fashionmnist:na:ts1: python scripts/commit_v3.py --dataset fashionmnist --train-seed 1 --out-path configs/committed_v3_am02_fashionmnist_ts1.json --alpha-margin 0.02 --alpha-grid 0.01  (log results_v3\logs\r3Jam02_commit_fashionmnist_na_ts1.log)
    [commit_v3] fashionmnist ts1: alpha=0.08 (floor 0.0579); n_cal_expected=6300; n_min(tier1)=137; policies=['greedy_entropy', 'random']; test_seeds=[778, 779, 780, 781, 782] x 20 draws
    [commit_v3] wrote configs\committed_v3_am02_fashionmnist_ts1.json
[drive_v3] done r3Jam02:commit:fashionmnist:na:ts1: rc=0 in 2.1s
[drive_v3] run r3Jam02:commit:csv:physionet:na:ts2: python scripts/commit_v3.py --dataset csv:physionet --train-seed 2 --out-path configs/committed_v3_am02_csv-physionet_ts2.json --alpha-margin 0.02 --alpha-grid 0.01  (log results_v3\logs\r3Jam02_commit_csv-physionet_na_ts2.log)
    [commit_v3] csv:physionet ts2: alpha=0.15 (floor 0.1271); n_cal_expected=1080; n_min(tier1)=275; policies=['greedy_entropy', 'random']; test_seeds=[778, 779, 780, 781, 782] x 20 draws
    [commit_v3] wrote configs\committed_v3_am02_csv-physionet_ts2.json
[drive_v3] done r3Jam02:commit:csv:physionet:na:ts2: rc=0 in 1.5s
[drive_v3] run r3Jam02:commit:cube:na:ts2: python scripts/commit_v3.py --dataset cube --train-seed 2 --out-path configs/committed_v3_am02_cube_ts2.json --alpha-margin 0.02 --alpha-grid 0.01  (log results_v3\logs\r3Jam02_commit_cube_na_ts2.log)
    [commit_v3] cube ts2: alpha=0.08 (floor 0.0512); n_cal_expected=1800; n_min(tier1)=137; policies=['greedy_entropy', 'random']; test_seeds=[778, 779, 780, 781, 782] x 20 draws
    [commit_v3] wrote configs\committed_v3_am02_cube_ts2.json
[drive_v3] done r3Jam02:commit:cube:na:ts2: rc=0 in 1.6s
[drive_v3] run r3Jam02:commit:tabular:adult:na:ts2: python scripts/commit_v3.py --dataset tabular:adult --train-seed 2 --out-path configs/committed_v3_am02_tabular-adult_ts2.json --alpha-margin 0.02 --alpha-grid 0.01  (log results_v3\logs\r3Jam02_commit_tabular-adult_na_ts2.log)
    [commit_v3] tabular:adult ts2: alpha=0.17 (floor 0.1415); n_cal_expected=4070; n_min(tier1)=310; policies=['greedy_entropy', 'random']; test_seeds=[778, 779, 780, 781, 782] x 20 draws
    [commit_v3] wrote configs\committed_v3_am02_tabular-adult_ts2.json
[drive_v3] done r3Jam02:commit:tabular:adult:na:ts2: rc=0 in 1.6s
[drive_v3] run r3Jam02:commit:csv:diabetes:na:ts2: python scripts/commit_v3.py --dataset csv:diabetes --train-seed 2 --out-path configs/committed_v3_am02_csv-diabetes_ts2.json --alpha-margin 0.02 --alpha-grid 0.01  (log results_v3\logs\r3Jam02_commit_csv-diabetes_na_ts2.log)
    [commit_v3] csv:diabetes ts2: alpha=0.12 (floor 0.0967); n_cal_expected=8286; n_min(tier1)=220; policies=['greedy_entropy', 'random']; test_seeds=[778, 779, 780, 781, 782] x 20 draws
    [commit_v3] wrote configs\committed_v3_am02_csv-diabetes_ts2.json
[drive_v3] done r3Jam02:commit:csv:diabetes:na:ts2: rc=0 in 2.5s
[drive_v3] run r3Jam02:commit:tabular:MiniBooNE:na:ts2: python scripts/commit_v3.py --dataset tabular:MiniBooNE --train-seed 2 --out-path configs/committed_v3_am02_tabular-MiniBooNE_ts2.json --alpha-margin 0.02 --alpha-grid 0.01  (log results_v3\logs\r3Jam02_commit_tabular-MiniBooNE_na_ts2.log)
    [commit_v3] tabular:MiniBooNE ts2: alpha=0.1 (floor 0.0790); n_cal_expected=11706; n_min(tier1)=180; policies=['greedy_entropy', 'random']; test_seeds=[778, 779, 780, 781, 782] x 20 draws
    [commit_v3] wrote configs\committed_v3_am02_tabular-MiniBooNE_ts2.json
[drive_v3] done r3Jam02:commit:tabular:MiniBooNE:na:ts2: rc=0 in 2.5s
[drive_v3] run r3Jam02:commit:fashionmnist:na:ts2: python scripts/commit_v3.py --dataset fashionmnist --train-seed 2 --out-path configs/committed_v3_am02_fashionmnist_ts2.json --alpha-margin 0.02 --alpha-grid 0.01  (log results_v3\logs\r3Jam02_commit_fashionmnist_na_ts2.log)
    [commit_v3] fashionmnist ts2: alpha=0.1 (floor 0.0736); n_cal_expected=6300; n_min(tier1)=180; policies=['greedy_entropy', 'random']; test_seeds=[778, 779, 780, 781, 782] x 20 draws
    [commit_v3] wrote configs\committed_v3_am02_fashionmnist_ts2.json
[drive_v3] done r3Jam02:commit:fashionmnist:na:ts2: rc=0 in 2.1s
[drive_v3] commit: ran 12, skipped 0 existing, 0 missing prerequisites
[drive_v3] run r3Jam02:commit:mnist:na:ts1: python scripts/commit_v3.py --dataset mnist --train-seed 1 --out-path configs/committed_v3_am02_mnist_ts1.json --alpha-margin 0.02 --alpha-grid 0.01  (log results_v3\logs\r3Jam02_commit_mnist_na_ts1.log)
    ERROR: alpha=0.03 (floor 0.0046, alpha rule margin 0.02 / grid 0.01) is not above the design margin 0.05: the detectability rule n_min(alpha, level, margin) is undefined; nothing committed.
[drive_v3] done r3Jam02:commit:mnist:na:ts1: rc=7 in 1.6s
[drive_v3] STOP: non-zero return code in r3Jam02:commit:mnist:na:ts1; see F:\FAU\PhD\Side Quest\CAFA_exp\results_v3\logs\r3Jam02_commit_mnist_na_ts1.log
[drive_v3] run r3Jam02:commit:image:imagenette:na:ts1: python scripts/commit_v3.py --dataset image:imagenette --train-seed 1 --out-path configs/committed_v3_am02_image-imagenette_ts1.json --alpha-margin 0.02 --alpha-grid 0.01  (log results_v3\logs\r3Jam02_commit_image-imagenette_na_ts1.log)
    ERROR: alpha=0.05 (floor 0.0261, alpha rule margin 0.02 / grid 0.01) is not above the design margin 0.05: the detectability rule n_min(alpha, level, margin) is undefined; nothing committed.
[drive_v3] done r3Jam02:commit:image:imagenette:na:ts1: rc=7 in 1.4s
[drive_v3] STOP: non-zero return code in r3Jam02:commit:image:imagenette:na:ts1; see F:\FAU\PhD\Side Quest\CAFA_exp\results_v3\logs\r3Jam02_commit_image-imagenette_na_ts1.log
[drive_v3] run r3Jam02:commit:mnist:na:ts2: python scripts/commit_v3.py --dataset mnist --train-seed 2 --out-path configs/committed_v3_am02_mnist_ts2.json --alpha-margin 0.02 --alpha-grid 0.01  (log results_v3\logs\r3Jam02_commit_mnist_na_ts2.log)
    ERROR: alpha=0.03 (floor 0.0054, alpha rule margin 0.02 / grid 0.01) is not above the design margin 0.05: the detectability rule n_min(alpha, level, margin) is undefined; nothing committed.
[drive_v3] done r3Jam02:commit:mnist:na:ts2: rc=7 in 1.6s
[drive_v3] STOP: non-zero return code in r3Jam02:commit:mnist:na:ts2; see F:\FAU\PhD\Side Quest\CAFA_exp\results_v3\logs\r3Jam02_commit_mnist_na_ts2.log
[drive_v3] run r3Jam02:commit:image:imagenette:na:ts2: python scripts/commit_v3.py --dataset image:imagenette --train-seed 2 --out-path configs/committed_v3_am02_image-imagenette_ts2.json --alpha-margin 0.02 --alpha-grid 0.01  (log results_v3\logs\r3Jam02_commit_image-imagenette_na_ts2.log)
    ERROR: alpha=0.05 (floor 0.0243, alpha rule margin 0.02 / grid 0.01) is not above the design margin 0.05: the detectability rule n_min(alpha, level, margin) is undefined; nothing committed.
[drive_v3] done r3Jam02:commit:image:imagenette:na:ts2: rc=7 in 1.4s
[drive_v3] STOP: non-zero return code in r3Jam02:commit:image:imagenette:na:ts2; see F:\FAU\PhD\Side Quest\CAFA_exp\results_v3\logs\r3Jam02_commit_image-imagenette_na_ts2.log
