[lane J2] start 2026-10-03 14:49:54
[lane J2] 14:49:54 main ts1 csv:diabetes
[drive_v3] run r3J:sweep:csv:diabetes:greedy_entropy:ts1: python scripts/run_cascade_sweep.py --dataset csv:diabetes --train-seed 1 --policy greedy_entropy  (log results_v3\logs\r3J_sweep_csv-diabetes_greedy_entropy_ts1.log)
    [cascade] csv-diabetes ts1 greedy_entropy lr[0.5]=0.500 G=1 | cert=1.00 tiers={'0': 0.0, '1': 1.0, '2': 0.0, '3': 0.0} viol=0.000 (by split 0.00-0.00) certviol=0.000 | deepest stratum verdict=feasible (agree 5/5)
    [cascade] csv-diabetes ts1 greedy_entropy lr[0.7]=0.700 G=1 | cert=1.00 tiers={'0': 0.0, '1': 1.0, '2': 0.0, '3': 0.0} viol=0.000 (by split 0.00-0.00) certviol=0.000 | deepest stratum verdict=feasible (agree 5/5)
    [cascade] csv-diabetes ts1 greedy_entropy lr[0.9]=0.900 G=2 | cert=0.00 tiers={'0': 1.0, '1': 0.0, '2': 0.0, '3': 0.0} viol=0.000 (by split 0.00-0.00) certviol=0.000 | deepest stratum verdict=type_II (agree 5/5)
    [cascade] csv-diabetes ts1 greedy_entropy lr[dep]=0.808 G=2 | cert=0.05 tiers={'0': 0.95, '1': 0.0, '2': 0.0, '3': 0.05} viol=0.000 (by split 0.00-0.00) certviol=0.000 | deepest stratum verdict=type_II (agree 5/5)
    [cascade] wrote F:\CAFA_results\metrics_v3\csv-diabetes_ts1_greedy_entropy_softmax.json
[drive_v3] done r3J:sweep:csv:diabetes:greedy_entropy:ts1: rc=0 in 318.7s
[drive_v3] run r3J:sweep:csv:diabetes:random:ts1: python scripts/run_cascade_sweep.py --dataset csv:diabetes --train-seed 1 --policy random  (log results_v3\logs\r3J_sweep_csv-diabetes_random_ts1.log)
    [cascade] csv-diabetes ts1 random lr[0.5]=0.500 G=1 | cert=1.00 tiers={'0': 0.0, '1': 1.0, '2': 0.0, '3': 0.0} viol=0.000 (by split 0.00-0.00) certviol=0.000 | deepest stratum verdict=feasible (agree 5/5)
    [cascade] csv-diabetes ts1 random lr[0.7]=0.700 G=1 | cert=1.00 tiers={'0': 0.0, '1': 1.0, '2': 0.0, '3': 0.0} viol=0.000 (by split 0.00-0.00) certviol=0.000 | deepest stratum verdict=feasible (agree 5/5)
    [cascade] csv-diabetes ts1 random lr[0.9]=0.900 G=5 | cert=1.00 tiers={'0': 0.0, '1': 0.0, '2': 0.0, '3': 1.0} viol=0.020 (by split 0.00-0.10) certviol=0.000 | deepest stratum verdict=type_II (agree 5/5)
    [cascade] csv-diabetes ts1 random lr[dep]=0.828 G=4 | cert=1.00 tiers={'0': 0.0, '1': 0.0, '2': 0.0, '3': 1.0} viol=0.000 (by split 0.00-0.00) certviol=0.000 | deepest stratum verdict=type_II (agree 5/5)
    [cascade] wrote F:\CAFA_results\metrics_v3\csv-diabetes_ts1_random_softmax.json
[drive_v3] done r3J:sweep:csv:diabetes:random:ts1: rc=0 in 337.2s
[drive_v3] sweep: ran 2, skipped 0 existing, 0 missing prerequisites
[lane J2] 15:00:51 main ts2 csv:diabetes
[drive_v3] run r3J:sweep:csv:diabetes:greedy_entropy:ts2: python scripts/run_cascade_sweep.py --dataset csv:diabetes --train-seed 2 --policy greedy_entropy  (log results_v3\logs\r3J_sweep_csv-diabetes_greedy_entropy_ts2.log)
    [cascade] csv-diabetes ts2 greedy_entropy lr[0.5]=0.500 G=1 | cert=1.00 tiers={'0': 0.0, '1': 1.0, '2': 0.0, '3': 0.0} viol=0.000 (by split 0.00-0.00) certviol=0.000 | deepest stratum verdict=feasible (agree 5/5)
    [cascade] csv-diabetes ts2 greedy_entropy lr[0.7]=0.700 G=1 | cert=1.00 tiers={'0': 0.0, '1': 1.0, '2': 0.0, '3': 0.0} viol=0.000 (by split 0.00-0.00) certviol=0.000 | deepest stratum verdict=feasible (agree 5/5)
    [cascade] csv-diabetes ts2 greedy_entropy lr[0.9]=0.900 G=2 | cert=0.00 tiers={'0': 1.0, '1': 0.0, '2': 0.0, '3': 0.0} viol=0.000 (by split 0.00-0.00) certviol=0.000 | deepest stratum verdict=type_II (agree 5/5)
    [cascade] csv-diabetes ts2 greedy_entropy lr[dep]=0.798 G=2 | cert=1.00 tiers={'0': 0.0, '1': 0.0, '2': 0.0, '3': 1.0} viol=0.000 (by split 0.00-0.00) certviol=0.000 | deepest stratum verdict=type_II (agree 5/5)
    [cascade] wrote F:\CAFA_results\metrics_v3\csv-diabetes_ts2_greedy_entropy_softmax.json
[drive_v3] done r3J:sweep:csv:diabetes:greedy_entropy:ts2: rc=0 in 320.6s
[drive_v3] run r3J:sweep:csv:diabetes:random:ts2: python scripts/run_cascade_sweep.py --dataset csv:diabetes --train-seed 2 --policy random  (log results_v3\logs\r3J_sweep_csv-diabetes_random_ts2.log)
    [cascade] csv-diabetes ts2 random lr[0.5]=0.500 G=1 | cert=1.00 tiers={'0': 0.0, '1': 1.0, '2': 0.0, '3': 0.0} viol=0.160 (by split 0.00-0.80) certviol=0.000 | deepest stratum verdict=feasible (agree 5/5)
    [cascade] csv-diabetes ts2 random lr[0.7]=0.700 G=1 | cert=1.00 tiers={'0': 0.0, '1': 1.0, '2': 0.0, '3': 0.0} viol=0.160 (by split 0.00-0.80) certviol=0.000 | deepest stratum verdict=feasible (agree 5/5)
    [cascade] csv-diabetes ts2 random lr[0.9]=0.900 G=5 | cert=0.99 tiers={'0': 0.01, '1': 0.0, '2': 0.0, '3': 0.99} viol=0.000 (by split 0.00-0.00) certviol=0.000 | deepest stratum verdict=type_II (agree 5/5)
    [cascade] csv-diabetes ts2 random lr[dep]=0.828 G=4 | cert=1.00 tiers={'0': 0.0, '1': 0.0, '2': 0.0, '3': 1.0} viol=0.030 (by split 0.00-0.15) certviol=0.000 | deepest stratum verdict=type_II (agree 5/5)
    [cascade] wrote F:\CAFA_results\metrics_v3\csv-diabetes_ts2_random_softmax.json
[drive_v3] done r3J:sweep:csv:diabetes:random:ts2: rc=0 in 336.1s
[drive_v3] sweep: ran 2, skipped 0 existing, 0 missing prerequisites
[lane J2] 15:11:50 main ts1 csv:physionet
[drive_v3] run r3J:sweep:csv:physionet:greedy_entropy:ts1: python scripts/run_cascade_sweep.py --dataset csv:physionet --train-seed 1 --policy greedy_entropy  (log results_v3\logs\r3J_sweep_csv-physionet_greedy_entropy_ts1.log)
    [cascade] csv-physionet ts1 greedy_entropy lr[0.5]=0.500 G=1 | cert=1.00 tiers={'0': 0.0, '1': 1.0, '2': 0.0, '3': 0.0} viol=0.000 (by split 0.00-0.00) certviol=0.000 | deepest stratum verdict=feasible (agree 5/5)
    [cascade] csv-physionet ts1 greedy_entropy lr[0.7]=0.700 G=1 | cert=1.00 tiers={'0': 0.0, '1': 1.0, '2': 0.0, '3': 0.0} viol=0.000 (by split 0.00-0.00) certviol=0.000 | deepest stratum verdict=feasible (agree 5/5)
    [cascade] csv-physionet ts1 greedy_entropy lr[0.9]=0.900 G=2 | cert=1.00 tiers={'0': 0.0, '1': 0.34, '2': 0.0, '3': 0.66} viol=0.020 (by split 0.00-0.05) certviol=0.000 | deepest stratum verdict=feasible (agree 5/5)
    [cascade] csv-physionet ts1 greedy_entropy lr[dep]=0.000 G=1 | cert=1.00 tiers={'0': 0.0, '1': 1.0, '2': 0.0, '3': 0.0} viol=0.000 (by split 0.00-0.00) certviol=0.000 | deepest stratum verdict=feasible (agree 5/5)
    [cascade] wrote F:\CAFA_results\metrics_v3\csv-physionet_ts1_greedy_entropy_softmax.json
[drive_v3] done r3J:sweep:csv:physionet:greedy_entropy:ts1: rc=0 in 50.5s
[drive_v3] run r3J:sweep:csv:physionet:random:ts1: python scripts/run_cascade_sweep.py --dataset csv:physionet --train-seed 1 --policy random  (log results_v3\logs\r3J_sweep_csv-physionet_random_ts1.log)
    [cascade] csv-physionet ts1 random lr[0.5]=0.500 G=1 | cert=1.00 tiers={'0': 0.0, '1': 1.0, '2': 0.0, '3': 0.0} viol=0.000 (by split 0.00-0.00) certviol=0.000 | deepest stratum verdict=feasible (agree 5/5)
    [cascade] csv-physionet ts1 random lr[0.7]=0.700 G=1 | cert=1.00 tiers={'0': 0.0, '1': 1.0, '2': 0.0, '3': 0.0} viol=0.000 (by split 0.00-0.00) certviol=0.000 | deepest stratum verdict=feasible (agree 5/5)
    [cascade] csv-physionet ts1 random lr[0.9]=0.900 G=2 | cert=1.00 tiers={'0': 0.0, '1': 0.9, '2': 0.0, '3': 0.1} viol=0.000 (by split 0.00-0.00) certviol=0.000 | deepest stratum verdict=feasible (agree 5/5)
    [cascade] csv-physionet ts1 random lr[dep]=0.000 G=1 | cert=1.00 tiers={'0': 0.0, '1': 1.0, '2': 0.0, '3': 0.0} viol=0.000 (by split 0.00-0.00) certviol=0.000 | deepest stratum verdict=feasible (agree 5/5)
    [cascade] wrote F:\CAFA_results\metrics_v3\csv-physionet_ts1_random_softmax.json
[drive_v3] done r3J:sweep:csv:physionet:random:ts1: rc=0 in 49.1s
[drive_v3] sweep: ran 2, skipped 0 existing, 0 missing prerequisites
[lane J2] 15:13:32 main ts2 csv:physionet
[drive_v3] run r3J:sweep:csv:physionet:greedy_entropy:ts2: python scripts/run_cascade_sweep.py --dataset csv:physionet --train-seed 2 --policy greedy_entropy  (log results_v3\logs\r3J_sweep_csv-physionet_greedy_entropy_ts2.log)
    [cascade] csv-physionet ts2 greedy_entropy lr[0.5]=0.500 G=1 | cert=1.00 tiers={'0': 0.0, '1': 1.0, '2': 0.0, '3': 0.0} viol=0.000 (by split 0.00-0.00) certviol=0.000 | deepest stratum verdict=feasible (agree 5/5)
    [cascade] csv-physionet ts2 greedy_entropy lr[0.7]=0.700 G=1 | cert=1.00 tiers={'0': 0.0, '1': 1.0, '2': 0.0, '3': 0.0} viol=0.000 (by split 0.00-0.00) certviol=0.000 | deepest stratum verdict=feasible (agree 5/5)
    [cascade] csv-physionet ts2 greedy_entropy lr[0.9]=0.900 G=2 | cert=1.00 tiers={'0': 0.0, '1': 0.92, '2': 0.0, '3': 0.08} viol=0.000 (by split 0.00-0.00) certviol=0.000 | deepest stratum verdict=feasible (agree 5/5)
    [cascade] csv-physionet ts2 greedy_entropy lr[dep]=0.000 G=1 | cert=1.00 tiers={'0': 0.0, '1': 1.0, '2': 0.0, '3': 0.0} viol=0.000 (by split 0.00-0.00) certviol=0.000 | deepest stratum verdict=feasible (agree 5/5)
    [cascade] wrote F:\CAFA_results\metrics_v3\csv-physionet_ts2_greedy_entropy_softmax.json
[drive_v3] done r3J:sweep:csv:physionet:greedy_entropy:ts2: rc=0 in 46.4s
[drive_v3] run r3J:sweep:csv:physionet:random:ts2: python scripts/run_cascade_sweep.py --dataset csv:physionet --train-seed 2 --policy random  (log results_v3\logs\r3J_sweep_csv-physionet_random_ts2.log)
    [cascade] csv-physionet ts2 random lr[0.5]=0.500 G=1 | cert=1.00 tiers={'0': 0.0, '1': 1.0, '2': 0.0, '3': 0.0} viol=0.000 (by split 0.00-0.00) certviol=0.000 | deepest stratum verdict=feasible (agree 5/5)
    [cascade] csv-physionet ts2 random lr[0.7]=0.700 G=1 | cert=1.00 tiers={'0': 0.0, '1': 1.0, '2': 0.0, '3': 0.0} viol=0.000 (by split 0.00-0.00) certviol=0.000 | deepest stratum verdict=feasible (agree 5/5)
    [cascade] csv-physionet ts2 random lr[0.9]=0.900 G=2 | cert=1.00 tiers={'0': 0.0, '1': 0.99, '2': 0.0, '3': 0.01} viol=0.000 (by split 0.00-0.00) certviol=0.000 | deepest stratum verdict=feasible (agree 5/5)
    [cascade] csv-physionet ts2 random lr[dep]=0.000 G=1 | cert=1.00 tiers={'0': 0.0, '1': 1.0, '2': 0.0, '3': 0.0} viol=0.000 (by split 0.00-0.00) certviol=0.000 | deepest stratum verdict=feasible (agree 5/5)
    [cascade] wrote F:\CAFA_results\metrics_v3\csv-physionet_ts2_random_softmax.json
[drive_v3] done r3J:sweep:csv:physionet:random:ts2: rc=0 in 49.1s
[drive_v3] sweep: ran 2, skipped 0 existing, 0 missing prerequisites
[lane J2] 15:15:09 am02 ts1 tabular:MiniBooNE
[drive_v3] run r3Jam02:sweep:tabular:MiniBooNE:greedy_entropy:ts1: python scripts/run_cascade_sweep.py --dataset tabular:MiniBooNE --train-seed 1 --policy greedy_entropy --out-dir F:/CAFA_results/metrics_v3_alpha_margin02 --committed configs/committed_v3_am02_tabular-MiniBooNE_ts1.json  (log results_v3\logs\r3Jam02_sweep_tabular-MiniBooNE_greedy_entropy_ts1.log)
    [cascade] tabular-MiniBooNE ts1 greedy_entropy lr[0.5]=0.500 G=1 | cert=1.00 tiers={'0': 0.0, '1': 1.0, '2': 0.0, '3': 0.0} viol=0.000 (by split 0.00-0.00) certviol=0.000 | deepest stratum verdict=feasible (agree 5/5)
    [cascade] tabular-MiniBooNE ts1 greedy_entropy lr[0.7]=0.700 G=1 | cert=1.00 tiers={'0': 0.0, '1': 1.0, '2': 0.0, '3': 0.0} viol=0.000 (by split 0.00-0.00) certviol=0.000 | deepest stratum verdict=feasible (agree 5/5)
    [cascade] tabular-MiniBooNE ts1 greedy_entropy lr[0.9]=0.900 G=5 | cert=1.00 tiers={'0': 0.0, '1': 0.0, '2': 0.0, '3': 1.0} viol=0.000 (by split 0.00-0.00) certviol=0.000 | deepest stratum verdict=type_II (agree 5/5)
    [cascade] tabular-MiniBooNE ts1 greedy_entropy lr[dep]=0.869 G=5 | cert=1.00 tiers={'0': 0.0, '1': 0.0, '2': 0.0, '3': 1.0} viol=0.000 (by split 0.00-0.00) certviol=0.000 | deepest stratum verdict=type_II (agree 5/5)
    [cascade] wrote F:\CAFA_results\metrics_v3_alpha_margin02\tabular-MiniBooNE_ts1_greedy_entropy_softmax.json
[drive_v3] done r3Jam02:sweep:tabular:MiniBooNE:greedy_entropy:ts1: rc=0 in 508.6s
[drive_v3] run r3Jam02:sweep:tabular:MiniBooNE:random:ts1: python scripts/run_cascade_sweep.py --dataset tabular:MiniBooNE --train-seed 1 --policy random --out-dir F:/CAFA_results/metrics_v3_alpha_margin02 --committed configs/committed_v3_am02_tabular-MiniBooNE_ts1.json  (log results_v3\logs\r3Jam02_sweep_tabular-MiniBooNE_random_ts1.log)
    [cascade] tabular-MiniBooNE ts1 random lr[0.5]=0.500 G=1 | cert=1.00 tiers={'0': 0.0, '1': 1.0, '2': 0.0, '3': 0.0} viol=0.000 (by split 0.00-0.00) certviol=0.000 | deepest stratum verdict=feasible (agree 5/5)
    [cascade] tabular-MiniBooNE ts1 random lr[0.7]=0.700 G=1 | cert=1.00 tiers={'0': 0.0, '1': 1.0, '2': 0.0, '3': 0.0} viol=0.000 (by split 0.00-0.00) certviol=0.000 | deepest stratum verdict=feasible (agree 5/5)
    [cascade] tabular-MiniBooNE ts1 random lr[0.9]=0.900 G=5 | cert=1.00 tiers={'0': 0.0, '1': 0.0, '2': 0.0, '3': 1.0} viol=0.000 (by split 0.00-0.00) certviol=0.000 | deepest stratum verdict=type_II (agree 5/5)
    [cascade] tabular-MiniBooNE ts1 random lr[dep]=0.879 G=5 | cert=1.00 tiers={'0': 0.0, '1': 0.0, '2': 0.0, '3': 1.0} viol=0.000 (by split 0.00-0.00) certviol=0.000 | deepest stratum verdict=type_II (agree 5/5)
    [cascade] wrote F:\CAFA_results\metrics_v3_alpha_margin02\tabular-MiniBooNE_ts1_random_softmax.json
[drive_v3] done r3Jam02:sweep:tabular:MiniBooNE:random:ts1: rc=0 in 516.6s
[drive_v3] sweep: ran 2, skipped 0 existing, 0 missing prerequisites
[lane J2] 15:32:17 am10 ts1 csv:diabetes
[drive_v3] run r3Jam10:sweep:csv:diabetes:greedy_entropy:ts1: python scripts/run_cascade_sweep.py --dataset csv:diabetes --train-seed 1 --policy greedy_entropy --out-dir F:/CAFA_results/metrics_v3_alpha_margin10 --committed configs/committed_v3_am10_csv-diabetes_ts1.json  (log results_v3\logs\r3Jam10_sweep_csv-diabetes_greedy_entropy_ts1.log)
    [cascade] csv-diabetes ts1 greedy_entropy lr[0.5]=0.500 G=1 | cert=1.00 tiers={'0': 0.0, '1': 1.0, '2': 0.0, '3': 0.0} viol=0.000 (by split 0.00-0.00) certviol=0.000 | deepest stratum verdict=feasible (agree 5/5)
    [cascade] csv-diabetes ts1 greedy_entropy lr[0.7]=0.700 G=1 | cert=1.00 tiers={'0': 0.0, '1': 1.0, '2': 0.0, '3': 0.0} viol=0.000 (by split 0.00-0.00) certviol=0.000 | deepest stratum verdict=feasible (agree 5/5)
    [cascade] csv-diabetes ts1 greedy_entropy lr[0.9]=0.900 G=2 | cert=0.00 tiers={'0': 1.0, '1': 0.0, '2': 0.0, '3': 0.0} viol=0.000 (by split 0.00-0.00) certviol=0.000 | deepest stratum verdict=type_II (agree 5/5)
    [cascade] csv-diabetes ts1 greedy_entropy lr[dep]=0.000 G=1 | cert=1.00 tiers={'0': 0.0, '1': 1.0, '2': 0.0, '3': 0.0} viol=0.000 (by split 0.00-0.00) certviol=0.000 | deepest stratum verdict=feasible (agree 5/5)
    [cascade] wrote F:\CAFA_results\metrics_v3_alpha_margin10\csv-diabetes_ts1_greedy_entropy_softmax.json
[drive_v3] done r3Jam10:sweep:csv:diabetes:greedy_entropy:ts1: rc=0 in 336.2s
[drive_v3] run r3Jam10:sweep:csv:diabetes:random:ts1: python scripts/run_cascade_sweep.py --dataset csv:diabetes --train-seed 1 --policy random --out-dir F:/CAFA_results/metrics_v3_alpha_margin10 --committed configs/committed_v3_am10_csv-diabetes_ts1.json  (log results_v3\logs\r3Jam10_sweep_csv-diabetes_random_ts1.log)
    [cascade] csv-diabetes ts1 random lr[0.5]=0.500 G=1 | cert=1.00 tiers={'0': 0.0, '1': 1.0, '2': 0.0, '3': 0.0} viol=0.000 (by split 0.00-0.00) certviol=0.000 | deepest stratum verdict=feasible (agree 5/5)
    [cascade] csv-diabetes ts1 random lr[0.7]=0.700 G=1 | cert=1.00 tiers={'0': 0.0, '1': 1.0, '2': 0.0, '3': 0.0} viol=0.000 (by split 0.00-0.00) certviol=0.000 | deepest stratum verdict=feasible (agree 5/5)
    [cascade] csv-diabetes ts1 random lr[0.9]=0.900 G=5 | cert=1.00 tiers={'0': 0.0, '1': 0.0, '2': 0.0, '3': 1.0} viol=0.000 (by split 0.00-0.00) certviol=0.000 | deepest stratum verdict=type_II (agree 5/5)
    [cascade] csv-diabetes ts1 random lr[dep]=0.000 G=1 | cert=1.00 tiers={'0': 0.0, '1': 1.0, '2': 0.0, '3': 0.0} viol=0.000 (by split 0.00-0.00) certviol=0.000 | deepest stratum verdict=feasible (agree 5/5)
    [cascade] wrote F:\CAFA_results\metrics_v3_alpha_margin10\csv-diabetes_ts1_random_softmax.json
[drive_v3] done r3Jam10:sweep:csv:diabetes:random:ts1: rc=0 in 332.0s
[drive_v3] sweep: ran 2, skipped 0 existing, 0 missing prerequisites
[lane J2] 15:43:31 am10 ts2 csv:diabetes
[drive_v3] run r3Jam10:sweep:csv:diabetes:greedy_entropy:ts2: python scripts/run_cascade_sweep.py --dataset csv:diabetes --train-seed 2 --policy greedy_entropy --out-dir F:/CAFA_results/metrics_v3_alpha_margin10 --committed configs/committed_v3_am10_csv-diabetes_ts2.json  (log results_v3\logs\r3Jam10_sweep_csv-diabetes_greedy_entropy_ts2.log)
    [cascade] csv-diabetes ts2 greedy_entropy lr[0.5]=0.500 G=1 | cert=1.00 tiers={'0': 0.0, '1': 1.0, '2': 0.0, '3': 0.0} viol=0.000 (by split 0.00-0.00) certviol=0.000 | deepest stratum verdict=feasible (agree 5/5)
    [cascade] csv-diabetes ts2 greedy_entropy lr[0.7]=0.700 G=1 | cert=1.00 tiers={'0': 0.0, '1': 1.0, '2': 0.0, '3': 0.0} viol=0.000 (by split 0.00-0.00) certviol=0.000 | deepest stratum verdict=feasible (agree 5/5)
    [cascade] csv-diabetes ts2 greedy_entropy lr[0.9]=0.900 G=2 | cert=0.30 tiers={'0': 0.7, '1': 0.0, '2': 0.0, '3': 0.3} viol=0.000 (by split 0.00-0.00) certviol=0.000 | deepest stratum verdict=type_II (agree 5/5)
    [cascade] csv-diabetes ts2 greedy_entropy lr[dep]=0.798 G=2 | cert=1.00 tiers={'0': 0.0, '1': 0.0, '2': 0.0, '3': 1.0} viol=0.000 (by split 0.00-0.00) certviol=0.000 | deepest stratum verdict=type_II (agree 5/5)
    [cascade] wrote F:\CAFA_results\metrics_v3_alpha_margin10\csv-diabetes_ts2_greedy_entropy_softmax.json
[drive_v3] done r3Jam10:sweep:csv:diabetes:greedy_entropy:ts2: rc=0 in 320.4s
[drive_v3] run r3Jam10:sweep:csv:diabetes:random:ts2: python scripts/run_cascade_sweep.py --dataset csv:diabetes --train-seed 2 --policy random --out-dir F:/CAFA_results/metrics_v3_alpha_margin10 --committed configs/committed_v3_am10_csv-diabetes_ts2.json  (log results_v3\logs\r3Jam10_sweep_csv-diabetes_random_ts2.log)
    [cascade] csv-diabetes ts2 random lr[0.5]=0.500 G=1 | cert=1.00 tiers={'0': 0.0, '1': 1.0, '2': 0.0, '3': 0.0} viol=0.000 (by split 0.00-0.00) certviol=0.000 | deepest stratum verdict=feasible (agree 5/5)
    [cascade] csv-diabetes ts2 random lr[0.7]=0.700 G=1 | cert=1.00 tiers={'0': 0.0, '1': 1.0, '2': 0.0, '3': 0.0} viol=0.000 (by split 0.00-0.00) certviol=0.000 | deepest stratum verdict=feasible (agree 5/5)
    [cascade] csv-diabetes ts2 random lr[0.9]=0.900 G=5 | cert=1.00 tiers={'0': 0.0, '1': 0.0, '2': 0.0, '3': 1.0} viol=0.000 (by split 0.00-0.00) certviol=0.000 | deepest stratum verdict=type_II (agree 5/5)
    [cascade] csv-diabetes ts2 random lr[dep]=0.798 G=3 | cert=1.00 tiers={'0': 0.0, '1': 0.55, '2': 0.0, '3': 0.45} viol=0.030 (by split 0.00-0.15) certviol=0.000 | deepest stratum verdict=feasible (agree 5/5)
    [cascade] wrote F:\CAFA_results\metrics_v3_alpha_margin10\csv-diabetes_ts2_random_softmax.json
[drive_v3] done r3Jam10:sweep:csv:diabetes:random:ts2: rc=0 in 340.6s
[drive_v3] sweep: ran 2, skipped 0 existing, 0 missing prerequisites
[lane J2] 15:54:33 repair ts1 image:imagenette
[repairs] done r3J:repair:image:imagenette:policy_change:ts1: rc=0 in 62.8s
[repairs] ran 1, skipped 0
[lane J2] 15:55:39 repair ts2 image:imagenette
[repairs] done r3J:repair:image:imagenette:policy_change:ts2: rc=0 in 54.0s
[repairs] ran 1, skipped 0
[lane J2] end 2026-10-03 15:56:37
