[drive_v3] run r3am10:commit:csv:physionet:na:ts0: python scripts/commit_v3.py --dataset csv:physionet --train-seed 0 --out-path configs/committed_v3_am10_csv-physionet_ts0.json --alpha-margin 0.10 --alpha-grid 0.05  (log results_v3\logs\r3am10_commit_csv-physionet_na_ts0.log)
    [commit_v3] csv:physionet ts0: alpha=0.25 (floor 0.1250); n_cal_expected=1080; n_min(tier1)=428; policies=['greedy_entropy', 'random']; test_seeds=[778, 779, 780, 781, 782] x 20 draws
    [commit_v3] wrote configs\committed_v3_am10_csv-physionet_ts0.json
[drive_v3] done r3am10:commit:csv:physionet:na:ts0: rc=0 in 1.6s
[drive_v3] run r3am10:commit:cube:na:ts0: python scripts/commit_v3.py --dataset cube --train-seed 0 --out-path configs/committed_v3_am10_cube_ts0.json --alpha-margin 0.10 --alpha-grid 0.05  (log results_v3\logs\r3am10_commit_cube_na_ts0.log)
    [commit_v3] cube ts0: alpha=0.2 (floor 0.0537); n_cal_expected=1800; n_min(tier1)=358; policies=['greedy_entropy', 'random']; test_seeds=[778, 779, 780, 781, 782] x 20 draws
    [commit_v3] wrote configs\committed_v3_am10_cube_ts0.json
[drive_v3] done r3am10:commit:cube:na:ts0: rc=0 in 1.6s
[drive_v3] run r3am10:commit:tabular:adult:na:ts0: python scripts/commit_v3.py --dataset tabular:adult --train-seed 0 --out-path configs/committed_v3_am10_tabular-adult_ts0.json --alpha-margin 0.10 --alpha-grid 0.05  (log results_v3\logs\r3am10_commit_tabular-adult_na_ts0.log)
    [commit_v3] tabular:adult ts0: alpha=0.3 (floor 0.1542); n_cal_expected=4070; n_min(tier1)=486; policies=['greedy_entropy', 'random']; test_seeds=[778, 779, 780, 781, 782] x 20 draws
    [commit_v3] wrote configs\committed_v3_am10_tabular-adult_ts0.json
[drive_v3] done r3am10:commit:tabular:adult:na:ts0: rc=0 in 1.5s
[drive_v3] run r3am10:commit:csv:diabetes:na:ts0: python scripts/commit_v3.py --dataset csv:diabetes --train-seed 0 --out-path configs/committed_v3_am10_csv-diabetes_ts0.json --alpha-margin 0.10 --alpha-grid 0.05  (log results_v3\logs\r3am10_commit_csv-diabetes_na_ts0.log)
    [commit_v3] csv:diabetes ts0: alpha=0.2 (floor 0.0972); n_cal_expected=8286; n_min(tier1)=358; policies=['greedy_entropy', 'random']; test_seeds=[778, 779, 780, 781, 782] x 20 draws
    [commit_v3] wrote configs\committed_v3_am10_csv-diabetes_ts0.json
[drive_v3] done r3am10:commit:csv:diabetes:na:ts0: rc=0 in 2.0s
[drive_v3] run r3am10:commit:tabular:MiniBooNE:na:ts0: python scripts/commit_v3.py --dataset tabular:MiniBooNE --train-seed 0 --out-path configs/committed_v3_am10_tabular-MiniBooNE_ts0.json --alpha-margin 0.10 --alpha-grid 0.05  (log results_v3\logs\r3am10_commit_tabular-MiniBooNE_na_ts0.log)
    [commit_v3] tabular:MiniBooNE ts0: alpha=0.2 (floor 0.0744); n_cal_expected=11706; n_min(tier1)=358; policies=['greedy_entropy', 'random']; test_seeds=[778, 779, 780, 781, 782] x 20 draws
    [commit_v3] wrote configs\committed_v3_am10_tabular-MiniBooNE_ts0.json
[drive_v3] done r3am10:commit:tabular:MiniBooNE:na:ts0: rc=0 in 2.5s
[drive_v3] run r3am10:commit:mnist:na:ts0: python scripts/commit_v3.py --dataset mnist --train-seed 0 --out-path configs/committed_v3_am10_mnist_ts0.json --alpha-margin 0.10 --alpha-grid 0.05  (log results_v3\logs\r3am10_commit_mnist_na_ts0.log)
    [commit_v3] mnist ts0: alpha=0.15 (floor 0.0039); n_cal_expected=6300; n_min(tier1)=275; policies=['greedy_entropy', 'random']; test_seeds=[778, 779, 780, 781, 782] x 20 draws
    [commit_v3] wrote configs\committed_v3_am10_mnist_ts0.json
[drive_v3] done r3am10:commit:mnist:na:ts0: rc=0 in 2.1s
[drive_v3] run r3am10:commit:fashionmnist:na:ts0: python scripts/commit_v3.py --dataset fashionmnist --train-seed 0 --out-path configs/committed_v3_am10_fashionmnist_ts0.json --alpha-margin 0.10 --alpha-grid 0.05  (log results_v3\logs\r3am10_commit_fashionmnist_na_ts0.log)
    [commit_v3] fashionmnist ts0: alpha=0.2 (floor 0.0643); n_cal_expected=6300; n_min(tier1)=358; policies=['greedy_entropy', 'random']; test_seeds=[778, 779, 780, 781, 782] x 20 draws
    [commit_v3] wrote configs\committed_v3_am10_fashionmnist_ts0.json
[drive_v3] done r3am10:commit:fashionmnist:na:ts0: rc=0 in 2.0s
[drive_v3] run r3am10:commit:image:imagenette:na:ts0: python scripts/commit_v3.py --dataset image:imagenette --train-seed 0 --out-path configs/committed_v3_am10_image-imagenette_ts0.json --alpha-margin 0.10 --alpha-grid 0.05  (log results_v3\logs\r3am10_commit_image-imagenette_na_ts0.log)
    [commit_v3] image:imagenette ts0: alpha=0.15 (floor 0.0299); n_cal_expected=1206; n_min(tier1)=275; policies=['greedy_entropy', 'random']; test_seeds=[778, 779, 780, 781, 782] x 20 draws
    [commit_v3] wrote configs\committed_v3_am10_image-imagenette_ts0.json
[drive_v3] done r3am10:commit:image:imagenette:na:ts0: rc=0 in 1.6s
[drive_v3] commit: ran 8, skipped 0 existing, 0 missing prerequisites
