[drive_v3] run r2hbfix:sweep:csv:physionet:greedy_entropy:ts0: python scripts/run_cascade_sweep.py --dataset csv:physionet --train-seed 0 --policy greedy_entropy --out-dir F:/CAFA_results/metrics_v3_hbfix_single  (log results_v3\logs\r2hbfix_sweep_csv-physionet_greedy_entropy_ts0.log)
    [cascade] csv-physionet ts0 greedy_entropy lr[0.5]=0.500 G=1 | cert=1.00 tiers={'0': 0.0, '1': 1.0, '2': 0.0, '3': 0.0} viol=0.000 | deepest stratum verdict=feasible
    [cascade] csv-physionet ts0 greedy_entropy lr[0.7]=0.700 G=1 | cert=1.00 tiers={'0': 0.0, '1': 1.0, '2': 0.0, '3': 0.0} viol=0.000 | deepest stratum verdict=feasible
    [cascade] csv-physionet ts0 greedy_entropy lr[0.9]=0.900 G=2 | cert=1.00 tiers={'0': 0.0, '1': 0.0, '2': 0.0, '3': 1.0} viol=0.000 | deepest stratum verdict=feasible
    [cascade] csv-physionet ts0 greedy_entropy lr[dep]=0.000 G=1 | cert=1.00 tiers={'0': 0.0, '1': 1.0, '2': 0.0, '3': 0.0} viol=0.000 | deepest stratum verdict=feasible
    [cascade] wrote F:\CAFA_results\metrics_v3_hbfix_single\csv-physionet_ts0_greedy_entropy_softmax.json
[drive_v3] done r2hbfix:sweep:csv:physionet:greedy_entropy:ts0: rc=0 in 61.5s
[drive_v3] run r2hbfix:sweep:csv:physionet:random:ts0: python scripts/run_cascade_sweep.py --dataset csv:physionet --train-seed 0 --policy random --out-dir F:/CAFA_results/metrics_v3_hbfix_single  (log results_v3\logs\r2hbfix_sweep_csv-physionet_random_ts0.log)
    [cascade] csv-physionet ts0 random lr[0.5]=0.500 G=1 | cert=1.00 tiers={'0': 0.0, '1': 1.0, '2': 0.0, '3': 0.0} viol=0.000 | deepest stratum verdict=feasible
    [cascade] csv-physionet ts0 random lr[0.7]=0.700 G=1 | cert=1.00 tiers={'0': 0.0, '1': 1.0, '2': 0.0, '3': 0.0} viol=0.000 | deepest stratum verdict=feasible
    [cascade] csv-physionet ts0 random lr[0.9]=0.900 G=2 | cert=1.00 tiers={'0': 0.0, '1': 0.05, '2': 0.0, '3': 0.95} viol=0.000 | deepest stratum verdict=feasible
    [cascade] csv-physionet ts0 random lr[dep]=0.000 G=1 | cert=1.00 tiers={'0': 0.0, '1': 1.0, '2': 0.0, '3': 0.0} viol=0.000 | deepest stratum verdict=feasible
    [cascade] wrote F:\CAFA_results\metrics_v3_hbfix_single\csv-physionet_ts0_random_softmax.json
[drive_v3] done r2hbfix:sweep:csv:physionet:random:ts0: rc=0 in 63.4s
[drive_v3] run r2hbfix:sweep:cube:greedy_entropy:ts0: python scripts/run_cascade_sweep.py --dataset cube --train-seed 0 --policy greedy_entropy --out-dir F:/CAFA_results/metrics_v3_hbfix_single  (log results_v3\logs\r2hbfix_sweep_cube_greedy_entropy_ts0.log)
    [cascade] cube ts0 greedy_entropy lr[0.5]=0.500 G=2 | cert=1.00 tiers={'0': 0.0, '1': 1.0, '2': 0.0, '3': 0.0} viol=0.000 | deepest stratum verdict=feasible
    [cascade] cube ts0 greedy_entropy lr[0.7]=0.700 G=3 | cert=1.00 tiers={'0': 0.0, '1': 1.0, '2': 0.0, '3': 0.0} viol=0.000 | deepest stratum verdict=feasible
    [cascade] cube ts0 greedy_entropy lr[0.9]=0.900 G=4 | cert=1.00 tiers={'0': 0.0, '1': 0.0, '2': 0.0, '3': 1.0} viol=0.000 | deepest stratum verdict=unresolved
    [cascade] cube ts0 greedy_entropy lr[dep]=0.798 G=3 | cert=1.00 tiers={'0': 0.0, '1': 1.0, '2': 0.0, '3': 0.0} viol=0.000 | deepest stratum verdict=feasible
    [cascade] wrote F:\CAFA_results\metrics_v3_hbfix_single\cube_ts0_greedy_entropy_softmax.json
[drive_v3] done r2hbfix:sweep:cube:greedy_entropy:ts0: rc=0 in 80.1s
[drive_v3] run r2hbfix:sweep:cube:random:ts0: python scripts/run_cascade_sweep.py --dataset cube --train-seed 0 --policy random --out-dir F:/CAFA_results/metrics_v3_hbfix_single  (log results_v3\logs\r2hbfix_sweep_cube_random_ts0.log)
    [cascade] cube ts0 random lr[0.5]=0.500 G=4 | cert=1.00 tiers={'0': 0.0, '1': 1.0, '2': 0.0, '3': 0.0} viol=0.000 | deepest stratum verdict=feasible
    [cascade] cube ts0 random lr[0.7]=0.700 G=4 | cert=1.00 tiers={'0': 0.0, '1': 1.0, '2': 0.0, '3': 0.0} viol=0.000 | deepest stratum verdict=feasible
    [cascade] cube ts0 random lr[0.9]=0.900 G=4 | cert=1.00 tiers={'0': 0.0, '1': 0.0, '2': 0.0, '3': 1.0} viol=0.000 | deepest stratum verdict=feasible
    [cascade] cube ts0 random lr[dep]=0.707 G=4 | cert=1.00 tiers={'0': 0.0, '1': 1.0, '2': 0.0, '3': 0.0} viol=0.000 | deepest stratum verdict=feasible
    [cascade] wrote F:\CAFA_results\metrics_v3_hbfix_single\cube_ts0_random_softmax.json
[drive_v3] done r2hbfix:sweep:cube:random:ts0: rc=0 in 92.7s
[drive_v3] run r2hbfix:sweep:tabular:adult:greedy_entropy:ts0: python scripts/run_cascade_sweep.py --dataset tabular:adult --train-seed 0 --policy greedy_entropy --out-dir F:/CAFA_results/metrics_v3_hbfix_single  (log results_v3\logs\r2hbfix_sweep_tabular-adult_greedy_entropy_ts0.log)
    [cascade] tabular-adult ts0 greedy_entropy lr[0.5]=0.500 G=1 | cert=1.00 tiers={'0': 0.0, '1': 1.0, '2': 0.0, '3': 0.0} viol=0.000 | deepest stratum verdict=feasible
    [cascade] tabular-adult ts0 greedy_entropy lr[0.7]=0.700 G=1 | cert=1.00 tiers={'0': 0.0, '1': 1.0, '2': 0.0, '3': 0.0} viol=0.000 | deepest stratum verdict=feasible
    [cascade] tabular-adult ts0 greedy_entropy lr[0.9]=0.900 G=3 | cert=1.00 tiers={'0': 0.0, '1': 0.0, '2': 0.0, '3': 1.0} viol=0.000 | deepest stratum verdict=type_II
    [cascade] tabular-adult ts0 greedy_entropy lr[dep]=0.758 G=2 | cert=1.00 tiers={'0': 0.0, '1': 1.0, '2': 0.0, '3': 0.0} viol=0.000 | deepest stratum verdict=feasible
    [cascade] wrote F:\CAFA_results\metrics_v3_hbfix_single\tabular-adult_ts0_greedy_entropy_softmax.json
[drive_v3] done r2hbfix:sweep:tabular:adult:greedy_entropy:ts0: rc=0 in 147.1s
[drive_v3] run r2hbfix:sweep:tabular:adult:random:ts0: python scripts/run_cascade_sweep.py --dataset tabular:adult --train-seed 0 --policy random --out-dir F:/CAFA_results/metrics_v3_hbfix_single  (log results_v3\logs\r2hbfix_sweep_tabular-adult_random_ts0.log)
    [cascade] tabular-adult ts0 random lr[0.5]=0.500 G=1 | cert=1.00 tiers={'0': 0.0, '1': 1.0, '2': 0.0, '3': 0.0} viol=0.000 | deepest stratum verdict=feasible
    [cascade] tabular-adult ts0 random lr[0.7]=0.700 G=1 | cert=1.00 tiers={'0': 0.0, '1': 1.0, '2': 0.0, '3': 0.0} viol=0.000 | deepest stratum verdict=feasible
    [cascade] tabular-adult ts0 random lr[0.9]=0.900 G=3 | cert=1.00 tiers={'0': 0.0, '1': 0.0, '2': 0.0, '3': 1.0} viol=0.010 | deepest stratum verdict=type_II
    [cascade] tabular-adult ts0 random lr[dep]=0.758 G=3 | cert=1.00 tiers={'0': 0.0, '1': 0.0, '2': 0.0, '3': 1.0} viol=0.000 | deepest stratum verdict=unresolved
    [cascade] wrote F:\CAFA_results\metrics_v3_hbfix_single\tabular-adult_ts0_random_softmax.json
[drive_v3] done r2hbfix:sweep:tabular:adult:random:ts0: rc=0 in 178.3s
[drive_v3] sweep: ran 6, skipped 0 existing, 0 missing prerequisites
