[lane J4] start 2026-10-03 14:49:54
[lane J4] 14:49:54 main ts1 mnist
[drive_v3] run r3J:sweep:mnist:greedy_entropy:ts1: python scripts/run_cascade_sweep.py --dataset mnist --train-seed 1 --policy greedy_entropy  (log results_v3\logs\r3J_sweep_mnist_greedy_entropy_ts1.log)
    [cascade] mnist ts1 greedy_entropy lr[0.5]=0.500 G=3 | cert=1.00 tiers={'0': 0.0, '1': 1.0, '2': 0.0, '3': 0.0} viol=0.030 (by split 0.00-0.15) certviol=0.000 | deepest stratum verdict=feasible (agree 5/5)
    [cascade] mnist ts1 greedy_entropy lr[0.7]=0.700 G=4 | cert=1.00 tiers={'0': 0.0, '1': 1.0, '2': 0.0, '3': 0.0} viol=0.000 (by split 0.00-0.00) certviol=0.000 | deepest stratum verdict=feasible (agree 5/5)
    [cascade] mnist ts1 greedy_entropy lr[0.9]=0.900 G=5 | cert=1.00 tiers={'0': 0.0, '1': 1.0, '2': 0.0, '3': 0.0} viol=0.000 (by split 0.00-0.00) certviol=0.000 | deepest stratum verdict=feasible (agree 5/5)
    [cascade] mnist ts1 greedy_entropy lr[dep]=0.788 G=4 | cert=1.00 tiers={'0': 0.0, '1': 1.0, '2': 0.0, '3': 0.0} viol=0.000 (by split 0.00-0.00) certviol=0.000 | deepest stratum verdict=feasible (agree 5/5)
    [cascade] wrote F:\CAFA_results\metrics_v3\mnist_ts1_greedy_entropy_softmax.json
[drive_v3] done r3J:sweep:mnist:greedy_entropy:ts1: rc=0 in 149.1s
[drive_v3] run r3J:sweep:mnist:random:ts1: python scripts/run_cascade_sweep.py --dataset mnist --train-seed 1 --policy random  (log results_v3\logs\r3J_sweep_mnist_random_ts1.log)
    [cascade] mnist ts1 random lr[0.5]=0.500 G=5 | cert=1.00 tiers={'0': 0.0, '1': 1.0, '2': 0.0, '3': 0.0} viol=0.000 (by split 0.00-0.00) certviol=0.000 | deepest stratum verdict=feasible (agree 5/5)
    [cascade] mnist ts1 random lr[0.7]=0.700 G=5 | cert=1.00 tiers={'0': 0.0, '1': 1.0, '2': 0.0, '3': 0.0} viol=0.000 (by split 0.00-0.00) certviol=0.000 | deepest stratum verdict=feasible (agree 5/5)
    [cascade] mnist ts1 random lr[0.9]=0.900 G=5 | cert=1.00 tiers={'0': 0.0, '1': 1.0, '2': 0.0, '3': 0.0} viol=0.020 (by split 0.00-0.10) certviol=0.000 | deepest stratum verdict=feasible (agree 5/5)
    [cascade] mnist ts1 random lr[dep]=0.798 G=5 | cert=1.00 tiers={'0': 0.0, '1': 1.0, '2': 0.0, '3': 0.0} viol=0.000 (by split 0.00-0.00) certviol=0.000 | deepest stratum verdict=feasible (agree 5/5)
    [cascade] wrote F:\CAFA_results\metrics_v3\mnist_ts1_random_softmax.json
[drive_v3] done r3J:sweep:mnist:random:ts1: rc=0 in 155.4s
[drive_v3] sweep: ran 2, skipped 0 existing, 0 missing prerequisites
[lane J4] 14:55:00 main ts2 mnist
[drive_v3] run r3J:sweep:mnist:greedy_entropy:ts2: python scripts/run_cascade_sweep.py --dataset mnist --train-seed 2 --policy greedy_entropy  (log results_v3\logs\r3J_sweep_mnist_greedy_entropy_ts2.log)
    [cascade] mnist ts2 greedy_entropy lr[0.5]=0.500 G=3 | cert=1.00 tiers={'0': 0.0, '1': 1.0, '2': 0.0, '3': 0.0} viol=0.000 (by split 0.00-0.00) certviol=0.000 | deepest stratum verdict=feasible (agree 5/5)
    [cascade] mnist ts2 greedy_entropy lr[0.7]=0.700 G=4 | cert=1.00 tiers={'0': 0.0, '1': 1.0, '2': 0.0, '3': 0.0} viol=0.010 (by split 0.00-0.05) certviol=0.000 | deepest stratum verdict=feasible (agree 5/5)
    [cascade] mnist ts2 greedy_entropy lr[0.9]=0.900 G=5 | cert=1.00 tiers={'0': 0.0, '1': 1.0, '2': 0.0, '3': 0.0} viol=0.150 (by split 0.00-0.75) certviol=0.000 | deepest stratum verdict=feasible (agree 5/5)
    [cascade] mnist ts2 greedy_entropy lr[dep]=0.818 G=5 | cert=1.00 tiers={'0': 0.0, '1': 1.0, '2': 0.0, '3': 0.0} viol=0.000 (by split 0.00-0.00) certviol=0.000 | deepest stratum verdict=feasible (agree 5/5)
    [cascade] wrote F:\CAFA_results\metrics_v3\mnist_ts2_greedy_entropy_softmax.json
[drive_v3] done r3J:sweep:mnist:greedy_entropy:ts2: rc=0 in 152.3s
[drive_v3] run r3J:sweep:mnist:random:ts2: python scripts/run_cascade_sweep.py --dataset mnist --train-seed 2 --policy random  (log results_v3\logs\r3J_sweep_mnist_random_ts2.log)
    [cascade] mnist ts2 random lr[0.5]=0.500 G=5 | cert=1.00 tiers={'0': 0.0, '1': 1.0, '2': 0.0, '3': 0.0} viol=0.000 (by split 0.00-0.00) certviol=0.000 | deepest stratum verdict=feasible (agree 5/5)
    [cascade] mnist ts2 random lr[0.7]=0.700 G=5 | cert=1.00 tiers={'0': 0.0, '1': 1.0, '2': 0.0, '3': 0.0} viol=0.000 (by split 0.00-0.00) certviol=0.000 | deepest stratum verdict=feasible (agree 5/5)
    [cascade] mnist ts2 random lr[0.9]=0.900 G=5 | cert=1.00 tiers={'0': 0.0, '1': 1.0, '2': 0.0, '3': 0.0} viol=0.000 (by split 0.00-0.00) certviol=0.000 | deepest stratum verdict=feasible (agree 5/5)
    [cascade] mnist ts2 random lr[dep]=0.818 G=5 | cert=1.00 tiers={'0': 0.0, '1': 1.0, '2': 0.0, '3': 0.0} viol=0.000 (by split 0.00-0.00) certviol=0.000 | deepest stratum verdict=feasible (agree 5/5)
    [cascade] wrote F:\CAFA_results\metrics_v3\mnist_ts2_random_softmax.json
[drive_v3] done r3J:sweep:mnist:random:ts2: rc=0 in 156.4s
[drive_v3] sweep: ran 2, skipped 0 existing, 0 missing prerequisites
[lane J4] 15:00:11 main ts1 tabular:adult
[drive_v3] run r3J:sweep:tabular:adult:greedy_entropy:ts1: python scripts/run_cascade_sweep.py --dataset tabular:adult --train-seed 1 --policy greedy_entropy  (log results_v3\logs\r3J_sweep_tabular-adult_greedy_entropy_ts1.log)
    [cascade] tabular-adult ts1 greedy_entropy lr[0.5]=0.500 G=1 | cert=1.00 tiers={'0': 0.0, '1': 1.0, '2': 0.0, '3': 0.0} viol=0.000 (by split 0.00-0.00) certviol=0.000 | deepest stratum verdict=feasible (agree 5/5)
    [cascade] tabular-adult ts1 greedy_entropy lr[0.7]=0.700 G=1 | cert=1.00 tiers={'0': 0.0, '1': 1.0, '2': 0.0, '3': 0.0} viol=0.000 (by split 0.00-0.00) certviol=0.000 | deepest stratum verdict=feasible (agree 5/5)
    [cascade] tabular-adult ts1 greedy_entropy lr[0.9]=0.900 G=2 | cert=1.00 tiers={'0': 0.0, '1': 0.0, '2': 0.0, '3': 1.0} viol=0.000 (by split 0.00-0.00) certviol=0.000 | deepest stratum verdict=type_II (agree 5/5)
    [cascade] tabular-adult ts1 greedy_entropy lr[dep]=0.747 G=3 | cert=1.00 tiers={'0': 0.0, '1': 0.0, '2': 0.0, '3': 1.0} viol=0.000 (by split 0.00-0.00) certviol=0.000 | deepest stratum verdict=type_II (agree 5/5)
    [cascade] wrote F:\CAFA_results\metrics_v3\tabular-adult_ts1_greedy_entropy_softmax.json
[drive_v3] done r3J:sweep:tabular:adult:greedy_entropy:ts1: rc=0 in 100.2s
[drive_v3] run r3J:sweep:tabular:adult:random:ts1: python scripts/run_cascade_sweep.py --dataset tabular:adult --train-seed 1 --policy random  (log results_v3\logs\r3J_sweep_tabular-adult_random_ts1.log)
    [cascade] tabular-adult ts1 random lr[0.5]=0.500 G=1 | cert=1.00 tiers={'0': 0.0, '1': 1.0, '2': 0.0, '3': 0.0} viol=0.000 (by split 0.00-0.00) certviol=0.000 | deepest stratum verdict=feasible (agree 5/5)
    [cascade] tabular-adult ts1 random lr[0.7]=0.700 G=1 | cert=1.00 tiers={'0': 0.0, '1': 1.0, '2': 0.0, '3': 0.0} viol=0.000 (by split 0.00-0.00) certviol=0.000 | deepest stratum verdict=feasible (agree 5/5)
    [cascade] tabular-adult ts1 random lr[0.9]=0.900 G=4 | cert=0.92 tiers={'0': 0.08, '1': 0.0, '2': 0.0, '3': 0.92} viol=0.000 (by split 0.00-0.00) certviol=0.000 | deepest stratum verdict=type_II (agree 5/5)
    [cascade] tabular-adult ts1 random lr[dep]=0.747 G=2 | cert=1.00 tiers={'0': 0.0, '1': 0.29, '2': 0.0, '3': 0.71} viol=0.010 (by split 0.00-0.05) certviol=0.000 | deepest stratum verdict=feasible (agree 5/5)
    [cascade] wrote F:\CAFA_results\metrics_v3\tabular-adult_ts1_random_softmax.json
[drive_v3] done r3J:sweep:tabular:adult:random:ts1: rc=0 in 104.9s
[drive_v3] sweep: ran 2, skipped 0 existing, 0 missing prerequisites
[lane J4] 15:03:38 main ts2 tabular:adult
[drive_v3] run r3J:sweep:tabular:adult:greedy_entropy:ts2: python scripts/run_cascade_sweep.py --dataset tabular:adult --train-seed 2 --policy greedy_entropy  (log results_v3\logs\r3J_sweep_tabular-adult_greedy_entropy_ts2.log)
    [cascade] tabular-adult ts2 greedy_entropy lr[0.5]=0.500 G=1 | cert=1.00 tiers={'0': 0.0, '1': 1.0, '2': 0.0, '3': 0.0} viol=0.000 (by split 0.00-0.00) certviol=0.000 | deepest stratum verdict=feasible (agree 5/5)
    [cascade] tabular-adult ts2 greedy_entropy lr[0.7]=0.700 G=1 | cert=1.00 tiers={'0': 0.0, '1': 1.0, '2': 0.0, '3': 0.0} viol=0.000 (by split 0.00-0.00) certviol=0.000 | deepest stratum verdict=feasible (agree 5/5)
    [cascade] tabular-adult ts2 greedy_entropy lr[0.9]=0.900 G=4 | cert=0.23 tiers={'0': 0.77, '1': 0.0, '2': 0.0, '3': 0.23} viol=0.000 (by split 0.00-0.00) certviol=0.000 | deepest stratum verdict=type_II (agree 5/5)
    [cascade] tabular-adult ts2 greedy_entropy lr[dep]=0.737 G=2 | cert=1.00 tiers={'0': 0.0, '1': 0.02, '2': 0.0, '3': 0.98} viol=0.020 (by split 0.00-0.10) certviol=0.020 | deepest stratum verdict=unresolved (agree 2/5)
    [cascade] wrote F:\CAFA_results\metrics_v3\tabular-adult_ts2_greedy_entropy_softmax.json
[drive_v3] done r3J:sweep:tabular:adult:greedy_entropy:ts2: rc=0 in 105.2s
[drive_v3] run r3J:sweep:tabular:adult:random:ts2: python scripts/run_cascade_sweep.py --dataset tabular:adult --train-seed 2 --policy random  (log results_v3\logs\r3J_sweep_tabular-adult_random_ts2.log)
    [cascade] tabular-adult ts2 random lr[0.5]=0.500 G=1 | cert=1.00 tiers={'0': 0.0, '1': 1.0, '2': 0.0, '3': 0.0} viol=0.000 (by split 0.00-0.00) certviol=0.000 | deepest stratum verdict=feasible (agree 5/5)
    [cascade] tabular-adult ts2 random lr[0.7]=0.700 G=1 | cert=1.00 tiers={'0': 0.0, '1': 1.0, '2': 0.0, '3': 0.0} viol=0.000 (by split 0.00-0.00) certviol=0.000 | deepest stratum verdict=feasible (agree 5/5)
    [cascade] tabular-adult ts2 random lr[0.9]=0.900 G=4 | cert=0.70 tiers={'0': 0.3, '1': 0.0, '2': 0.0, '3': 0.7} viol=0.020 (by split 0.00-0.05) certviol=0.000 | deepest stratum verdict=type_II (agree 5/5)
    [cascade] tabular-adult ts2 random lr[dep]=0.737 G=3 | cert=1.00 tiers={'0': 0.0, '1': 0.0, '2': 0.0, '3': 1.0} viol=0.000 (by split 0.00-0.00) certviol=0.000 | deepest stratum verdict=type_II (agree 5/5)
    [cascade] wrote F:\CAFA_results\metrics_v3\tabular-adult_ts2_random_softmax.json
[drive_v3] done r3J:sweep:tabular:adult:random:ts2: rc=0 in 107.5s
[drive_v3] sweep: ran 2, skipped 0 existing, 0 missing prerequisites
[lane J4] 15:07:13 main ts1 cube
[drive_v3] run r3J:sweep:cube:greedy_entropy:ts1: python scripts/run_cascade_sweep.py --dataset cube --train-seed 1 --policy greedy_entropy  (log results_v3\logs\r3J_sweep_cube_greedy_entropy_ts1.log)
    [cascade] cube ts1 greedy_entropy lr[0.5]=0.500 G=2 | cert=1.00 tiers={'0': 0.0, '1': 1.0, '2': 0.0, '3': 0.0} viol=0.020 (by split 0.00-0.10) certviol=0.000 | deepest stratum verdict=feasible (agree 5/5)
    [cascade] cube ts1 greedy_entropy lr[0.7]=0.700 G=4 | cert=1.00 tiers={'0': 0.0, '1': 0.5, '2': 0.0, '3': 0.5} viol=0.010 (by split 0.00-0.05) certviol=0.000 | deepest stratum verdict=feasible (agree 5/5)
    [cascade] cube ts1 greedy_entropy lr[0.9]=0.900 G=4 | cert=1.00 tiers={'0': 0.0, '1': 0.0, '2': 0.0, '3': 1.0} viol=0.000 (by split 0.00-0.00) certviol=0.000 | deepest stratum verdict=feasible (agree 3/5)
    [cascade] cube ts1 greedy_entropy lr[dep]=0.838 G=4 | cert=1.00 tiers={'0': 0.0, '1': 0.6, '2': 0.0, '3': 0.4} viol=0.000 (by split 0.00-0.00) certviol=0.000 | deepest stratum verdict=feasible (agree 5/5)
    [cascade] wrote F:\CAFA_results\metrics_v3\cube_ts1_greedy_entropy_softmax.json
[drive_v3] done r3J:sweep:cube:greedy_entropy:ts1: rc=0 in 74.2s
[drive_v3] run r3J:sweep:cube:random:ts1: python scripts/run_cascade_sweep.py --dataset cube --train-seed 1 --policy random  (log results_v3\logs\r3J_sweep_cube_random_ts1.log)
    [cascade] cube ts1 random lr[0.5]=0.500 G=4 | cert=1.00 tiers={'0': 0.0, '1': 1.0, '2': 0.0, '3': 0.0} viol=0.000 (by split 0.00-0.00) certviol=0.000 | deepest stratum verdict=feasible (agree 5/5)
    [cascade] cube ts1 random lr[0.7]=0.700 G=4 | cert=1.00 tiers={'0': 0.0, '1': 0.99, '2': 0.0, '3': 0.01} viol=0.000 (by split 0.00-0.00) certviol=0.000 | deepest stratum verdict=feasible (agree 5/5)
    [cascade] cube ts1 random lr[0.9]=0.900 G=4 | cert=1.00 tiers={'0': 0.0, '1': 0.03, '2': 0.0, '3': 0.97} viol=0.000 (by split 0.00-0.00) certviol=0.000 | deepest stratum verdict=feasible (agree 5/5)
    [cascade] cube ts1 random lr[dep]=0.768 G=4 | cert=1.00 tiers={'0': 0.0, '1': 0.69, '2': 0.0, '3': 0.31} viol=0.000 (by split 0.00-0.00) certviol=0.000 | deepest stratum verdict=feasible (agree 5/5)
    [cascade] wrote F:\CAFA_results\metrics_v3\cube_ts1_random_softmax.json
[drive_v3] done r3J:sweep:cube:random:ts1: rc=0 in 81.0s
[drive_v3] sweep: ran 2, skipped 0 existing, 0 missing prerequisites
[lane J4] 15:09:51 main ts2 cube
[drive_v3] run r3J:sweep:cube:greedy_entropy:ts2: python scripts/run_cascade_sweep.py --dataset cube --train-seed 2 --policy greedy_entropy  (log results_v3\logs\r3J_sweep_cube_greedy_entropy_ts2.log)
    [cascade] cube ts2 greedy_entropy lr[0.5]=0.500 G=2 | cert=1.00 tiers={'0': 0.0, '1': 1.0, '2': 0.0, '3': 0.0} viol=0.000 (by split 0.00-0.00) certviol=0.000 | deepest stratum verdict=feasible (agree 5/5)
    [cascade] cube ts2 greedy_entropy lr[0.7]=0.700 G=3 | cert=1.00 tiers={'0': 0.0, '1': 1.0, '2': 0.0, '3': 0.0} viol=0.000 (by split 0.00-0.00) certviol=0.000 | deepest stratum verdict=feasible (agree 5/5)
    [cascade] cube ts2 greedy_entropy lr[0.9]=0.900 G=3 | cert=1.00 tiers={'0': 0.0, '1': 0.0, '2': 0.0, '3': 1.0} viol=0.000 (by split 0.00-0.00) certviol=0.000 | deepest stratum verdict=unresolved (agree 3/5)
    [cascade] cube ts2 greedy_entropy lr[dep]=0.788 G=3 | cert=1.00 tiers={'0': 0.0, '1': 0.97, '2': 0.0, '3': 0.03} viol=0.000 (by split 0.00-0.00) certviol=0.000 | deepest stratum verdict=feasible (agree 5/5)
    [cascade] wrote F:\CAFA_results\metrics_v3\cube_ts2_greedy_entropy_softmax.json
[drive_v3] done r3J:sweep:cube:greedy_entropy:ts2: rc=0 in 68.8s
[drive_v3] run r3J:sweep:cube:random:ts2: python scripts/run_cascade_sweep.py --dataset cube --train-seed 2 --policy random  (log results_v3\logs\r3J_sweep_cube_random_ts2.log)
    [cascade] cube ts2 random lr[0.5]=0.500 G=4 | cert=1.00 tiers={'0': 0.0, '1': 1.0, '2': 0.0, '3': 0.0} viol=0.000 (by split 0.00-0.00) certviol=0.000 | deepest stratum verdict=feasible (agree 5/5)
    [cascade] cube ts2 random lr[0.7]=0.700 G=3 | cert=1.00 tiers={'0': 0.0, '1': 1.0, '2': 0.0, '3': 0.0} viol=0.000 (by split 0.00-0.00) certviol=0.000 | deepest stratum verdict=feasible (agree 5/5)
    [cascade] cube ts2 random lr[0.9]=0.900 G=5 | cert=1.00 tiers={'0': 0.0, '1': 0.0, '2': 0.0, '3': 1.0} viol=0.000 (by split 0.00-0.00) certviol=0.000 | deepest stratum verdict=unresolved (agree 3/5)
    [cascade] cube ts2 random lr[dep]=0.747 G=5 | cert=1.00 tiers={'0': 0.0, '1': 1.0, '2': 0.0, '3': 0.0} viol=0.000 (by split 0.00-0.00) certviol=0.000 | deepest stratum verdict=feasible (agree 5/5)
    [cascade] wrote F:\CAFA_results\metrics_v3\cube_ts2_random_softmax.json
[drive_v3] done r3J:sweep:cube:random:ts2: rc=0 in 79.2s
[drive_v3] sweep: ran 2, skipped 0 existing, 0 missing prerequisites
[lane J4] 15:12:21 repair ts1 mnist
[repairs] done r3J:repair:mnist:predictor_upgrade:ts1: rc=0 in 147.9s
[repairs] done r3J:repair:mnist:policy_change:ts1: rc=0 in 161.5s
[repairs] ran 2, skipped 0
[lane J4] 15:17:33 repair ts2 mnist
[repairs] done r3J:repair:mnist:predictor_upgrade:ts2: rc=0 in 150.7s
[repairs] done r3J:repair:mnist:policy_change:ts2: rc=0 in 166.2s
[repairs] ran 2, skipped 0
[lane J4] 15:22:52 repair ts1 tabular:adult
[repairs] done r3J:repair:tabular:adult:predictor_upgrade:ts1: rc=0 in 63.0s
[repairs] done r3J:repair:tabular:adult:policy_change:ts1: rc=0 in 57.3s
[repairs] ran 2, skipped 0
[lane J4] 15:24:56 repair ts2 tabular:adult
[repairs] done r3J:repair:tabular:adult:predictor_upgrade:ts2: rc=0 in 55.0s
[repairs] done r3J:repair:tabular:adult:policy_change:ts2: rc=0 in 57.8s
[repairs] ran 2, skipped 0
[lane J4] 15:26:51 repair ts1 csv:diabetes
[repairs] done r3J:repair:csv:diabetes:policy_change:ts1: rc=0 in 173.4s
[repairs] ran 1, skipped 0
[lane J4] 15:29:46 repair ts2 csv:diabetes
[repairs] done r3J:repair:csv:diabetes:policy_change:ts2: rc=0 in 181.4s
[repairs] ran 1, skipped 0
[lane J4] 15:32:50 repair ts1 fashionmnist
[repairs] done r3J:repair:fashionmnist:policy_change:ts1: rc=0 in 157.3s
[repairs] ran 1, skipped 0
[lane J4] 15:35:32 repair ts2 fashionmnist
[repairs] done r3J:repair:fashionmnist:policy_change:ts2: rc=0 in 172.8s
[repairs] ran 1, skipped 0
[lane J4] 15:38:27 repair ts1 cube
[repairs] done r3J:repair:cube:policy_change:ts1: rc=0 in 48.8s
[repairs] ran 1, skipped 0
[lane J4] 15:39:18 repair ts2 cube
[repairs] done r3J:repair:cube:policy_change:ts2: rc=0 in 48.7s
[repairs] ran 1, skipped 0
[lane J4] 15:40:09 repair ts1 csv:physionet
[repairs] done r3J:repair:csv:physionet:policy_change:ts1: rc=0 in 29.7s
[repairs] ran 1, skipped 0
[lane J4] 15:40:40 repair ts2 csv:physionet
[repairs] done r3J:repair:csv:physionet:policy_change:ts2: rc=0 in 29.7s
[repairs] ran 1, skipped 0
[lane J4] end 2026-10-03 15:41:12
