[drive_v3] run r2am02:sweep:cube:greedy_entropy:ts0: python scripts/run_cascade_sweep.py --dataset cube --train-seed 0 --policy greedy_entropy --out-dir F:/CAFA_results/metrics_v3_alpha_margin02 --committed configs/committed_v3_am02_cube_ts0.json  (log results_v3\logs\r2am02_sweep_cube_greedy_entropy_ts0.log)
    [cascade] cube ts0 greedy_entropy lr[0.5]=0.500 G=3 | cert=0.99 tiers={'0': 0.01, '1': 0.6, '2': 0.0, '3': 0.39} viol=0.000 (by split 0.00-0.00) certviol=0.000 | deepest stratum verdict=feasible (agree 5/5)
    [cascade] cube ts0 greedy_entropy lr[0.7]=0.700 G=3 | cert=1.00 tiers={'0': 0.0, '1': 0.57, '2': 0.0, '3': 0.43} viol=0.000 (by split 0.00-0.00) certviol=0.000 | deepest stratum verdict=feasible (agree 5/5)
    [cascade] cube ts0 greedy_entropy lr[0.9]=0.900 G=4 | cert=0.76 tiers={'0': 0.24, '1': 0.0, '2': 0.0, '3': 0.76} viol=0.000 (by split 0.00-0.00) certviol=0.000 | deepest stratum verdict=type_II (agree 5/5)
    [cascade] cube ts0 greedy_entropy lr[dep]=0.929 G=5 | cert=1.00 tiers={'0': 0.0, '1': 0.0, '2': 0.0, '3': 1.0} viol=0.000 (by split 0.00-0.00) certviol=0.000 | deepest stratum verdict=type_II (agree 5/5)
    [cascade] wrote F:\CAFA_results\metrics_v3_alpha_margin02\cube_ts0_greedy_entropy_softmax.json
[drive_v3] done r2am02:sweep:cube:greedy_entropy:ts0: rc=0 in 159.2s
[drive_v3] run r2am02:sweep:cube:random:ts0: python scripts/run_cascade_sweep.py --dataset cube --train-seed 0 --policy random --out-dir F:/CAFA_results/metrics_v3_alpha_margin02 --committed configs/committed_v3_am02_cube_ts0.json  (log results_v3\logs\r2am02_sweep_cube_random_ts0.log)
    [cascade] cube ts0 random lr[0.5]=0.500 G=5 | cert=1.00 tiers={'0': 0.0, '1': 0.07, '2': 0.0, '3': 0.93} viol=0.000 (by split 0.00-0.00) certviol=0.000 | deepest stratum verdict=feasible (agree 5/5)
    [cascade] cube ts0 random lr[0.7]=0.700 G=5 | cert=1.00 tiers={'0': 0.0, '1': 0.0, '2': 0.0, '3': 1.0} viol=0.000 (by split 0.00-0.00) certviol=0.000 | deepest stratum verdict=feasible (agree 4/5)
    [cascade] cube ts0 random lr[0.9]=0.900 G=5 | cert=0.99 tiers={'0': 0.01, '1': 0.0, '2': 0.0, '3': 0.99} viol=0.000 (by split 0.00-0.00) certviol=0.000 | deepest stratum verdict=type_II (agree 5/5)
    [cascade] cube ts0 random lr[dep]=0.899 G=5 | cert=0.99 tiers={'0': 0.01, '1': 0.0, '2': 0.0, '3': 0.99} viol=0.000 (by split 0.00-0.00) certviol=0.000 | deepest stratum verdict=type_II (agree 5/5)
    [cascade] wrote F:\CAFA_results\metrics_v3_alpha_margin02\cube_ts0_random_softmax.json
[drive_v3] done r2am02:sweep:cube:random:ts0: rc=0 in 197.6s
[drive_v3] run r2am02:sweep:fashionmnist:greedy_entropy:ts0: python scripts/run_cascade_sweep.py --dataset fashionmnist --train-seed 0 --policy greedy_entropy --out-dir F:/CAFA_results/metrics_v3_alpha_margin02 --committed configs/committed_v3_am02_fashionmnist_ts0.json  (log results_v3\logs\r2am02_sweep_fashionmnist_greedy_entropy_ts0.log)
    [cascade] fashionmnist ts0 greedy_entropy lr[0.5]=0.500 G=3 | cert=1.00 tiers={'0': 0.0, '1': 0.0, '2': 0.0, '3': 1.0} viol=0.000 (by split 0.00-0.00) certviol=0.000 | deepest stratum verdict=type_II (agree 4/5)
    [cascade] fashionmnist ts0 greedy_entropy lr[0.7]=0.700 G=4 | cert=1.00 tiers={'0': 0.0, '1': 0.0, '2': 0.0, '3': 1.0} viol=0.000 (by split 0.00-0.00) certviol=0.000 | deepest stratum verdict=type_II (agree 5/5)
    [cascade] fashionmnist ts0 greedy_entropy lr[0.9]=0.900 G=5 | cert=1.00 tiers={'0': 0.0, '1': 0.0, '2': 0.0, '3': 1.0} viol=0.000 (by split 0.00-0.00) certviol=0.000 | deepest stratum verdict=type_II (agree 5/5)
    [cascade] fashionmnist ts0 greedy_entropy lr[dep]=0.929 G=5 | cert=1.00 tiers={'0': 0.0, '1': 0.0, '2': 0.0, '3': 1.0} viol=0.000 (by split 0.00-0.00) certviol=0.000 | deepest stratum verdict=type_II (agree 5/5)
    [cascade] wrote F:\CAFA_results\metrics_v3_alpha_margin02\fashionmnist_ts0_greedy_entropy_softmax.json
[drive_v3] done r2am02:sweep:fashionmnist:greedy_entropy:ts0: rc=0 in 307.9s
[drive_v3] run r2am02:sweep:fashionmnist:random:ts0: python scripts/run_cascade_sweep.py --dataset fashionmnist --train-seed 0 --policy random --out-dir F:/CAFA_results/metrics_v3_alpha_margin02 --committed configs/committed_v3_am02_fashionmnist_ts0.json  (log results_v3\logs\r2am02_sweep_fashionmnist_random_ts0.log)
    [cascade] fashionmnist ts0 random lr[0.5]=0.500 G=4 | cert=1.00 tiers={'0': 0.0, '1': 0.0, '2': 0.0, '3': 1.0} viol=0.000 (by split 0.00-0.00) certviol=0.000 | deepest stratum verdict=feasible (agree 2/5)
    [cascade] fashionmnist ts0 random lr[0.7]=0.700 G=5 | cert=1.00 tiers={'0': 0.0, '1': 0.0, '2': 0.0, '3': 1.0} viol=0.000 (by split 0.00-0.00) certviol=0.000 | deepest stratum verdict=type_II (agree 5/5)
    [cascade] fashionmnist ts0 random lr[0.9]=0.900 G=5 | cert=1.00 tiers={'0': 0.0, '1': 0.0, '2': 0.0, '3': 1.0} viol=0.000 (by split 0.00-0.00) certviol=0.000 | deepest stratum verdict=type_II (agree 5/5)
    [cascade] fashionmnist ts0 random lr[dep]=0.919 G=5 | cert=1.00 tiers={'0': 0.0, '1': 0.0, '2': 0.0, '3': 1.0} viol=0.000 (by split 0.00-0.00) certviol=0.000 | deepest stratum verdict=type_II (agree 5/5)
    [cascade] wrote F:\CAFA_results\metrics_v3_alpha_margin02\fashionmnist_ts0_random_softmax.json
[drive_v3] done r2am02:sweep:fashionmnist:random:ts0: rc=0 in 317.9s
[drive_v3] sweep: ran 4, skipped 0 existing, 0 missing prerequisites
