[commit_v3] mnist ts0: alpha=0.15 (floor 0.0971); n_cal_expected=6300; n_min(tier1)=275; policies=['eps_greedy_eps0.25', 'eps_greedy_eps0.5', 'greedy_entropy', 'random']
        eps_greedy_eps0.25 lambda_ref[0.5]=0.5000  G=5  tier3 starts at answered~0.36
        eps_greedy_eps0.25 lambda_ref[0.7]=0.7000  G=5  tier3 starts at answered~0.57
        eps_greedy_eps0.25 lambda_ref[0.9]=0.9000  G=5  tier3 starts at answered~0.38
        eps_greedy_eps0.25 lambda_ref[dep]=0.8384  G=5  tier3 starts at answered~0.34
         eps_greedy_eps0.5 lambda_ref[0.5]=0.5000  G=5  tier3 starts at answered~0.67
         eps_greedy_eps0.5 lambda_ref[0.7]=0.7000  G=5  tier3 starts at answered~0.50
         eps_greedy_eps0.5 lambda_ref[0.9]=0.9000  G=5  tier3 starts at answered~0.34
         eps_greedy_eps0.5 lambda_ref[dep]=0.8081  G=5  tier3 starts at answered~0.36
            greedy_entropy lambda_ref[0.5]=0.5000  G=5  tier3 starts at answered~0.43
            greedy_entropy lambda_ref[0.7]=0.7000  G=5  tier3 starts at answered~0.48
            greedy_entropy lambda_ref[0.9]=0.9000  G=5  tier3 starts at answered~0.29
            greedy_entropy lambda_ref[dep]=0.8687  G=5  tier3 starts at answered~0.31
                    random lambda_ref[0.5]=0.5000  G=5  tier3 starts at answered~0.43
                    random lambda_ref[0.7]=0.7000  G=5  tier3 starts at answered~0.48
                    random lambda_ref[0.9]=0.9000  G=5  tier3 starts at answered~0.45
                    random lambda_ref[dep]=0.7475  G=5  tier3 starts at answered~0.48
[commit_v3] wrote configs\committed_v3before_mnist_ts0.json
[repair:predictor_upgrade] lr[0.5]=0.500 deepest k=4: feasible (rmin 0.144, full 0.145) -> feasible (rmin 0.008, full 0.008); tier1 0.00 -> 1.00; viol 0.00 -> 0.00
[repair:predictor_upgrade] lr[0.7]=0.700 deepest k=4: type_II (rmin 0.195, full 0.196) -> feasible (rmin 0.010, full 0.010); tier1 0.00 -> 1.00; viol 0.00 -> 0.00
[repair:predictor_upgrade] lr[0.9]=0.900 deepest k=4: type_II (rmin 0.255, full 0.255) -> feasible (rmin 0.011, full 0.011); tier1 0.00 -> 1.00; viol 0.00 -> 0.00
[repair:predictor_upgrade] lr[dep]=0.869 deepest k=4: type_II (rmin 0.295, full 0.296) -> feasible (rmin 0.011, full 0.012); tier1 0.00 -> 1.00; viol 0.00 -> 0.00
wrote results_v3\repair\mnist_ts0_predictor_upgrade.json
REPAIR BATCH DONE
