[drive_v3] run r2hbfix:sweep:mnist:greedy_entropy:ts0: python scripts/run_cascade_sweep.py --dataset mnist --train-seed 0 --policy greedy_entropy --out-dir F:/CAFA_results/metrics_v3_hbfix_single  (log results_v3\logs\r2hbfix_sweep_mnist_greedy_entropy_ts0.log)
    [cascade] mnist ts0 greedy_entropy lr[0.5]=0.500 G=3 | cert=1.00 tiers={'0': 0.0, '1': 1.0, '2': 0.0, '3': 0.0} viol=0.000 | deepest stratum verdict=feasible
    [cascade] mnist ts0 greedy_entropy lr[0.7]=0.700 G=4 | cert=1.00 tiers={'0': 0.0, '1': 1.0, '2': 0.0, '3': 0.0} viol=0.000 | deepest stratum verdict=feasible
    [cascade] mnist ts0 greedy_entropy lr[0.9]=0.900 G=4 | cert=1.00 tiers={'0': 0.0, '1': 1.0, '2': 0.0, '3': 0.0} viol=0.000 | deepest stratum verdict=feasible
    [cascade] mnist ts0 greedy_entropy lr[dep]=0.788 G=3 | cert=1.00 tiers={'0': 0.0, '1': 1.0, '2': 0.0, '3': 0.0} viol=0.000 | deepest stratum verdict=feasible
    [cascade] wrote F:\CAFA_results\metrics_v3_hbfix_single\mnist_ts0_greedy_entropy_softmax.json
[drive_v3] done r2hbfix:sweep:mnist:greedy_entropy:ts0: rc=0 in 193.6s
[drive_v3] run r2hbfix:sweep:mnist:random:ts0: python scripts/run_cascade_sweep.py --dataset mnist --train-seed 0 --policy random --out-dir F:/CAFA_results/metrics_v3_hbfix_single  (log results_v3\logs\r2hbfix_sweep_mnist_random_ts0.log)
    [cascade] mnist ts0 random lr[0.5]=0.500 G=5 | cert=1.00 tiers={'0': 0.0, '1': 1.0, '2': 0.0, '3': 0.0} viol=0.000 | deepest stratum verdict=feasible
    [cascade] mnist ts0 random lr[0.7]=0.700 G=5 | cert=1.00 tiers={'0': 0.0, '1': 1.0, '2': 0.0, '3': 0.0} viol=0.000 | deepest stratum verdict=feasible
    [cascade] mnist ts0 random lr[0.9]=0.900 G=5 | cert=1.00 tiers={'0': 0.0, '1': 1.0, '2': 0.0, '3': 0.0} viol=0.000 | deepest stratum verdict=feasible
    [cascade] mnist ts0 random lr[dep]=0.788 G=5 | cert=1.00 tiers={'0': 0.0, '1': 1.0, '2': 0.0, '3': 0.0} viol=0.000 | deepest stratum verdict=feasible
    [cascade] wrote F:\CAFA_results\metrics_v3_hbfix_single\mnist_ts0_random_softmax.json
[drive_v3] done r2hbfix:sweep:mnist:random:ts0: rc=0 in 218.0s
[drive_v3] run r2hbfix:sweep:fashionmnist:greedy_entropy:ts0: python scripts/run_cascade_sweep.py --dataset fashionmnist --train-seed 0 --policy greedy_entropy --out-dir F:/CAFA_results/metrics_v3_hbfix_single  (log results_v3\logs\r2hbfix_sweep_fashionmnist_greedy_entropy_ts0.log)
    [cascade] fashionmnist ts0 greedy_entropy lr[0.5]=0.500 G=3 | cert=1.00 tiers={'0': 0.0, '1': 1.0, '2': 0.0, '3': 0.0} viol=0.000 | deepest stratum verdict=feasible
    [cascade] fashionmnist ts0 greedy_entropy lr[0.7]=0.700 G=4 | cert=1.00 tiers={'0': 0.0, '1': 0.97, '2': 0.0, '3': 0.03} viol=0.000 | deepest stratum verdict=feasible
    [cascade] fashionmnist ts0 greedy_entropy lr[0.9]=0.900 G=5 | cert=1.00 tiers={'0': 0.0, '1': 0.0, '2': 0.0, '3': 1.0} viol=0.000 | deepest stratum verdict=thr_failure_depth_unresolved
    [cascade] fashionmnist ts0 greedy_entropy lr[dep]=0.778 G=5 | cert=1.00 tiers={'0': 0.0, '1': 0.35, '2': 0.0, '3': 0.65} viol=0.350 | deepest stratum verdict=feasible
    [cascade] wrote F:\CAFA_results\metrics_v3_hbfix_single\fashionmnist_ts0_greedy_entropy_softmax.json
[drive_v3] done r2hbfix:sweep:fashionmnist:greedy_entropy:ts0: rc=0 in 263.8s
[drive_v3] run r2hbfix:sweep:fashionmnist:random:ts0: python scripts/run_cascade_sweep.py --dataset fashionmnist --train-seed 0 --policy random --out-dir F:/CAFA_results/metrics_v3_hbfix_single  (log results_v3\logs\r2hbfix_sweep_fashionmnist_random_ts0.log)
    [cascade] fashionmnist ts0 random lr[0.5]=0.500 G=4 | cert=1.00 tiers={'0': 0.0, '1': 1.0, '2': 0.0, '3': 0.0} viol=0.220 | deepest stratum verdict=feasible
    [cascade] fashionmnist ts0 random lr[0.7]=0.700 G=5 | cert=1.00 tiers={'0': 0.0, '1': 1.0, '2': 0.0, '3': 0.0} viol=0.340 | deepest stratum verdict=feasible
    [cascade] fashionmnist ts0 random lr[0.9]=0.900 G=5 | cert=1.00 tiers={'0': 0.0, '1': 0.0, '2': 0.0, '3': 1.0} viol=0.000 | deepest stratum verdict=type_II
    [cascade] fashionmnist ts0 random lr[dep]=0.778 G=5 | cert=1.00 tiers={'0': 0.0, '1': 0.58, '2': 0.0, '3': 0.42} viol=0.580 | deepest stratum verdict=feasible
    [cascade] wrote F:\CAFA_results\metrics_v3_hbfix_single\fashionmnist_ts0_random_softmax.json
[drive_v3] done r2hbfix:sweep:fashionmnist:random:ts0: rc=0 in 269.2s
[drive_v3] sweep: ran 4, skipped 0 existing, 0 missing prerequisites
