[lane lane7] start 2026-10-03 13:52:44
[lane lane7] 13:52:44 am10 csv:physionet
[drive_v3] run r3am10:sweep:csv:physionet:greedy_entropy:ts0: python scripts/run_cascade_sweep.py --dataset csv:physionet --train-seed 0 --policy greedy_entropy --out-dir F:/CAFA_results/metrics_v3_alpha_margin10 --committed configs/committed_v3_am10_csv-physionet_ts0.json  (log results_v3\logs\r3am10_sweep_csv-physionet_greedy_entropy_ts0.log)
    [cascade] csv-physionet ts0 greedy_entropy lr[0.5]=0.500 G=1 | cert=1.00 tiers={'0': 0.0, '1': 1.0, '2': 0.0, '3': 0.0} viol=0.000 (by split 0.00-0.00) certviol=0.000 | deepest stratum verdict=feasible (agree 5/5)
    [cascade] csv-physionet ts0 greedy_entropy lr[0.7]=0.700 G=1 | cert=1.00 tiers={'0': 0.0, '1': 1.0, '2': 0.0, '3': 0.0} viol=0.000 (by split 0.00-0.00) certviol=0.000 | deepest stratum verdict=feasible (agree 5/5)
    [cascade] csv-physionet ts0 greedy_entropy lr[0.9]=0.900 G=2 | cert=1.00 tiers={'0': 0.0, '1': 0.66, '2': 0.0, '3': 0.34} viol=0.000 (by split 0.00-0.00) certviol=0.000 | deepest stratum verdict=feasible (agree 5/5)
    [cascade] csv-physionet ts0 greedy_entropy lr[dep]=0.000 G=1 | cert=1.00 tiers={'0': 0.0, '1': 1.0, '2': 0.0, '3': 0.0} viol=0.000 (by split 0.00-0.00) certviol=0.000 | deepest stratum verdict=feasible (agree 5/5)
    [cascade] wrote F:\CAFA_results\metrics_v3_alpha_margin10\csv-physionet_ts0_greedy_entropy_softmax.json
[drive_v3] done r3am10:sweep:csv:physionet:greedy_entropy:ts0: rc=0 in 61.1s
[drive_v3] run r3am10:sweep:csv:physionet:random:ts0: python scripts/run_cascade_sweep.py --dataset csv:physionet --train-seed 0 --policy random --out-dir F:/CAFA_results/metrics_v3_alpha_margin10 --committed configs/committed_v3_am10_csv-physionet_ts0.json  (log results_v3\logs\r3am10_sweep_csv-physionet_random_ts0.log)
    [cascade] csv-physionet ts0 random lr[0.5]=0.500 G=1 | cert=1.00 tiers={'0': 0.0, '1': 1.0, '2': 0.0, '3': 0.0} viol=0.000 (by split 0.00-0.00) certviol=0.000 | deepest stratum verdict=feasible (agree 5/5)
    [cascade] csv-physionet ts0 random lr[0.7]=0.700 G=1 | cert=1.00 tiers={'0': 0.0, '1': 1.0, '2': 0.0, '3': 0.0} viol=0.000 (by split 0.00-0.00) certviol=0.000 | deepest stratum verdict=feasible (agree 5/5)
    [cascade] csv-physionet ts0 random lr[0.9]=0.900 G=2 | cert=1.00 tiers={'0': 0.0, '1': 0.96, '2': 0.0, '3': 0.04} viol=0.000 (by split 0.00-0.00) certviol=0.000 | deepest stratum verdict=feasible (agree 5/5)
    [cascade] csv-physionet ts0 random lr[dep]=0.000 G=1 | cert=1.00 tiers={'0': 0.0, '1': 1.0, '2': 0.0, '3': 0.0} viol=0.000 (by split 0.00-0.00) certviol=0.000 | deepest stratum verdict=feasible (agree 5/5)
    [cascade] wrote F:\CAFA_results\metrics_v3_alpha_margin10\csv-physionet_ts0_random_softmax.json
[drive_v3] done r3am10:sweep:csv:physionet:random:ts0: rc=0 in 56.6s
[drive_v3] sweep: ran 2, skipped 0 existing, 0 missing prerequisites
[lane lane7] 13:54:44 am10 mnist
[drive_v3] run r3am10:sweep:mnist:greedy_entropy:ts0: python scripts/run_cascade_sweep.py --dataset mnist --train-seed 0 --policy greedy_entropy --out-dir F:/CAFA_results/metrics_v3_alpha_margin10 --committed configs/committed_v3_am10_mnist_ts0.json  (log results_v3\logs\r3am10_sweep_mnist_greedy_entropy_ts0.log)
    [cascade] mnist ts0 greedy_entropy lr[0.5]=0.500 G=3 | cert=1.00 tiers={'0': 0.0, '1': 1.0, '2': 0.0, '3': 0.0} viol=0.000 (by split 0.00-0.00) certviol=0.000 | deepest stratum verdict=feasible (agree 5/5)
    [cascade] mnist ts0 greedy_entropy lr[0.7]=0.700 G=4 | cert=1.00 tiers={'0': 0.0, '1': 1.0, '2': 0.0, '3': 0.0} viol=0.010 (by split 0.00-0.05) certviol=0.000 | deepest stratum verdict=feasible (agree 5/5)
    [cascade] mnist ts0 greedy_entropy lr[0.9]=0.900 G=4 | cert=1.00 tiers={'0': 0.0, '1': 1.0, '2': 0.0, '3': 0.0} viol=0.000 (by split 0.00-0.00) certviol=0.000 | deepest stratum verdict=feasible (agree 5/5)
    [cascade] mnist ts0 greedy_entropy lr[dep]=0.677 G=4 | cert=1.00 tiers={'0': 0.0, '1': 1.0, '2': 0.0, '3': 0.0} viol=0.000 (by split 0.00-0.00) certviol=0.000 | deepest stratum verdict=feasible (agree 5/5)
    [cascade] wrote F:\CAFA_results\metrics_v3_alpha_margin10\mnist_ts0_greedy_entropy_softmax.json
[drive_v3] done r3am10:sweep:mnist:greedy_entropy:ts0: rc=0 in 159.1s
[drive_v3] run r3am10:sweep:mnist:random:ts0: python scripts/run_cascade_sweep.py --dataset mnist --train-seed 0 --policy random --out-dir F:/CAFA_results/metrics_v3_alpha_margin10 --committed configs/committed_v3_am10_mnist_ts0.json  (log results_v3\logs\r3am10_sweep_mnist_random_ts0.log)
    [cascade] mnist ts0 random lr[0.5]=0.500 G=5 | cert=1.00 tiers={'0': 0.0, '1': 1.0, '2': 0.0, '3': 0.0} viol=0.000 (by split 0.00-0.00) certviol=0.000 | deepest stratum verdict=feasible (agree 5/5)
    [cascade] mnist ts0 random lr[0.7]=0.700 G=5 | cert=1.00 tiers={'0': 0.0, '1': 1.0, '2': 0.0, '3': 0.0} viol=0.010 (by split 0.00-0.05) certviol=0.000 | deepest stratum verdict=feasible (agree 5/5)
    [cascade] mnist ts0 random lr[0.9]=0.900 G=5 | cert=1.00 tiers={'0': 0.0, '1': 1.0, '2': 0.0, '3': 0.0} viol=0.000 (by split 0.00-0.00) certviol=0.000 | deepest stratum verdict=feasible (agree 5/5)
    [cascade] mnist ts0 random lr[dep]=0.687 G=5 | cert=1.00 tiers={'0': 0.0, '1': 1.0, '2': 0.0, '3': 0.0} viol=0.000 (by split 0.00-0.00) certviol=0.000 | deepest stratum verdict=feasible (agree 5/5)
    [cascade] wrote F:\CAFA_results\metrics_v3_alpha_margin10\mnist_ts0_random_softmax.json
[drive_v3] done r3am10:sweep:mnist:random:ts0: rc=0 in 151.0s
[drive_v3] sweep: ran 2, skipped 0 existing, 0 missing prerequisites
[lane lane7] 13:59:56 cf025 csv:physionet
[drive_v3] run r3cf025:sweep:csv:physionet:greedy_entropy:ts0: python scripts/run_cascade_sweep.py --dataset csv:physionet --train-seed 0 --policy greedy_entropy --out-dir F:/CAFA_results/metrics_v3_calfrac025 --cal-frac 0.25  (log results_v3\logs\r3cf025_sweep_csv-physionet_greedy_entropy_ts0.log)
    [cascade] csv-physionet ts0 greedy_entropy lr[0.5]=0.500 G=1 | cert=1.00 tiers={'0': 0.0, '1': 0.99, '2': 0.0, '3': 0.01} viol=0.000 (by split 0.00-0.00) certviol=0.000 | deepest stratum verdict=feasible (agree 5/5) | cal_frac=0.25
    [cascade] csv-physionet ts0 greedy_entropy lr[0.7]=0.700 G=1 | cert=1.00 tiers={'0': 0.0, '1': 0.99, '2': 0.0, '3': 0.01} viol=0.000 (by split 0.00-0.00) certviol=0.000 | deepest stratum verdict=feasible (agree 5/5) | cal_frac=0.25
    [cascade] csv-physionet ts0 greedy_entropy lr[0.9]=0.900 G=2 | cert=0.94 tiers={'0': 0.06, '1': 0.03, '2': 0.0, '3': 0.91} viol=0.030 (by split 0.00-0.10) certviol=0.000 | deepest stratum verdict=feasible (agree 4/5) | cal_frac=0.25
    [cascade] csv-physionet ts0 greedy_entropy lr[dep]=0.000 G=1 | cert=1.00 tiers={'0': 0.0, '1': 0.99, '2': 0.0, '3': 0.01} viol=0.000 (by split 0.00-0.00) certviol=0.000 | deepest stratum verdict=feasible (agree 5/5) | cal_frac=0.25
    [cascade] wrote F:\CAFA_results\metrics_v3_calfrac025\csv-physionet_ts0_greedy_entropy_softmax.json
[drive_v3] done r3cf025:sweep:csv:physionet:greedy_entropy:ts0: rc=0 in 32.6s
[drive_v3] run r3cf025:sweep:csv:physionet:random:ts0: python scripts/run_cascade_sweep.py --dataset csv:physionet --train-seed 0 --policy random --out-dir F:/CAFA_results/metrics_v3_calfrac025 --cal-frac 0.25  (log results_v3\logs\r3cf025_sweep_csv-physionet_random_ts0.log)
    [cascade] csv-physionet ts0 random lr[0.5]=0.500 G=1 | cert=1.00 tiers={'0': 0.0, '1': 0.99, '2': 0.0, '3': 0.01} viol=0.000 (by split 0.00-0.00) certviol=0.000 | deepest stratum verdict=feasible (agree 5/5) | cal_frac=0.25
    [cascade] csv-physionet ts0 random lr[0.7]=0.700 G=1 | cert=1.00 tiers={'0': 0.0, '1': 0.99, '2': 0.0, '3': 0.01} viol=0.000 (by split 0.00-0.00) certviol=0.000 | deepest stratum verdict=feasible (agree 5/5) | cal_frac=0.25
    [cascade] csv-physionet ts0 random lr[0.9]=0.900 G=2 | cert=0.99 tiers={'0': 0.01, '1': 0.07, '2': 0.0, '3': 0.92} viol=0.010 (by split 0.00-0.05) certviol=0.000 | deepest stratum verdict=feasible (agree 5/5) | cal_frac=0.25
    [cascade] csv-physionet ts0 random lr[dep]=0.000 G=1 | cert=1.00 tiers={'0': 0.0, '1': 0.99, '2': 0.0, '3': 0.01} viol=0.000 (by split 0.00-0.00) certviol=0.000 | deepest stratum verdict=feasible (agree 5/5) | cal_frac=0.25
    [cascade] wrote F:\CAFA_results\metrics_v3_calfrac025\csv-physionet_ts0_random_softmax.json
[drive_v3] done r3cf025:sweep:csv:physionet:random:ts0: rc=0 in 32.8s
[drive_v3] sweep: ran 2, skipped 0 existing, 0 missing prerequisites
[lane lane7] 14:01:04 cf025 mnist
[drive_v3] run r3cf025:sweep:mnist:greedy_entropy:ts0: python scripts/run_cascade_sweep.py --dataset mnist --train-seed 0 --policy greedy_entropy --out-dir F:/CAFA_results/metrics_v3_calfrac025 --cal-frac 0.25  (log results_v3\logs\r3cf025_sweep_mnist_greedy_entropy_ts0.log)
    [cascade] mnist ts0 greedy_entropy lr[0.5]=0.500 G=3 | cert=1.00 tiers={'0': 0.0, '1': 1.0, '2': 0.0, '3': 0.0} viol=0.000 (by split 0.00-0.00) certviol=0.000 | deepest stratum verdict=feasible (agree 5/5) | cal_frac=0.25
    [cascade] mnist ts0 greedy_entropy lr[0.7]=0.700 G=4 | cert=1.00 tiers={'0': 0.0, '1': 1.0, '2': 0.0, '3': 0.0} viol=0.000 (by split 0.00-0.00) certviol=0.000 | deepest stratum verdict=feasible (agree 5/5) | cal_frac=0.25
    [cascade] mnist ts0 greedy_entropy lr[0.9]=0.900 G=4 | cert=1.00 tiers={'0': 0.0, '1': 1.0, '2': 0.0, '3': 0.0} viol=0.000 (by split 0.00-0.00) certviol=0.000 | deepest stratum verdict=feasible (agree 5/5) | cal_frac=0.25
    [cascade] mnist ts0 greedy_entropy lr[dep]=0.788 G=3 | cert=1.00 tiers={'0': 0.0, '1': 1.0, '2': 0.0, '3': 0.0} viol=0.000 (by split 0.00-0.00) certviol=0.000 | deepest stratum verdict=feasible (agree 5/5) | cal_frac=0.25
    [cascade] wrote F:\CAFA_results\metrics_v3_calfrac025\mnist_ts0_greedy_entropy_softmax.json
[drive_v3] done r3cf025:sweep:mnist:greedy_entropy:ts0: rc=0 in 85.9s
[drive_v3] run r3cf025:sweep:mnist:random:ts0: python scripts/run_cascade_sweep.py --dataset mnist --train-seed 0 --policy random --out-dir F:/CAFA_results/metrics_v3_calfrac025 --cal-frac 0.25  (log results_v3\logs\r3cf025_sweep_mnist_random_ts0.log)
    [cascade] mnist ts0 random lr[0.5]=0.500 G=5 | cert=1.00 tiers={'0': 0.0, '1': 1.0, '2': 0.0, '3': 0.0} viol=0.000 (by split 0.00-0.00) certviol=0.000 | deepest stratum verdict=feasible (agree 5/5) | cal_frac=0.25
    [cascade] mnist ts0 random lr[0.7]=0.700 G=5 | cert=1.00 tiers={'0': 0.0, '1': 1.0, '2': 0.0, '3': 0.0} viol=0.000 (by split 0.00-0.00) certviol=0.000 | deepest stratum verdict=feasible (agree 5/5) | cal_frac=0.25
    [cascade] mnist ts0 random lr[0.9]=0.900 G=5 | cert=1.00 tiers={'0': 0.0, '1': 1.0, '2': 0.0, '3': 0.0} viol=0.000 (by split 0.00-0.00) certviol=0.000 | deepest stratum verdict=feasible (agree 5/5) | cal_frac=0.25
    [cascade] mnist ts0 random lr[dep]=0.788 G=5 | cert=1.00 tiers={'0': 0.0, '1': 1.0, '2': 0.0, '3': 0.0} viol=0.000 (by split 0.00-0.00) certviol=0.000 | deepest stratum verdict=feasible (agree 5/5) | cal_frac=0.25
    [cascade] wrote F:\CAFA_results\metrics_v3_calfrac025\mnist_ts0_random_softmax.json
[drive_v3] done r3cf025:sweep:mnist:random:ts0: rc=0 in 96.7s
[drive_v3] sweep: ran 2, skipped 0 existing, 0 missing prerequisites
[lane lane7] end 2026-10-03 14:04:08
