[lane lane6] start 2026-10-03 13:50:32
[lane lane6] 13:50:32 am10 csv:diabetes
[drive_v3] run r3am10:sweep:csv:diabetes:greedy_entropy:ts0: python scripts/run_cascade_sweep.py --dataset csv:diabetes --train-seed 0 --policy greedy_entropy --out-dir F:/CAFA_results/metrics_v3_alpha_margin10 --committed configs/committed_v3_am10_csv-diabetes_ts0.json  (log results_v3\logs\r3am10_sweep_csv-diabetes_greedy_entropy_ts0.log)
    [cascade] csv-diabetes ts0 greedy_entropy lr[0.5]=0.500 G=1 | cert=1.00 tiers={'0': 0.0, '1': 1.0, '2': 0.0, '3': 0.0} viol=0.000 (by split 0.00-0.00) certviol=0.000 | deepest stratum verdict=feasible (agree 5/5)
    [cascade] csv-diabetes ts0 greedy_entropy lr[0.7]=0.700 G=1 | cert=1.00 tiers={'0': 0.0, '1': 1.0, '2': 0.0, '3': 0.0} viol=0.000 (by split 0.00-0.00) certviol=0.000 | deepest stratum verdict=feasible (agree 5/5)
    [cascade] csv-diabetes ts0 greedy_entropy lr[0.9]=0.900 G=2 | cert=0.22 tiers={'0': 0.78, '1': 0.0, '2': 0.0, '3': 0.22} viol=0.000 (by split 0.00-0.00) certviol=0.000 | deepest stratum verdict=type_II (agree 5/5)
    [cascade] csv-diabetes ts0 greedy_entropy lr[dep]=0.798 G=2 | cert=1.00 tiers={'0': 0.0, '1': 0.0, '2': 0.0, '3': 1.0} viol=0.000 (by split 0.00-0.00) certviol=0.000 | deepest stratum verdict=type_II (agree 5/5)
    [cascade] wrote F:\CAFA_results\metrics_v3_alpha_margin10\csv-diabetes_ts0_greedy_entropy_softmax.json
[drive_v3] done r3am10:sweep:csv:diabetes:greedy_entropy:ts0: rc=0 in 354.4s
[drive_v3] run r3am10:sweep:csv:diabetes:random:ts0: python scripts/run_cascade_sweep.py --dataset csv:diabetes --train-seed 0 --policy random --out-dir F:/CAFA_results/metrics_v3_alpha_margin10 --committed configs/committed_v3_am10_csv-diabetes_ts0.json  (log results_v3\logs\r3am10_sweep_csv-diabetes_random_ts0.log)
    [cascade] csv-diabetes ts0 random lr[0.5]=0.500 G=1 | cert=1.00 tiers={'0': 0.0, '1': 1.0, '2': 0.0, '3': 0.0} viol=0.000 (by split 0.00-0.00) certviol=0.000 | deepest stratum verdict=feasible (agree 5/5)
    [cascade] csv-diabetes ts0 random lr[0.7]=0.700 G=1 | cert=1.00 tiers={'0': 0.0, '1': 1.0, '2': 0.0, '3': 0.0} viol=0.000 (by split 0.00-0.00) certviol=0.000 | deepest stratum verdict=feasible (agree 5/5)
    [cascade] csv-diabetes ts0 random lr[0.9]=0.900 G=5 | cert=1.00 tiers={'0': 0.0, '1': 0.0, '2': 0.0, '3': 1.0} viol=0.000 (by split 0.00-0.00) certviol=0.000 | deepest stratum verdict=type_II (agree 5/5)
    [cascade] csv-diabetes ts0 random lr[dep]=0.798 G=3 | cert=1.00 tiers={'0': 0.0, '1': 0.26, '2': 0.0, '3': 0.74} viol=0.010 (by split 0.00-0.05) certviol=0.000 | deepest stratum verdict=feasible (agree 5/5)
    [cascade] wrote F:\CAFA_results\metrics_v3_alpha_margin10\csv-diabetes_ts0_random_softmax.json
[drive_v3] done r3am10:sweep:csv:diabetes:random:ts0: rc=0 in 329.3s
[drive_v3] sweep: ran 2, skipped 0 existing, 0 missing prerequisites
[lane lane6] 14:01:58 cf025 csv:diabetes
[drive_v3] run r3cf025:sweep:csv:diabetes:greedy_entropy:ts0: python scripts/run_cascade_sweep.py --dataset csv:diabetes --train-seed 0 --policy greedy_entropy --out-dir F:/CAFA_results/metrics_v3_calfrac025 --cal-frac 0.25  (log results_v3\logs\r3cf025_sweep_csv-diabetes_greedy_entropy_ts0.log)
    [cascade] csv-diabetes ts0 greedy_entropy lr[0.5]=0.500 G=1 | cert=1.00 tiers={'0': 0.0, '1': 1.0, '2': 0.0, '3': 0.0} viol=0.000 (by split 0.00-0.00) certviol=0.000 | deepest stratum verdict=feasible (agree 5/5) | cal_frac=0.25
    [cascade] csv-diabetes ts0 greedy_entropy lr[0.7]=0.700 G=1 | cert=1.00 tiers={'0': 0.0, '1': 1.0, '2': 0.0, '3': 0.0} viol=0.000 (by split 0.00-0.00) certviol=0.000 | deepest stratum verdict=feasible (agree 5/5) | cal_frac=0.25
    [cascade] csv-diabetes ts0 greedy_entropy lr[0.9]=0.900 G=2 | cert=0.00 tiers={'0': 1.0, '1': 0.0, '2': 0.0, '3': 0.0} viol=0.000 (by split 0.00-0.00) certviol=0.000 | deepest stratum verdict=type_II (agree 5/5) | cal_frac=0.25
    [cascade] csv-diabetes ts0 greedy_entropy lr[dep]=0.798 G=2 | cert=0.93 tiers={'0': 0.07, '1': 0.0, '2': 0.0, '3': 0.93} viol=0.000 (by split 0.00-0.00) certviol=0.000 | deepest stratum verdict=type_II (agree 5/5) | cal_frac=0.25
    [cascade] wrote F:\CAFA_results\metrics_v3_calfrac025\csv-diabetes_ts0_greedy_entropy_softmax.json
[drive_v3] done r3cf025:sweep:csv:diabetes:greedy_entropy:ts0: rc=0 in 170.1s
[drive_v3] run r3cf025:sweep:csv:diabetes:random:ts0: python scripts/run_cascade_sweep.py --dataset csv:diabetes --train-seed 0 --policy random --out-dir F:/CAFA_results/metrics_v3_calfrac025 --cal-frac 0.25  (log results_v3\logs\r3cf025_sweep_csv-diabetes_random_ts0.log)
    [cascade] csv-diabetes ts0 random lr[0.5]=0.500 G=1 | cert=1.00 tiers={'0': 0.0, '1': 1.0, '2': 0.0, '3': 0.0} viol=0.020 (by split 0.00-0.05) certviol=0.000 | deepest stratum verdict=feasible (agree 5/5) | cal_frac=0.25
    [cascade] csv-diabetes ts0 random lr[0.7]=0.700 G=1 | cert=1.00 tiers={'0': 0.0, '1': 1.0, '2': 0.0, '3': 0.0} viol=0.020 (by split 0.00-0.05) certviol=0.000 | deepest stratum verdict=feasible (agree 5/5) | cal_frac=0.25
    [cascade] csv-diabetes ts0 random lr[0.9]=0.900 G=5 | cert=0.45 tiers={'0': 0.55, '1': 0.0, '2': 0.0, '3': 0.45} viol=0.000 (by split 0.00-0.00) certviol=0.000 | deepest stratum verdict=type_II (agree 5/5) | cal_frac=0.25
    [cascade] csv-diabetes ts0 random lr[dep]=0.828 G=4 | cert=1.00 tiers={'0': 0.0, '1': 0.0, '2': 0.0, '3': 1.0} viol=0.000 (by split 0.00-0.00) certviol=0.000 | deepest stratum verdict=type_II (agree 5/5) | cal_frac=0.25
    [cascade] wrote F:\CAFA_results\metrics_v3_calfrac025\csv-diabetes_ts0_random_softmax.json
[drive_v3] done r3cf025:sweep:csv:diabetes:random:ts0: rc=0 in 152.0s
[drive_v3] sweep: ran 2, skipped 0 existing, 0 missing prerequisites
[lane lane6] 14:07:22 cf025 mnist
[drive_v3] skip (exists) r3cf025:sweep:mnist:greedy_entropy:ts0 -> F:\CAFA_results\metrics_v3_calfrac025\mnist_ts0_greedy_entropy_softmax.json
[drive_v3] skip (exists) r3cf025:sweep:mnist:random:ts0 -> F:\CAFA_results\metrics_v3_calfrac025\mnist_ts0_random_softmax.json
[drive_v3] sweep: ran 0, skipped 2 existing, 0 missing prerequisites
[lane lane6] end 2026-10-03 14:07:24
