[diag] splits: digests match=True sizes match=True disjoint+cover=True
[diag] lambda_ref=0.7778 edges=[2.0, 5.0, 11.0] bucket ids numpy==reference_buckets: {'calpool': True, 'test': True}
[diag] tier 1 param 0.8283: deployed in 2 draws, flagged 2 | k0: cal 0.1024 (n 5388) test 0.1012 (n 5347) pooled 0.1018; k1: cal 0.1081 (n 8030) test 0.1059 (n 8094) pooled 0.1070; k2: cal 0.1161 (n 5358) test 0.1229 (n 5427) pooled 0.1195; k3: cal 0.1480 (n 4635) test 0.1576 (n 4544) pooled 0.1527
[diag] tier 1 param 0.8384: deployed in 1 draws, flagged 1 | k0: cal 0.0976 (n 5388) test 0.0963 (n 5347) pooled 0.0970; k1: cal 0.1026 (n 8030) test 0.1011 (n 8094) pooled 0.1018; k2: cal 0.1099 (n 5358) test 0.1170 (n 5427) pooled 0.1135; k3: cal 0.1469 (n 4635) test 0.1567 (n 4544) pooled 0.1518
[diag] tier 1 param 0.8485: deployed in 1 draws, flagged 1 | k0: cal 0.0928 (n 5388) test 0.0909 (n 5347) pooled 0.0918; k1: cal 0.0990 (n 8030) test 0.0966 (n 8094) pooled 0.0978; k2: cal 0.1062 (n 5358) test 0.1146 (n 5427) pooled 0.1104; k3: cal 0.1439 (n 4635) test 0.1547 (n 4544) pooled 0.1493
[diag] tier 1 param 0.8586: deployed in 8 draws, flagged 8 | k0: cal 0.0863 (n 5388) test 0.0883 (n 5347) pooled 0.0873; k1: cal 0.0918 (n 8030) test 0.0928 (n 8094) pooled 0.0923; k2: cal 0.1030 (n 5358) test 0.1124 (n 5427) pooled 0.1077; k3: cal 0.1405 (n 4635) test 0.1525 (n 4544) pooled 0.1464
[diag] tier 1 param 0.8788: deployed in 4 draws, flagged 0 | k0: cal 0.0800 (n 5388) test 0.0806 (n 5347) pooled 0.0803; k1: cal 0.0832 (n 8030) test 0.0850 (n 8094) pooled 0.0841; k2: cal 0.0959 (n 5358) test 0.1047 (n 5427) pooled 0.1003; k3: cal 0.1389 (n 4635) test 0.1499 (n 4544) pooled 0.1444
[diag] tier 1 param 0.8889: deployed in 16 draws, flagged 0 | k0: cal 0.0772 (n 5388) test 0.0785 (n 5347) pooled 0.0779; k1: cal 0.0819 (n 8030) test 0.0822 (n 8094) pooled 0.0821; k2: cal 0.0941 (n 5358) test 0.1015 (n 5427) pooled 0.0978; k3: cal 0.1359 (n 4635) test 0.1492 (n 4544) pooled 0.1425
[diag] tier 1 param 0.8990: deployed in 16 draws, flagged 0 | k0: cal 0.0737 (n 5388) test 0.0744 (n 5347) pooled 0.0741; k1: cal 0.0787 (n 8030) test 0.0793 (n 8094) pooled 0.0790; k2: cal 0.0907 (n 5358) test 0.0997 (n 5427) pooled 0.0952; k3: cal 0.1340 (n 4635) test 0.1483 (n 4544) pooled 0.1411
[diag] tier 1 param 0.9091: deployed in 6 draws, flagged 0 | k0: cal 0.0707 (n 5388) test 0.0705 (n 5347) pooled 0.0706; k1: cal 0.0761 (n 8030) test 0.0770 (n 8094) pooled 0.0765; k2: cal 0.0864 (n 5358) test 0.0977 (n 5427) pooled 0.0921; k3: cal 0.1335 (n 4635) test 0.1463 (n 4544) pooled 0.1399
[diag] tier 1 param 0.9192: deployed in 2 draws, flagged 0 | k0: cal 0.0672 (n 5388) test 0.0690 (n 5347) pooled 0.0681; k1: cal 0.0726 (n 8030) test 0.0741 (n 8094) pooled 0.0734; k2: cal 0.0825 (n 5358) test 0.0936 (n 5427) pooled 0.0881; k3: cal 0.1325 (n 4635) test 0.1457 (n 4544) pooled 0.1390
[diag] tier 1 param 0.9394: deployed in 3 draws, flagged 0 | k0: cal 0.0616 (n 5388) test 0.0653 (n 5347) pooled 0.0634; k1: cal 0.0663 (n 8030) test 0.0694 (n 8094) pooled 0.0678; k2: cal 0.0808 (n 5358) test 0.0905 (n 5427) pooled 0.0857; k3: cal 0.1329 (n 4635) test 0.1428 (n 4544) pooled 0.1378
[diag] tier 1 param 0.9596: deployed in 1 draws, flagged 0 | k0: cal 0.0581 (n 5388) test 0.0595 (n 5347) pooled 0.0588; k1: cal 0.0600 (n 8030) test 0.0646 (n 8094) pooled 0.0623; k2: cal 0.0771 (n 5358) test 0.0873 (n 5427) pooled 0.0822; k3: cal 0.1325 (n 4635) test 0.1408 (n 4544) pooled 0.1366
[diag] tier 1 param 0.9697: deployed in 1 draws, flagged 0 | k0: cal 0.0575 (n 5388) test 0.0569 (n 5347) pooled 0.0572; k1: cal 0.0579 (n 8030) test 0.0623 (n 8094) pooled 0.0601; k2: cal 0.0767 (n 5358) test 0.0855 (n 5427) pooled 0.0811; k3: cal 0.1329 (n 4635) test 0.1413 (n 4544) pooled 0.1371
[diag] tier 1 param 0.9798: deployed in 4 draws, flagged 0 | k0: cal 0.0564 (n 5388) test 0.0555 (n 5347) pooled 0.0560; k1: cal 0.0563 (n 8030) test 0.0619 (n 8094) pooled 0.0591; k2: cal 0.0761 (n 5358) test 0.0844 (n 5427) pooled 0.0803; k3: cal 0.1325 (n 4635) test 0.1408 (n 4544) pooled 0.1366
[diag] tier 1 param 0.9899: deployed in 7 draws, flagged 0 | k0: cal 0.0564 (n 5388) test 0.0554 (n 5347) pooled 0.0559; k1: cal 0.0555 (n 8030) test 0.0614 (n 8094) pooled 0.0585; k2: cal 0.0754 (n 5358) test 0.0833 (n 5427) pooled 0.0794; k3: cal 0.1320 (n 4635) test 0.1404 (n 4544) pooled 0.1362
[diag] tier 1 param 1.0000: deployed in 1 draws, flagged 0 | k0: cal 0.0562 (n 5388) test 0.0555 (n 5347) pooled 0.0559; k1: cal 0.0554 (n 8030) test 0.0614 (n 8094) pooled 0.0584; k2: cal 0.0760 (n 5358) test 0.0831 (n 5427) pooled 0.0796; k3: cal 0.1320 (n 4635) test 0.1404 (n 4544) pooled 0.1362
[diag] tier 3 param 0.5339: deployed in 26 draws, flagged 0 | k0: cal 0.0515 (n 5338) test 0.0499 (n 5286) pooled 0.0507; k1: cal 0.0510 (n 7953) test 0.0564 (n 8002) pooled 0.0537; k2: cal 0.0719 (n 5301) test 0.0774 (n 5346) pooled 0.0747; k3: cal 0.1227 (n 4516) test 0.1297 (n 4409) pooled 0.1262
[diag] tier 3 param 0.5612: deployed in 1 draws, flagged 0 | k0: cal 0.0487 (n 5294) test 0.0476 (n 5252) pooled 0.0482; k1: cal 0.0488 (n 7889) test 0.0532 (n 7931) pooled 0.0510; k2: cal 0.0674 (n 5251) test 0.0725 (n 5294) pooled 0.0700; k3: cal 0.1163 (n 4404) test 0.1239 (n 4317) pooled 0.1201
[diag] draw 13: tier 1 cal⊂calpool,∉test=True | k0: n 2699 cal risk 0.0867 HB p 1.935e-22; k1: n 3978 cal risk 0.0955 HB p 3.673e-24; k2: n 2697 cal risk 0.1064 HB p 5.777e-11; k3: n 2332 cal risk 0.1308 HB p 0.01232
[diag] draw 18: tier 1 cal⊂calpool,∉test=True | k0: n 2728 cal risk 0.0872 HB p 2.843e-22; k1: n 4019 cal risk 0.0926 HB p 3.702e-27; k2: n 2670 cal risk 0.0974 HB p 1.479e-15; k3: n 2289 cal risk 0.1328 HB p 0.02882
[diag] draw 19: tier 1 cal⊂calpool,∉test=True | k0: n 2679 cal risk 0.0903 HB p 9.26e-20; k1: n 4007 cal risk 0.0956 HB p 2.82e-24; k2: n 2662 cal risk 0.1041 HB p 5.833e-12; k3: n 2358 cal risk 0.1332 HB p 0.02992
[diag] draw 35: tier 1 cal⊂calpool,∉test=True | k0: n 2751 cal risk 0.0825 HB p 4.458e-26; k1: n 3963 cal risk 0.0903 HB p 5.852e-29; k2: n 2682 cal risk 0.1051 HB p 1.643e-11; k3: n 2310 cal risk 0.1342 HB p 0.04598
[diag] draw 41: tier 1 cal⊂calpool,∉test=True | k0: n 2728 cal risk 0.0777 HB p 3.396e-30; k1: n 3945 cal risk 0.0991 HB p 6.361e-21; k2: n 2687 cal risk 0.1042 HB p 5.474e-12; k3: n 2346 cal risk 0.1338 HB p 0.0389
[diag] draw 57: tier 1 cal⊂calpool,∉test=True | k0: n 2708 cal risk 0.0805 HB p 1.298e-27; k1: n 3924 cal risk 0.0933 HB p 6.941e-26; k2: n 2734 cal risk 0.1053 HB p 1.292e-11; k3: n 2340 cal risk 0.1325 HB p 0.02372
[diag] draw 72: tier 1 cal⊂calpool,∉test=True | k0: n 2651 cal risk 0.0951 HB p 8.116e-17; k1: n 3968 cal risk 0.0988 HB p 2.653e-21; k2: n 2762 cal risk 0.1054 HB p 1.032e-11; k3: n 2325 cal risk 0.1342 HB p 0.04508
[diag] draw 73: tier 1 cal⊂calpool,∉test=True | k0: n 2704 cal risk 0.0843 HB p 1.561e-24; k1: n 3985 cal risk 0.0934 HB p 3.414e-26; k2: n 2677 cal risk 0.1042 HB p 6.111e-12; k3: n 2340 cal risk 0.1338 HB p 0.03803
[diag] draw 77: tier 1 cal⊂calpool,∉test=True | k0: n 2632 cal risk 0.1003 HB p 9.57e-14; k1: n 4016 cal risk 0.1081 HB p 1.346e-14; k2: n 2728 cal risk 0.1089 HB p 5.963e-10; k3: n 2330 cal risk 0.1343 HB p 0.04706
[diag] draw 84: tier 1 cal⊂calpool,∉test=True | k0: n 2655 cal risk 0.0919 HB p 8.217e-19; k1: n 4047 cal risk 0.0936 HB p 2.699e-26; k2: n 2709 cal risk 0.0963 HB p 2.24e-16; k3: n 2295 cal risk 0.1320 HB p 0.02132
[diag] draw 88: tier 1 cal⊂calpool,∉test=True | k0: n 2620 cal risk 0.0828 HB p 6.112e-25; k1: n 4022 cal risk 0.0960 HB p 5.173e-24; k2: n 2697 cal risk 0.1083 HB p 4.061e-10; k3: n 2367 cal risk 0.1339 HB p 0.03901
[diag] draw 98: tier 1 cal⊂calpool,∉test=True | k0: n 2638 cal risk 0.1024 HB p 1.036e-12; k1: n 4032 cal risk 0.1044 HB p 3.32e-17; k2: n 2683 cal risk 0.1163 HB p 6.913e-07; k3: n 2353 cal risk 0.1322 HB p 0.0207
[diag] wrote results_v3/diagnostics/tabular-MiniBooNE_ts0_random_dep.json
