[diag] splits: digests match=True sizes match=True disjoint+cover=True
[diag] lambda_ref=0.7778 edges=[3.0, 4.0, 6.0, 10.0] bucket ids numpy==reference_buckets: {'calpool': True, 'test': True}
[diag] tier 1 param 0.9192: deployed in 2 draws, flagged 2 | k0: cal 0.0410 (n 2391) test 0.0378 (n 2352) pooled 0.0394; k1: cal 0.0521 (n 1709) test 0.0520 (n 1711) pooled 0.0520; k2: cal 0.0597 (n 2798) test 0.0623 (n 2808) pooled 0.0610; k3: cal 0.0789 (n 2850) test 0.0670 (n 2896) pooled 0.0729; k4: cal 0.1466 (n 2852) test 0.1740 (n 2833) pooled 0.1602
[diag] tier 1 param 0.9293: deployed in 2 draws, flagged 2 | k0: cal 0.0368 (n 2391) test 0.0353 (n 2352) pooled 0.0361; k1: cal 0.0497 (n 1709) test 0.0473 (n 1711) pooled 0.0485; k2: cal 0.0565 (n 2798) test 0.0577 (n 2808) pooled 0.0571; k3: cal 0.0733 (n 2850) test 0.0628 (n 2896) pooled 0.0680; k4: cal 0.1427 (n 2852) test 0.1701 (n 2833) pooled 0.1564
[diag] tier 1 param 0.9394: deployed in 2 draws, flagged 2 | k0: cal 0.0330 (n 2391) test 0.0323 (n 2352) pooled 0.0327; k1: cal 0.0468 (n 1709) test 0.0403 (n 1711) pooled 0.0436; k2: cal 0.0543 (n 2798) test 0.0499 (n 2808) pooled 0.0521; k3: cal 0.0716 (n 2850) test 0.0604 (n 2896) pooled 0.0660; k4: cal 0.1417 (n 2852) test 0.1673 (n 2833) pooled 0.1544
[diag] tier 1 param 0.9495: deployed in 4 draws, flagged 4 | k0: cal 0.0305 (n 2391) test 0.0302 (n 2352) pooled 0.0304; k1: cal 0.0433 (n 1709) test 0.0392 (n 1711) pooled 0.0412; k2: cal 0.0518 (n 2798) test 0.0474 (n 2808) pooled 0.0496; k3: cal 0.0677 (n 2850) test 0.0566 (n 2896) pooled 0.0621; k4: cal 0.1388 (n 2852) test 0.1638 (n 2833) pooled 0.1513
[diag] tier 1 param 0.9596: deployed in 17 draws, flagged 17 | k0: cal 0.0259 (n 2391) test 0.0285 (n 2352) pooled 0.0272; k1: cal 0.0392 (n 1709) test 0.0368 (n 1711) pooled 0.0380; k2: cal 0.0490 (n 2798) test 0.0442 (n 2808) pooled 0.0466; k3: cal 0.0635 (n 2850) test 0.0518 (n 2896) pooled 0.0576; k4: cal 0.1346 (n 2852) test 0.1606 (n 2833) pooled 0.1476
[diag] tier 1 param 0.9697: deployed in 18 draws, flagged 18 | k0: cal 0.0217 (n 2391) test 0.0230 (n 2352) pooled 0.0223; k1: cal 0.0386 (n 1709) test 0.0327 (n 1711) pooled 0.0357; k2: cal 0.0479 (n 2798) test 0.0406 (n 2808) pooled 0.0442; k3: cal 0.0593 (n 2850) test 0.0497 (n 2896) pooled 0.0545; k4: cal 0.1315 (n 2852) test 0.1595 (n 2833) pooled 0.1455
[diag] tier 1 param 0.9798: deployed in 2 draws, flagged 2 | k0: cal 0.0213 (n 2391) test 0.0183 (n 2352) pooled 0.0198; k1: cal 0.0316 (n 1709) test 0.0304 (n 1711) pooled 0.0310; k2: cal 0.0440 (n 2798) test 0.0381 (n 2808) pooled 0.0410; k3: cal 0.0561 (n 2850) test 0.0487 (n 2896) pooled 0.0524; k4: cal 0.1311 (n 2852) test 0.1571 (n 2833) pooled 0.1441
[diag] tier 1 param 0.9899: deployed in 8 draws, flagged 8 | k0: cal 0.0201 (n 2391) test 0.0162 (n 2352) pooled 0.0181; k1: cal 0.0298 (n 1709) test 0.0263 (n 1711) pooled 0.0281; k2: cal 0.0411 (n 2798) test 0.0356 (n 2808) pooled 0.0384; k3: cal 0.0544 (n 2850) test 0.0452 (n 2896) pooled 0.0498; k4: cal 0.1294 (n 2852) test 0.1560 (n 2833) pooled 0.1427
[diag] tier 1 param 1.0000: deployed in 3 draws, flagged 3 | k0: cal 0.0163 (n 2391) test 0.0149 (n 2352) pooled 0.0156; k1: cal 0.0281 (n 1709) test 0.0269 (n 1711) pooled 0.0275; k2: cal 0.0397 (n 2798) test 0.0353 (n 2808) pooled 0.0375; k3: cal 0.0537 (n 2850) test 0.0432 (n 2896) pooled 0.0484; k4: cal 0.1287 (n 2852) test 0.1557 (n 2833) pooled 0.1421
[diag] tier 3 param 0.5061: deployed in 38 draws, flagged 0 | k0: cal 0.0143 (n 2384) test 0.0136 (n 2347) pooled 0.0140; k1: cal 0.0270 (n 1705) test 0.0252 (n 1706) pooled 0.0261; k2: cal 0.0377 (n 2782) test 0.0315 (n 2790) pooled 0.0346; k3: cal 0.0495 (n 2830) test 0.0373 (n 2871) pooled 0.0433; k4: cal 0.1170 (n 2786) test 0.1380 (n 2739) pooled 0.1274
[diag] tier 3 param 0.5560: deployed in 4 draws, flagged 0 | k0: cal 0.0122 (n 2377) test 0.0124 (n 2340) pooled 0.0123; k1: cal 0.0236 (n 1694) test 0.0230 (n 1699) pooled 0.0233; k2: cal 0.0344 (n 2765) test 0.0300 (n 2769) pooled 0.0322; k3: cal 0.0450 (n 2800) test 0.0344 (n 2846) pooled 0.0397; k4: cal 0.1046 (n 2706) test 0.1250 (n 2665) pooled 0.1147
[diag] draw 1: tier 1 cal⊂calpool,∉test=True | k0: n 1220 cal risk 0.0221 HB p 1.635e-51; k1: n 854 cal risk 0.0433 HB p 2.476e-23; k2: n 1413 cal risk 0.0481 HB p 5.321e-34; k3: n 1408 cal risk 0.0597 HB p 6.813e-26; k4: n 1405 cal risk 0.1288 HB p 0.03583
[diag] draw 3: tier 1 cal⊂calpool,∉test=True | k0: n 1208 cal risk 0.0224 HB p 8.791e-51; k1: n 875 cal risk 0.0343 HB p 6.176e-29; k2: n 1367 cal risk 0.0534 HB p 3.416e-29; k3: n 1438 cal risk 0.0605 HB p 6.958e-26; k4: n 1412 cal risk 0.1289 HB p 0.036
[diag] draw 6: tier 1 cal⊂calpool,∉test=True | k0: n 1197 cal risk 0.0343 HB p 3.432e-39; k1: n 863 cal risk 0.0313 HB p 2.122e-30; k2: n 1418 cal risk 0.0522 HB p 4.243e-31; k3: n 1420 cal risk 0.0683 HB p 1.199e-20; k4: n 1402 cal risk 0.1291 HB p 0.04733
[diag] draw 7: tier 1 cal⊂calpool,∉test=True | k0: n 1209 cal risk 0.0256 HB p 1.95e-47; k1: n 854 cal risk 0.0316 HB p 6.888e-30; k2: n 1410 cal risk 0.0468 HB p 5.988e-35; k3: n 1429 cal risk 0.0623 HB p 1.246e-24; k4: n 1398 cal risk 0.1266 HB p 0.01902
[diag] draw 8: tier 1 cal⊂calpool,∉test=True | k0: n 1177 cal risk 0.0229 HB p 6.692e-49; k1: n 862 cal risk 0.0383 HB p 3.213e-26; k2: n 1403 cal risk 0.0371 HB p 4.644e-43; k3: n 1454 cal risk 0.0564 HB p 7.191e-29; k4: n 1404 cal risk 0.1296 HB p 0.04484
[diag] draw 10: tier 1 cal⊂calpool,∉test=True | k0: n 1201 cal risk 0.0233 HB p 1.743e-49; k1: n 872 cal risk 0.0367 HB p 2.05e-27; k2: n 1431 cal risk 0.0496 HB p 2.828e-33; k3: n 1417 cal risk 0.0558 HB p 1.342e-28; k4: n 1379 cal risk 0.1276 HB p 0.02698
[diag] draw 12: tier 1 cal⊂calpool,∉test=True | k0: n 1190 cal risk 0.0168 HB p 2.988e-56; k1: n 868 cal risk 0.0323 HB p 5.888e-30; k2: n 1376 cal risk 0.0443 HB p 4.541e-36; k3: n 1433 cal risk 0.0607 HB p 1.15e-25; k4: n 1433 cal risk 0.1291 HB p 0.03651
[diag] draw 14: tier 1 cal⊂calpool,∉test=True | k0: n 1179 cal risk 0.0237 HB p 3.697e-48; k1: n 880 cal risk 0.0261 HB p 1.787e-34; k2: n 1368 cal risk 0.0351 HB p 7.854e-44; k3: n 1400 cal risk 0.0521 HB p 9.464e-31; k4: n 1473 cal risk 0.1290 HB p 0.03255
[diag] draw 16: tier 1 cal⊂calpool,∉test=True | k0: n 1198 cal risk 0.0284 HB p 2.163e-44; k1: n 875 cal risk 0.0434 HB p 7.957e-24; k2: n 1422 cal risk 0.0570 HB p 6.945e-28; k3: n 1401 cal risk 0.0650 HB p 1.287e-22; k4: n 1404 cal risk 0.1296 HB p 0.04484
[diag] draw 18: tier 1 cal⊂calpool,∉test=True | k0: n 1177 cal risk 0.0382 HB p 2.031e-35; k1: n 841 cal risk 0.0499 HB p 6.744e-20; k2: n 1394 cal risk 0.0560 HB p 5.08e-28; k3: n 1465 cal risk 0.0846 HB p 9.93e-14; k4: n 1423 cal risk 0.1300 HB p 0.04788
[diag] draw 23: tier 1 cal⊂calpool,∉test=True | k0: n 1200 cal risk 0.0267 HB p 4.323e-46; k1: n 878 cal risk 0.0296 HB p 5.274e-32; k2: n 1404 cal risk 0.0506 HB p 5.734e-32; k3: n 1426 cal risk 0.0596 HB p 3.056e-26; k4: n 1392 cal risk 0.1279 HB p 0.0281
[diag] draw 24: tier 1 cal⊂calpool,∉test=True | k0: n 1167 cal risk 0.0206 HB p 5.682e-51; k1: n 885 cal risk 0.0362 HB p 3.998e-28; k2: n 1409 cal risk 0.0461 HB p 1.858e-35; k3: n 1442 cal risk 0.0583 HB p 2.111e-27; k4: n 1397 cal risk 0.1296 HB p 0.04466
[diag] draw 25: tier 1 cal⊂calpool,∉test=True | k0: n 1172 cal risk 0.0230 HB p 1.344e-48; k1: n 847 cal risk 0.0319 HB p 1.718e-29; k2: n 1411 cal risk 0.0461 HB p 1.474e-35; k3: n 1422 cal risk 0.0584 HB p 5.788e-27; k4: n 1448 cal risk 0.1298 HB p 0.04352
[diag] draw 27: tier 1 cal⊂calpool,∉test=True | k0: n 1188 cal risk 0.0261 HB p 3.425e-46; k1: n 871 cal risk 0.0379 HB p 1.052e-26; k2: n 1357 cal risk 0.0501 HB p 2.897e-31; k3: n 1421 cal risk 0.0549 HB p 2.912e-29; k4: n 1463 cal risk 0.1285 HB p 0.02883
[diag] draw 28: tier 1 cal⊂calpool,∉test=True | k0: n 1250 cal risk 0.0200 HB p 3.589e-55; k1: n 868 cal risk 0.0426 HB p 4.678e-24; k2: n 1427 cal risk 0.0470 HB p 3.048e-35; k3: n 1382 cal risk 0.0615 HB p 2.546e-24; k4: n 1373 cal risk 0.1289 HB p 0.0393
[diag] draw 30: tier 1 cal⊂calpool,∉test=True | k0: n 1210 cal risk 0.0231 HB p 4.981e-50; k1: n 833 cal risk 0.0300 HB p 3.609e-30; k2: n 1409 cal risk 0.0518 HB p 3.532e-31; k3: n 1430 cal risk 0.0608 HB p 1.553e-25; k4: n 1418 cal risk 0.1283 HB p 0.03042
[diag] draw 31: tier 1 cal⊂calpool,∉test=True | k0: n 1217 cal risk 0.0337 HB p 2.643e-40; k1: n 846 cal risk 0.0378 HB p 5.275e-26; k2: n 1449 cal risk 0.0607 HB p 6.315e-26; k3: n 1386 cal risk 0.0693 HB p 4.728e-20; k4: n 1402 cal risk 0.1277 HB p 0.03186
[diag] draw 32: tier 1 cal⊂calpool,∉test=True | k0: n 1184 cal risk 0.0228 HB p 2.52e-49; k1: n 873 cal risk 0.0252 HB p 7.041e-35; k2: n 1377 cal risk 0.0407 HB p 4.095e-39; k3: n 1425 cal risk 0.0540 HB p 6.196e-30; k4: n 1441 cal risk 0.1291 HB p 0.04335
[diag] draw 33: tier 1 cal⊂calpool,∉test=True | k0: n 1207 cal risk 0.0232 HB p 7.563e-50; k1: n 842 cal risk 0.0368 HB p 1.921e-26; k2: n 1419 cal risk 0.0479 HB p 2.691e-34; k3: n 1427 cal risk 0.0652 HB p 6.899e-23; k4: n 1405 cal risk 0.1288 HB p 0.03583
[diag] draw 34: tier 1 cal⊂calpool,∉test=True | k0: n 1205 cal risk 0.0183 HB p 3.207e-55; k1: n 884 cal risk 0.0407 HB p 1.686e-25; k2: n 1392 cal risk 0.0460 HB p 3.636e-35; k3: n 1413 cal risk 0.0545 HB p 2.24e-29; k4: n 1406 cal risk 0.1259 HB p 0.0149
[diag] draw 35: tier 1 cal⊂calpool,∉test=True | k0: n 1219 cal risk 0.0230 HB p 1.421e-50; k1: n 879 cal risk 0.0364 HB p 8.51e-28; k2: n 1386 cal risk 0.0469 HB p 2.628e-34; k3: n 1384 cal risk 0.0621 HB p 5.602e-24; k4: n 1432 cal risk 0.1292 HB p 0.03753
[diag] draw 36: tier 1 cal⊂calpool,∉test=True | k0: n 1214 cal risk 0.0214 HB p 1.987e-51; k1: n 895 cal risk 0.0324 HB p 9.234e-31; k2: n 1382 cal risk 0.0398 HB p 5.308e-40; k3: n 1405 cal risk 0.0619 HB p 1.875e-24; k4: n 1404 cal risk 0.1296 HB p 0.04484
[diag] draw 37: tier 1 cal⊂calpool,∉test=True | k0: n 1208 cal risk 0.0273 HB p 9.231e-46; k1: n 873 cal risk 0.0378 HB p 8.206e-27; k2: n 1385 cal risk 0.0433 HB p 4.086e-37; k3: n 1422 cal risk 0.0598 HB p 4.585e-26; k4: n 1412 cal risk 0.1289 HB p 0.036
[diag] draw 38: tier 1 cal⊂calpool,∉test=True | k0: n 1177 cal risk 0.0391 HB p 8.878e-35; k1: n 844 cal risk 0.0569 HB p 4.59e-17; k2: n 1412 cal risk 0.0595 HB p 4.539e-26; k3: n 1445 cal risk 0.0747 HB p 5.13e-18; k4: n 1422 cal risk 0.1294 HB p 0.04917
[diag] draw 40: tier 1 cal⊂calpool,∉test=True | k0: n 1215 cal risk 0.0239 HB p 7.65e-49; k1: n 877 cal risk 0.0399 HB p 9.456e-26; k2: n 1364 cal risk 0.0594 HB p 2.734e-25; k3: n 1444 cal risk 0.0630 HB p 1.996e-24; k4: n 1400 cal risk 0.1293 HB p 0.04115
[diag] draw 41: tier 1 cal⊂calpool,∉test=True | k0: n 1165 cal risk 0.0197 HB p 8.936e-52; k1: n 870 cal risk 0.0414 HB p 9.176e-25; k2: n 1418 cal risk 0.0480 HB p 3.015e-34; k3: n 1415 cal risk 0.0643 HB p 3.347e-23; k4: n 1432 cal risk 0.1299 HB p 0.04556
[diag] draw 42: tier 1 cal⊂calpool,∉test=True | k0: n 1195 cal risk 0.0167 HB p 1.442e-56; k1: n 857 cal risk 0.0257 HB p 6.301e-34; k2: n 1409 cal risk 0.0362 HB p 2.193e-43; k3: n 1450 cal risk 0.0503 HB p 3.817e-33; k4: n 1389 cal risk 0.1289 HB p 0.03752
[diag] draw 44: tier 1 cal⊂calpool,∉test=True | k0: n 1221 cal risk 0.0238 HB p 7.851e-50; k1: n 840 cal risk 0.0500 HB p 7.542e-20; k2: n 1412 cal risk 0.0460 HB p 1.313e-35; k3: n 1418 cal risk 0.0684 HB p 6.006e-21; k4: n 1409 cal risk 0.1285 HB p 0.03202
[diag] draw 47: tier 1 cal⊂calpool,∉test=True | k0: n 1171 cal risk 0.0325 HB p 7.436e-40; k1: n 894 cal risk 0.0459 HB p 4.578e-23; k2: n 1422 cal risk 0.0626 HB p 2.483e-24; k3: n 1381 cal risk 0.0688 HB p 3.13e-20; k4: n 1432 cal risk 0.1271 HB p 0.02027
[diag] draw 48: tier 1 cal⊂calpool,∉test=True | k0: n 1218 cal risk 0.0304 HB p 2.938e-43; k1: n 860 cal risk 0.0384 HB p 4.116e-26; k2: n 1390 cal risk 0.0612 HB p 1.147e-24; k3: n 1405 cal risk 0.0683 HB p 8.262e-21; k4: n 1427 cal risk 0.1282 HB p 0.02889
[diag] draw 52: tier 1 cal⊂calpool,∉test=True | k0: n 1224 cal risk 0.0155 HB p 1.959e-59; k1: n 882 cal risk 0.0306 HB p 1.749e-31; k2: n 1365 cal risk 0.0410 HB p 1.751e-38; k3: n 1411 cal risk 0.0553 HB p 8.426e-29; k4: n 1418 cal risk 0.1298 HB p 0.04521
[diag] draw 53: tier 1 cal⊂calpool,∉test=True | k0: n 1204 cal risk 0.0199 HB p 2.95e-53; k1: n 851 cal risk 0.0317 HB p 1.019e-29; k2: n 1330 cal risk 0.0383 HB p 9.041e-40; k3: n 1459 cal risk 0.0548 HB p 4.714e-30; k4: n 1456 cal risk 0.1271 HB p 0.01892
[diag] draw 55: tier 1 cal⊂calpool,∉test=True | k0: n 1203 cal risk 0.0158 HB p 4.276e-58; k1: n 833 cal risk 0.0372 HB p 5.926e-26; k2: n 1397 cal risk 0.0487 HB p 3.257e-33; k3: n 1436 cal risk 0.0599 HB p 3.085e-26; k4: n 1431 cal risk 0.1300 HB p 0.0468
[diag] draw 56: tier 1 cal⊂calpool,∉test=True | k0: n 1223 cal risk 0.0245 HB p 1.805e-48; k1: n 835 cal risk 0.0407 HB p 3.762e-24; k2: n 1391 cal risk 0.0496 HB p 2.182e-32; k3: n 1461 cal risk 0.0678 HB p 1.596e-21; k4: n 1390 cal risk 0.1295 HB p 0.04447
[diag] draw 60: tier 1 cal⊂calpool,∉test=True | k0: n 1180 cal risk 0.0280 HB p 4.007e-44; k1: n 816 cal risk 0.0392 HB p 2.153e-24; k2: n 1390 cal risk 0.0468 HB p 1.66e-34; k3: n 1448 cal risk 0.0635 HB p 3.536e-24; k4: n 1466 cal risk 0.1289 HB p 0.0324
[diag] draw 61: tier 1 cal⊂calpool,∉test=True | k0: n 1202 cal risk 0.0225 HB p 2.036e-50; k1: n 840 cal risk 0.0393 HB p 4.847e-25; k2: n 1417 cal risk 0.0558 HB p 1.342e-28; k3: n 1458 cal risk 0.0597 HB p 9.233e-27; k4: n 1383 cal risk 0.1294 HB p 0.04428
[diag] draw 65: tier 1 cal⊂calpool,∉test=True | k0: n 1152 cal risk 0.0156 HB p 7.039e-56; k1: n 874 cal risk 0.0435 HB p 8.959e-24; k2: n 1377 cal risk 0.0487 HB p 9.044e-33; k3: n 1460 cal risk 0.0568 HB p 1.13e-28; k4: n 1437 cal risk 0.1280 HB p 0.02667
[diag] draw 69: tier 1 cal⊂calpool,∉test=True | k0: n 1224 cal risk 0.0212 HB p 1.185e-52; k1: n 842 cal risk 0.0321 HB p 1.269e-28; k2: n 1352 cal risk 0.0399 HB p 2.044e-38; k3: n 1426 cal risk 0.0610 HB p 2.318e-25; k4: n 1456 cal risk 0.1284 HB p 0.02868
[diag] draw 71: tier 1 cal⊂calpool,∉test=True | k0: n 1160 cal risk 0.0259 HB p 2.38e-45; k1: n 878 cal risk 0.0410 HB p 3.489e-25; k2: n 1395 cal risk 0.0502 HB p 4.689e-32; k3: n 1428 cal risk 0.0539 HB p 4.489e-30; k4: n 1439 cal risk 0.1293 HB p 0.0377
[diag] draw 72: tier 1 cal⊂calpool,∉test=True | k0: n 1168 cal risk 0.0300 HB p 6.837e-42; k1: n 837 cal risk 0.0466 HB p 2.531e-21; k2: n 1422 cal risk 0.0499 HB p 7.734e-33; k3: n 1435 cal risk 0.0683 HB p 7.25e-21; k4: n 1438 cal risk 0.1300 HB p 0.04697
[diag] draw 73: tier 1 cal⊂calpool,∉test=True | k0: n 1200 cal risk 0.0267 HB p 4.323e-46; k1: n 901 cal risk 0.0377 HB p 1.128e-27; k2: n 1373 cal risk 0.0510 HB p 5.386e-31; k3: n 1393 cal risk 0.0567 HB p 1.669e-27; k4: n 1433 cal risk 0.1270 HB p 0.01968
[diag] draw 76: tier 1 cal⊂calpool,∉test=True | k0: n 1211 cal risk 0.0173 HB p 1.406e-56; k1: n 832 cal risk 0.0300 HB p 4.12e-30; k2: n 1409 cal risk 0.0369 HB p 2.193e-43; k3: n 1392 cal risk 0.0589 HB p 4.42e-26; k4: n 1456 cal risk 0.1291 HB p 0.04254
[diag] draw 77: tier 1 cal⊂calpool,∉test=True | k0: n 1203 cal risk 0.0291 HB p 6.564e-44; k1: n 870 cal risk 0.0471 HB p 7.3e-22; k2: n 1371 cal risk 0.0532 HB p 2.217e-29; k3: n 1435 cal risk 0.0627 HB p 1.83e-24; k4: n 1421 cal risk 0.1288 HB p 0.03422
[diag] draw 79: tier 1 cal⊂calpool,∉test=True | k0: n 1167 cal risk 0.0334 HB p 6.422e-39; k1: n 877 cal risk 0.0410 HB p 3.938e-25; k2: n 1423 cal risk 0.0513 HB p 7.58e-32; k3: n 1459 cal risk 0.0733 HB p 6.924e-19; k4: n 1374 cal risk 0.1281 HB p 0.03118
[diag] draw 82: tier 1 cal⊂calpool,∉test=True | k0: n 1190 cal risk 0.0244 HB p 5.716e-48; k1: n 844 cal risk 0.0391 HB p 2.964e-25; k2: n 1426 cal risk 0.0505 HB p 1.653e-32; k3: n 1440 cal risk 0.0653 HB p 5.049e-23; k4: n 1400 cal risk 0.1279 HB p 0.02746
[diag] draw 83: tier 1 cal⊂calpool,∉test=True | k0: n 1173 cal risk 0.0392 HB p 1.451e-34; k1: n 826 cal risk 0.0496 HB p 1.075e-19; k2: n 1397 cal risk 0.0651 HB p 1.888e-22; k3: n 1466 cal risk 0.0853 HB p 1.762e-13; k4: n 1438 cal risk 0.1293 HB p 0.03874
[diag] draw 84: tier 1 cal⊂calpool,∉test=True | k0: n 1164 cal risk 0.0180 HB p 1.269e-53; k1: n 869 cal risk 0.0265 HB p 7.983e-34; k2: n 1373 cal risk 0.0415 HB p 2.727e-38; k3: n 1422 cal risk 0.0570 HB p 6.945e-28; k4: n 1472 cal risk 0.1291 HB p 0.03346
[diag] draw 85: tier 1 cal⊂calpool,∉test=True | k0: n 1214 cal risk 0.0247 HB p 1.452e-48; k1: n 878 cal risk 0.0296 HB p 5.274e-32; k2: n 1348 cal risk 0.0445 HB p 1.201e-34; k3: n 1449 cal risk 0.0656 HB p 5.409e-23; k4: n 1411 cal risk 0.1290 HB p 0.03702
[diag] draw 86: tier 1 cal⊂calpool,∉test=True | k0: n 1208 cal risk 0.0182 HB p 2.081e-55; k1: n 847 cal risk 0.0390 HB p 2.049e-25; k2: n 1391 cal risk 0.0474 HB p 5.278e-34; k3: n 1442 cal risk 0.0659 HB p 1.052e-22; k4: n 1412 cal risk 0.1289 HB p 0.036
[diag] draw 88: tier 1 cal⊂calpool,∉test=True | k0: n 1188 cal risk 0.0328 HB p 1.962e-39; k1: n 822 cal risk 0.0462 HB p 3.955e-21; k2: n 1399 cal risk 0.0543 HB p 3.263e-29; k3: n 1405 cal risk 0.0683 HB p 8.262e-21; k4: n 1486 cal risk 0.1306 HB p 0.04943
[diag] draw 89: tier 1 cal⊂calpool,∉test=True | k0: n 1216 cal risk 0.0197 HB p 5.328e-54; k1: n 862 cal risk 0.0383 HB p 3.213e-26; k2: n 1362 cal risk 0.0463 HB p 3.199e-34; k3: n 1455 cal risk 0.0605 HB p 3.456e-26; k4: n 1405 cal risk 0.1295 HB p 0.04364
[diag] draw 90: tier 1 cal⊂calpool,∉test=True | k0: n 1201 cal risk 0.0275 HB p 2.373e-45; k1: n 849 cal risk 0.0377 HB p 3.632e-26; k2: n 1401 cal risk 0.0528 HB p 2.704e-30; k3: n 1425 cal risk 0.0660 HB p 2.104e-22; k4: n 1424 cal risk 0.1278 HB p 0.02562
[diag] draw 91: tier 1 cal⊂calpool,∉test=True | k0: n 1195 cal risk 0.0243 HB p 2.866e-48; k1: n 871 cal risk 0.0413 HB p 8.133e-25; k2: n 1428 cal risk 0.0476 HB p 9.657e-35; k3: n 1397 cal risk 0.0766 HB p 1.369e-16; k4: n 1409 cal risk 0.1292 HB p 0.03912
[diag] draw 92: tier 1 cal⊂calpool,∉test=True | k0: n 1163 cal risk 0.0232 HB p 4.706e-48; k1: n 845 cal risk 0.0272 HB p 2.065e-32; k2: n 1385 cal risk 0.0419 HB p 2.609e-38; k3: n 1427 cal risk 0.0554 HB p 4.661e-29; k4: n 1480 cal risk 0.1297 HB p 0.03972
[diag] draw 93: tier 1 cal⊂calpool,∉test=True | k0: n 1187 cal risk 0.0211 HB p 2.739e-51; k1: n 839 cal risk 0.0310 HB p 9.086e-30; k2: n 1433 cal risk 0.0405 HB p 7.938e-41; k3: n 1452 cal risk 0.0585 HB p 2.152e-27; k4: n 1389 cal risk 0.1281 HB p 0.03063
[diag] draw 97: tier 1 cal⊂calpool,∉test=True | k0: n 1194 cal risk 0.0201 HB p 1.225e-52; k1: n 858 cal risk 0.0280 HB p 2.2e-32; k2: n 1402 cal risk 0.0421 HB p 1.365e-38; k3: n 1424 cal risk 0.0485 HB p 5.315e-34; k4: n 1422 cal risk 0.1280 HB p 0.02714
[diag] draw 98: tier 1 cal⊂calpool,∉test=True | k0: n 1207 cal risk 0.0257 HB p 2.563e-47; k1: n 859 cal risk 0.0501 HB p 3.022e-20; k2: n 1419 cal risk 0.0500 HB p 1.081e-32; k3: n 1432 cal risk 0.0719 HB p 2.828e-19; k4: n 1383 cal risk 0.1287 HB p 0.03631
[diag] draw 99: tier 1 cal⊂calpool,∉test=True | k0: n 1170 cal risk 0.0282 HB p 1.534e-43; k1: n 849 cal risk 0.0318 HB p 1.323e-29; k2: n 1394 cal risk 0.0516 HB p 5.665e-31; k3: n 1423 cal risk 0.0632 HB p 5.929e-24; k4: n 1464 cal risk 0.1298 HB p 0.04158
[diag] wrote results_v3/diagnostics/fashionmnist_ts0_random_dep.json
