[diag] splits: digests match=True sizes match=True disjoint+cover=True
[diag] lambda_ref=0.7778 edges=[2.0, 3.0, 4.0, 7.0] bucket ids numpy==reference_buckets: {'calpool': True, 'test': True}
[diag] tier 1 param 0.9495: deployed in 2 draws, flagged 2 | k0: cal 0.0319 (n 565) test 0.0183 (n 547) pooled 0.0252; k1: cal 0.0455 (n 3143) test 0.0503 (n 3162) pooled 0.0479; k2: cal 0.0485 (n 3173) test 0.0353 (n 3169) pooled 0.0419; k3: cal 0.0857 (n 3079) test 0.0761 (n 3129) pooled 0.0809; k4: cal 0.1424 (n 2640) test 0.1566 (n 2593) pooled 0.1494
[diag] tier 1 param 0.9596: deployed in 1 draws, flagged 1 | k0: cal 0.0212 (n 565) test 0.0146 (n 547) pooled 0.0180; k1: cal 0.0407 (n 3143) test 0.0468 (n 3162) pooled 0.0438; k2: cal 0.0429 (n 3173) test 0.0347 (n 3169) pooled 0.0388; k3: cal 0.0796 (n 3079) test 0.0716 (n 3129) pooled 0.0755; k4: cal 0.1417 (n 2640) test 0.1531 (n 2593) pooled 0.1473
[diag] tier 1 param 0.9697: deployed in 8 draws, flagged 8 | k0: cal 0.0177 (n 565) test 0.0146 (n 547) pooled 0.0162; k1: cal 0.0369 (n 3143) test 0.0421 (n 3162) pooled 0.0395; k2: cal 0.0394 (n 3173) test 0.0319 (n 3169) pooled 0.0356; k3: cal 0.0747 (n 3079) test 0.0674 (n 3129) pooled 0.0710; k4: cal 0.1379 (n 2640) test 0.1519 (n 2593) pooled 0.1448
[diag] tier 1 param 0.9798: deployed in 6 draws, flagged 6 | k0: cal 0.0177 (n 565) test 0.0146 (n 547) pooled 0.0162; k1: cal 0.0325 (n 3143) test 0.0395 (n 3162) pooled 0.0360; k2: cal 0.0356 (n 3173) test 0.0297 (n 3169) pooled 0.0326; k3: cal 0.0679 (n 3079) test 0.0636 (n 3129) pooled 0.0657; k4: cal 0.1360 (n 2640) test 0.1512 (n 2593) pooled 0.1435
[diag] tier 1 param 0.9899: deployed in 15 draws, flagged 15 | k0: cal 0.0088 (n 565) test 0.0146 (n 547) pooled 0.0117; k1: cal 0.0296 (n 3143) test 0.0348 (n 3162) pooled 0.0322; k2: cal 0.0328 (n 3173) test 0.0275 (n 3169) pooled 0.0301; k3: cal 0.0646 (n 3079) test 0.0582 (n 3129) pooled 0.0614; k4: cal 0.1330 (n 2640) test 0.1504 (n 2593) pooled 0.1416
[diag] tier 1 param 1.0000: deployed in 3 draws, flagged 3 | k0: cal 0.0071 (n 565) test 0.0091 (n 547) pooled 0.0081; k1: cal 0.0245 (n 3143) test 0.0300 (n 3162) pooled 0.0273; k2: cal 0.0299 (n 3173) test 0.0262 (n 3169) pooled 0.0281; k3: cal 0.0624 (n 3079) test 0.0550 (n 3129) pooled 0.0586; k4: cal 0.1326 (n 2640) test 0.1508 (n 2593) pooled 0.1416
[diag] tier 3 param 0.5463: deployed in 64 draws, flagged 0 | k0: cal 0.0053 (n 562) test 0.0073 (n 545) pooled 0.0063; k1: cal 0.0196 (n 3116) test 0.0233 (n 3131) pooled 0.0215; k2: cal 0.0241 (n 3147) test 0.0232 (n 3143) pooled 0.0237; k3: cal 0.0561 (n 3030) test 0.0446 (n 3071) pooled 0.0503; k4: cal 0.1130 (n 2514) test 0.1237 (n 2450) pooled 0.1183
[diag] tier 3 param 0.5775: deployed in 1 draws, flagged 0 | k0: cal 0.0053 (n 562) test 0.0073 (n 545) pooled 0.0063; k1: cal 0.0183 (n 3107) test 0.0221 (n 3120) pooled 0.0202; k2: cal 0.0226 (n 3139) test 0.0220 (n 3134) pooled 0.0223; k3: cal 0.0525 (n 3012) test 0.0419 (n 3052) pooled 0.0472; k4: cal 0.1048 (n 2471) test 0.1187 (n 2409) pooled 0.1117
[diag] draw 1: tier 1 cal⊂calpool,∉test=True | k0: n 281 cal risk 0.0142 HB p 1.069e-14; k1: n 1617 cal risk 0.0334 HB p 1.728e-53; k2: n 1556 cal risk 0.0321 HB p 6.391e-53; k3: n 1516 cal risk 0.0693 HB p 1.912e-21; k4: n 1330 cal risk 0.1293 HB p 0.04795
[diag] draw 4: tier 1 cal⊂calpool,∉test=True | k0: n 297 cal risk 0.0101 HB p 1.15e-16; k1: n 1622 cal risk 0.0382 HB p 2.334e-48; k2: n 1528 cal risk 0.0412 HB p 9.704e-43; k3: n 1506 cal risk 0.0710 HB p 2.528e-20; k4: n 1347 cal risk 0.1292 HB p 0.04453
[diag] draw 7: tier 1 cal⊂calpool,∉test=True | k0: n 306 cal risk 0.0261 HB p 1.318e-12; k1: n 1588 cal risk 0.0302 HB p 3.244e-56; k2: n 1587 cal risk 0.0422 HB p 2.169e-43; k3: n 1510 cal risk 0.0662 HB p 4.087e-23; k4: n 1309 cal risk 0.1291 HB p 0.04731
[diag] draw 8: tier 1 cal⊂calpool,∉test=True | k0: n 288 cal risk 0.0104 HB p 2.941e-16; k1: n 1581 cal risk 0.0329 HB p 6.832e-53; k2: n 1559 cal risk 0.0385 HB p 2.89e-46; k3: n 1560 cal risk 0.0705 HB p 1.088e-21; k4: n 1312 cal risk 0.1258 HB p 0.01849
[diag] draw 9: tier 1 cal⊂calpool,∉test=True | k0: n 293 cal risk 0.0068 HB p 7.861e-18; k1: n 1551 cal risk 0.0329 HB p 6.387e-52; k2: n 1583 cal risk 0.0354 HB p 3.237e-50; k3: n 1551 cal risk 0.0690 HB p 1.872e-22; k4: n 1322 cal risk 0.1271 HB p 0.02643
[diag] draw 10: tier 1 cal⊂calpool,∉test=True | k0: n 282 cal risk 0.0035 HB p 1.685e-18; k1: n 1580 cal risk 0.0247 HB p 6.854e-63; k2: n 1621 cal risk 0.0271 HB p 3.165e-61; k3: n 1525 cal risk 0.0630 HB p 9.032e-26; k4: n 1292 cal risk 0.1277 HB p 0.03385
[diag] draw 14: tier 1 cal⊂calpool,∉test=True | k0: n 266 cal risk 0.0038 HB p 2.14e-17; k1: n 1559 cal risk 0.0314 HB p 8.079e-54; k2: n 1596 cal risk 0.0288 HB p 3.372e-58; k3: n 1579 cal risk 0.0703 HB p 4.595e-22; k4: n 1300 cal risk 0.1277 HB p 0.03307
[diag] draw 16: tier 1 cal⊂calpool,∉test=True | k0: n 279 cal risk 0.0036 HB p 2.714e-18; k1: n 1568 cal risk 0.0293 HB p 1.403e-56; k2: n 1607 cal risk 0.0386 HB p 1.489e-47; k3: n 1499 cal risk 0.0660 HB p 1.866e-23; k4: n 1347 cal risk 0.1269 HB p 0.02392
[diag] draw 18: tier 1 cal⊂calpool,∉test=True | k0: n 275 cal risk 0.0109 HB p 3.255e-15; k1: n 1571 cal risk 0.0433 HB p 5.747e-42; k2: n 1668 cal risk 0.0414 HB p 2.115e-46; k3: n 1511 cal risk 0.0708 HB p 7.015e-21; k4: n 1275 cal risk 0.1247 HB p 0.01498
[diag] draw 22: tier 1 cal⊂calpool,∉test=True | k0: n 290 cal risk 0.0034 HB p 4.722e-19; k1: n 1615 cal risk 0.0322 HB p 8.335e-55; k2: n 1576 cal risk 0.0368 HB p 1.725e-48; k3: n 1523 cal risk 0.0676 HB p 7.307e-23; k4: n 1296 cal risk 0.1281 HB p 0.04557
[diag] draw 23: tier 1 cal⊂calpool,∉test=True | k0: n 286 cal risk 0.0105 HB p 3.988e-16; k1: n 1582 cal risk 0.0240 HB p 7.418e-64; k2: n 1584 cal risk 0.0240 HB p 5.625e-64; k3: n 1531 cal risk 0.0594 HB p 3.382e-28; k4: n 1317 cal risk 0.1291 HB p 0.04622
[diag] draw 24: tier 1 cal⊂calpool,∉test=True | k0: n 283 cal risk 0.0177 HB p 7.998e-14; k1: n 1576 cal risk 0.0336 HB p 6.645e-52; k2: n 1606 cal risk 0.0361 HB p 3.988e-50; k3: n 1541 cal risk 0.0681 HB p 8.127e-23; k4: n 1294 cal risk 0.1275 HB p 0.03192
[diag] draw 26: tier 1 cal⊂calpool,∉test=True | k0: n 291 cal risk 0.0137 HB p 2.416e-15; k1: n 1571 cal risk 0.0344 HB p 3.079e-50; k2: n 1617 cal risk 0.0439 HB p 1.445e-42; k3: n 1509 cal risk 0.0775 HB p 2.334e-17; k4: n 1312 cal risk 0.1258 HB p 0.01849
[diag] draw 27: tier 1 cal⊂calpool,∉test=True | k0: n 283 cal risk 0.0106 HB p 6.295e-16; k1: n 1558 cal risk 0.0276 HB p 2.494e-58; k2: n 1558 cal risk 0.0295 HB p 5.294e-56; k3: n 1564 cal risk 0.0639 HB p 9.383e-26; k4: n 1337 cal risk 0.1279 HB p 0.03212
[diag] draw 28: tier 1 cal⊂calpool,∉test=True | k0: n 303 cal risk 0.0000 HB p 4.111e-22; k1: n 1596 cal risk 0.0301 HB p 1.128e-56; k2: n 1640 cal risk 0.0390 HB p 4.863e-48; k3: n 1494 cal risk 0.0643 HB p 1.842e-24; k4: n 1267 cal risk 0.1263 HB p 0.02425
[diag] draw 30: tier 1 cal⊂calpool,∉test=True | k0: n 307 cal risk 0.0358 HB p 1.81e-10; k1: n 1538 cal risk 0.0494 HB p 7.818e-36; k2: n 1635 cal risk 0.0453 HB p 9.446e-42; k3: n 1514 cal risk 0.0885 HB p 1.489e-12; k4: n 1306 cal risk 0.1271 HB p 0.02769
[diag] draw 31: tier 1 cal⊂calpool,∉test=True | k0: n 311 cal risk 0.0193 HB p 2.497e-14; k1: n 1555 cal risk 0.0360 HB p 1.114e-48; k2: n 1590 cal risk 0.0377 HB p 6.212e-48; k3: n 1534 cal risk 0.0671 HB p 2.62e-23; k4: n 1310 cal risk 0.1267 HB p 0.02456
[diag] draw 36: tier 1 cal⊂calpool,∉test=True | k0: n 282 cal risk 0.0071 HB p 4.357e-17; k1: n 1556 cal risk 0.0328 HB p 3.346e-52; k2: n 1608 cal risk 0.0348 HB p 1.354e-51; k3: n 1500 cal risk 0.0613 HB p 2.107e-26; k4: n 1354 cal risk 0.1285 HB p 0.03661
[diag] draw 37: tier 1 cal⊂calpool,∉test=True | k0: n 278 cal risk 0.0180 HB p 1.651e-13; k1: n 1549 cal risk 0.0349 HB p 5.012e-49; k2: n 1622 cal risk 0.0395 HB p 4.426e-47; k3: n 1531 cal risk 0.0784 HB p 3.538e-17; k4: n 1320 cal risk 0.1273 HB p 0.02805
[diag] draw 38: tier 1 cal⊂calpool,∉test=True | k0: n 282 cal risk 0.0213 HB p 7.707e-13; k1: n 1541 cal risk 0.0292 HB p 8.737e-56; k2: n 1594 cal risk 0.0339 HB p 3.317e-52; k3: n 1509 cal risk 0.0742 HB p 4.986e-19; k4: n 1374 cal risk 0.1274 HB p 0.02529
[diag] draw 39: tier 1 cal⊂calpool,∉test=True | k0: n 281 cal risk 0.0285 HB p 3.903e-11; k1: n 1545 cal risk 0.0362 HB p 3.923e-48; k2: n 1567 cal risk 0.0447 HB p 1.351e-40; k3: n 1556 cal risk 0.0797 HB p 8.531e-17; k4: n 1351 cal risk 0.1273 HB p 0.02633
[diag] draw 44: tier 1 cal⊂calpool,∉test=True | k0: n 284 cal risk 0.0070 HB p 3.192e-17; k1: n 1573 cal risk 0.0280 HB p 2.035e-58; k2: n 1596 cal risk 0.0363 HB p 1.403e-49; k3: n 1530 cal risk 0.0699 HB p 1.267e-21; k4: n 1317 cal risk 0.1260 HB p 0.01983
[diag] draw 49: tier 1 cal⊂calpool,∉test=True | k0: n 291 cal risk 0.0069 HB p 1.073e-17; k1: n 1558 cal risk 0.0327 HB p 1.327e-51; k2: n 1594 cal risk 0.0326 HB p 1.271e-53; k3: n 1564 cal risk 0.0748 HB p 2.308e-19; k4: n 1293 cal risk 0.1292 HB p 0.04956
[diag] draw 55: tier 1 cal⊂calpool,∉test=True | k0: n 279 cal risk 0.0143 HB p 1.439e-14; k1: n 1535 cal risk 0.0280 HB p 5.494e-57; k2: n 1639 cal risk 0.0317 HB p 3.664e-56; k3: n 1550 cal risk 0.0658 HB p 2.335e-24; k4: n 1297 cal risk 0.1272 HB p 0.02921
[diag] draw 56: tier 1 cal⊂calpool,∉test=True | k0: n 287 cal risk 0.0209 HB p 7.586e-13; k1: n 1565 cal risk 0.0313 HB p 3.686e-54; k2: n 1603 cal risk 0.0318 HB p 7.481e-55; k3: n 1574 cal risk 0.0705 HB p 7.208e-22; k4: n 1271 cal risk 0.1282 HB p 0.04101
[diag] draw 71: tier 1 cal⊂calpool,∉test=True | k0: n 299 cal risk 0.0167 HB p 7.787e-15; k1: n 1551 cal risk 0.0361 HB p 1.843e-48; k2: n 1626 cal risk 0.0412 HB p 2.001e-45; k3: n 1537 cal risk 0.0755 HB p 1.051e-18; k4: n 1287 cal risk 0.1274 HB p 0.03172
[diag] draw 73: tier 1 cal⊂calpool,∉test=True | k0: n 309 cal risk 0.0388 HB p 6.302e-10; k1: n 1560 cal risk 0.0449 HB p 3.063e-40; k2: n 1620 cal risk 0.0543 HB p 1.241e-33; k3: n 1526 cal risk 0.0891 HB p 2.124e-12; k4: n 1285 cal risk 0.1261 HB p 0.02176
[diag] draw 82: tier 1 cal⊂calpool,∉test=True | k0: n 279 cal risk 0.0072 HB p 6.948e-17; k1: n 1537 cal risk 0.0228 HB p 9.905e-64; k2: n 1618 cal risk 0.0247 HB p 2.538e-64; k3: n 1560 cal risk 0.0590 HB p 4.948e-29; k4: n 1306 cal risk 0.1286 HB p 0.04208
[diag] draw 84: tier 1 cal⊂calpool,∉test=True | k0: n 288 cal risk 0.0104 HB p 2.941e-16; k1: n 1530 cal risk 0.0294 HB p 3.77e-55; k2: n 1568 cal risk 0.0332 HB p 3.66e-52; k3: n 1556 cal risk 0.0643 HB p 2.034e-25; k4: n 1358 cal risk 0.1281 HB p 0.03266
[diag] draw 86: tier 1 cal⊂calpool,∉test=True | k0: n 282 cal risk 0.0071 HB p 4.357e-17; k1: n 1620 cal risk 0.0321 HB p 2.282e-54; k2: n 1548 cal risk 0.0329 HB p 4.805e-51; k3: n 1549 cal risk 0.0658 HB p 2.568e-24; k4: n 1301 cal risk 0.1276 HB p 0.03211
[diag] draw 90: tier 1 cal⊂calpool,∉test=True | k0: n 280 cal risk 0.0143 HB p 1.241e-14; k1: n 1586 cal risk 0.0359 HB p 1.054e-49; k2: n 1587 cal risk 0.0410 HB p 1.317e-44; k3: n 1562 cal risk 0.0813 HB p 4.404e-16; k4: n 1285 cal risk 0.1284 HB p 0.04144
[diag] draw 92: tier 1 cal⊂calpool,∉test=True | k0: n 266 cal risk 0.0113 HB p 8.309e-15; k1: n 1598 cal risk 0.0319 HB p 1.435e-54; k2: n 1587 cal risk 0.0378 HB p 9.017e-48; k3: n 1546 cal risk 0.0712 HB p 3.813e-21; k4: n 1303 cal risk 0.1289 HB p 0.04579
[diag] draw 93: tier 1 cal⊂calpool,∉test=True | k0: n 288 cal risk 0.0104 HB p 2.941e-16; k1: n 1593 cal risk 0.0289 HB p 5.032e-58; k2: n 1596 cal risk 0.0351 HB p 6.225e-51; k3: n 1529 cal risk 0.0706 HB p 3.246e-21; k4: n 1294 cal risk 0.1283 HB p 0.03935
[diag] draw 97: tier 1 cal⊂calpool,∉test=True | k0: n 288 cal risk 0.0104 HB p 2.941e-16; k1: n 1604 cal risk 0.0224 HB p 6.422e-67; k2: n 1556 cal risk 0.0373 HB p 2.1e-47; k3: n 1532 cal risk 0.0587 HB p 1.086e-28; k4: n 1320 cal risk 0.1280 HB p 0.03464
[diag] draw 98: tier 1 cal⊂calpool,∉test=True | k0: n 285 cal risk 0.0140 HB p 5.901e-15; k1: n 1548 cal risk 0.0284 HB p 5.808e-57; k2: n 1595 cal risk 0.0339 HB p 2.918e-52; k3: n 1546 cal risk 0.0614 HB p 4.261e-27; k4: n 1326 cal risk 0.1282 HB p 0.03584
[diag] wrote results_v3/diagnostics/fashionmnist_ts0_greedy_entropy_dep.json
