csv-diabetes_policy_change  [repair:policy_change] lr[0.5]=0.500 deepest k=0: feasible (rmin 0.095, full 0.095) -> feasible (rmin 0.094, full 0.095); tier1 1.00 -> 1.00; viol 0.00 -> 0.00; certviol 0.00 -> 0.00; verdict agreement 5/5 -> 5/5
csv-diabetes_policy_change  [repair:policy_change] lr[0.7]=0.700 deepest k=0: feasible (rmin 0.095, full 0.095) -> feasible (rmin 0.094, full 0.095); tier1 1.00 -> 1.00; viol 0.00 -> 0.00; certviol 0.00 -> 0.00; verdict agreement 5/5 -> 5/5
csv-diabetes_policy_change  [repair:policy_change] lr[0.9]=0.900 deepest k=4: type_II (rmin 0.357, full 0.357) -> type_II (rmin 0.352, full 0.357); tier1 0.00 -> 0.00; viol 0.00 -> 0.00; certviol 0.00 -> 0.00; verdict agreement 5/5 -> 5/5
csv-diabetes_policy_change  [repair:policy_change] lr[dep]=0.828 deepest k=3: type_II (rmin 0.241, full 0.241) -> type_II (rmin 0.236, full 0.241); tier1 0.00 -> 0.00; viol 0.00 -> 0.00; certviol 0.00 -> 0.00; verdict agreement 5/5 -> 5/5
csv-physionet_policy_change  [repair:policy_change] lr[0.5]=0.500 deepest k=0: feasible (rmin 0.126, full 0.126) -> feasible (rmin 0.126, full 0.126); tier1 1.00 -> 1.00; viol 0.00 -> 0.00; certviol 0.00 -> 0.00; verdict agreement 5/5 -> 5/5
csv-physionet_policy_change  [repair:policy_change] lr[0.7]=0.700 deepest k=0: feasible (rmin 0.126, full 0.126) -> feasible (rmin 0.126, full 0.126); tier1 1.00 -> 1.00; viol 0.00 -> 0.00; certviol 0.00 -> 0.00; verdict agreement 5/5 -> 5/5
csv-physionet_policy_change  [repair:policy_change] lr[0.9]=0.900 deepest k=1: feasible (rmin 0.184, full 0.187) -> feasible (rmin 0.187, full 0.187); tier1 0.15 -> 0.15; viol 0.06 -> 0.02; certviol 0.00 -> 0.00; verdict agreement 5/5 -> 5/5
csv-physionet_policy_change  [repair:policy_change] lr[dep]=0.000 deepest k=0: feasible (rmin 0.126, full 0.126) -> feasible (rmin 0.126, full 0.126); tier1 1.00 -> 1.00; viol 0.00 -> 0.00; certviol 0.00 -> 0.00; verdict agreement 5/5 -> 5/5
cube_policy_change  [repair:policy_change] lr[0.5]=0.500 deepest k=3: feasible (rmin 0.054, full 0.054) -> feasible (rmin 0.054, full 0.054); tier1 1.00 -> 1.00; viol 0.00 -> 0.00; certviol 0.00 -> 0.00; verdict agreement 5/5 -> 5/5
cube_policy_change  [repair:policy_change] lr[0.7]=0.700 deepest k=3: feasible (rmin 0.080, full 0.083) -> feasible (rmin 0.083, full 0.083); tier1 0.99 -> 0.99; viol 0.00 -> 0.01; certviol 0.00 -> 0.00; verdict agreement 5/5 -> 5/5
cube_policy_change  [repair:policy_change] lr[0.9]=0.900 deepest k=3: feasible (rmin 0.145, full 0.147) -> feasible (rmin 0.147, full 0.147); tier1 0.03 -> 0.03; viol 0.02 -> 0.02; certviol 0.00 -> 0.01; verdict agreement 5/5 -> 5/5
cube_policy_change  [repair:policy_change] lr[dep]=0.707 deepest k=3: feasible (rmin 0.080, full 0.083) -> feasible (rmin 0.083, full 0.083); tier1 0.99 -> 0.99; viol 0.00 -> 0.02; certviol 0.00 -> 0.00; verdict agreement 5/5 -> 5/5
fashionmnist_policy_change  [repair:policy_change] lr[0.5]=0.500 deepest k=3: feasible (rmin 0.082, full 0.085) -> feasible (rmin 0.084, full 0.085); tier1 1.00 -> 1.00; viol 0.03 -> 0.00; certviol 0.00 -> 0.00; verdict agreement 5/5 -> 5/5
fashionmnist_policy_change  [repair:policy_change] lr[0.7]=0.700 deepest k=4: feasible (rmin 0.114, full 0.116) -> feasible (rmin 0.116, full 0.116); tier1 0.70 -> 0.70; viol 0.13 -> 0.01; certviol 0.01 -> 0.00; verdict agreement 5/5 -> 5/5
fashionmnist_policy_change  [repair:policy_change] lr[0.9]=0.900 deepest k=4: type_II (rmin 0.170, full 0.171) -> type_II (rmin 0.171, full 0.171); tier1 0.00 -> 0.00; viol 0.00 -> 0.00; certviol 0.00 -> 0.00; verdict agreement 5/5 -> 5/5
fashionmnist_policy_change  [repair:policy_change] lr[dep]=0.778 deepest k=4: feasible (rmin 0.126, full 0.129) -> feasible (rmin 0.128, full 0.129); tier1 0.12 -> 0.12; viol 0.10 -> 0.10; certviol 0.01 -> 0.01; verdict agreement 5/5 -> 5/5
image-imagenette_policy_change  [repair:policy_change] lr[0.5]=0.500 deepest k=2: feasible (rmin 0.050, full 0.050) -> feasible (rmin 0.048, full 0.050); tier1 0.64 -> 0.64; viol 0.00 -> 0.03; certviol 0.00 -> 0.00; verdict agreement 5/5 -> 5/5
image-imagenette_policy_change  [repair:policy_change] lr[0.7]=0.700 deepest k=3: feasible (rmin 0.050, full 0.050) -> feasible (rmin 0.050, full 0.050); tier1 0.58 -> 0.58; viol 0.00 -> 0.06; certviol 0.00 -> 0.00; verdict agreement 5/5 -> 5/5
image-imagenette_policy_change  [repair:policy_change] lr[0.9]=0.900 deepest k=3: feasible (rmin 0.092, full 0.092) -> feasible (rmin 0.092, full 0.092); tier1 0.01 -> 0.01; viol 0.01 -> 0.01; certviol 0.00 -> 0.00; verdict agreement 5/5 -> 5/5
image-imagenette_policy_change  [repair:policy_change] lr[dep]=0.838 deepest k=3: feasible (rmin 0.083, full 0.083) -> feasible (rmin 0.081, full 0.083); tier1 0.09 -> 0.09; viol 0.00 -> 0.01; certviol 0.00 -> 0.00; verdict agreement 5/5 -> 5/5
mnist_policy_change  [repair:policy_change] lr[0.5]=0.500 deepest k=4: feasible (rmin 0.006, full 0.006) -> feasible (rmin 0.006, full 0.006); tier1 1.00 -> 1.00; viol 0.00 -> 0.00; certviol 0.00 -> 0.00; verdict agreement 5/5 -> 5/5
mnist_policy_change  [repair:policy_change] lr[0.7]=0.700 deepest k=4: feasible (rmin 0.008, full 0.008) -> feasible (rmin 0.008, full 0.008); tier1 1.00 -> 1.00; viol 0.00 -> 0.16; certviol 0.00 -> 0.00; verdict agreement 5/5 -> 5/5
mnist_policy_change  [repair:policy_change] lr[0.9]=0.900 deepest k=4: feasible (rmin 0.013, full 0.013) -> feasible (rmin 0.013, full 0.013); tier1 1.00 -> 1.00; viol 0.00 -> 0.05; certviol 0.00 -> 0.00; verdict agreement 5/5 -> 5/5
mnist_policy_change  [repair:policy_change] lr[dep]=0.788 deepest k=4: feasible (rmin 0.012, full 0.012) -> feasible (rmin 0.012, full 0.012); tier1 1.00 -> 1.00; viol 0.00 -> 0.08; certviol 0.00 -> 0.00; verdict agreement 5/5 -> 5/5
mnist_predictor_upgrade  [repair:predictor_upgrade] lr[0.5]=0.500 deepest k=4: feasible (rmin 0.144, full 0.145) -> feasible (rmin 0.008, full 0.008); tier1 0.04 -> 1.00; viol 0.04 -> 0.00; certviol 0.00 -> 0.00; verdict agreement 5/5 -> 5/5
mnist_predictor_upgrade  [repair:predictor_upgrade] lr[0.7]=0.700 deepest k=4: type_II (rmin 0.195, full 0.196) -> feasible (rmin 0.010, full 0.010); tier1 0.00 -> 1.00; viol 0.00 -> 0.00; certviol 0.00 -> 0.00; verdict agreement 5/5 -> 5/5
mnist_predictor_upgrade  [repair:predictor_upgrade] lr[0.9]=0.900 deepest k=4: type_II (rmin 0.255, full 0.255) -> feasible (rmin 0.011, full 0.011); tier1 0.00 -> 1.00; viol 0.00 -> 0.03; certviol 0.00 -> 0.00; verdict agreement 5/5 -> 5/5
mnist_predictor_upgrade  [repair:predictor_upgrade] lr[dep]=0.869 deepest k=4: type_II (rmin 0.295, full 0.296) -> feasible (rmin 0.011, full 0.012); tier1 0.00 -> 1.00; viol 0.00 -> 0.00; certviol 0.00 -> 0.00; verdict agreement 5/5 -> 5/5
tabular-MiniBooNE_policy_change  [repair:policy_change] lr[0.5]=0.500 deepest k=0: feasible (rmin 0.075, full 0.075) -> feasible (rmin 0.075, full 0.075); tier1 1.00 -> 1.00; viol 0.00 -> 0.00; certviol 0.00 -> 0.00; verdict agreement 5/5 -> 5/5
tabular-MiniBooNE_policy_change  [repair:policy_change] lr[0.7]=0.700 deepest k=0: feasible (rmin 0.075, full 0.075) -> feasible (rmin 0.075, full 0.075); tier1 1.00 -> 1.00; viol 0.00 -> 0.00; certviol 0.00 -> 0.00; verdict agreement 5/5 -> 5/5
tabular-MiniBooNE_policy_change  [repair:policy_change] lr[0.9]=0.900 deepest k=4: type_II (rmin 0.198, full 0.198) -> type_II (rmin 0.198, full 0.198); tier1 0.00 -> 0.00; viol 0.01 -> 0.01; certviol 0.00 -> 0.00; verdict agreement 5/5 -> 5/5
tabular-MiniBooNE_policy_change  [repair:policy_change] lr[dep]=0.778 deepest k=3: feasible (rmin 0.132, full 0.132) -> feasible (rmin 0.132, full 0.132); tier1 0.26 -> 0.26; viol 0.03 -> 0.02; certviol 0.00 -> 0.00; verdict agreement 5/5 -> 5/5
tabular-MiniBooNE_predictor_upgrade  [repair:predictor_upgrade] lr[0.5]=0.500 deepest k=0: feasible (rmin 0.082, full 0.082) -> feasible (rmin 0.075, full 0.075); tier1 1.00 -> 1.00; viol 0.00 -> 0.00; certviol 0.00 -> 0.00; verdict agreement 5/5 -> 5/5
tabular-MiniBooNE_predictor_upgrade  [repair:predictor_upgrade] lr[0.7]=0.700 deepest k=0: feasible (rmin 0.082, full 0.082) -> feasible (rmin 0.075, full 0.075); tier1 1.00 -> 1.00; viol 0.00 -> 0.00; certviol 0.00 -> 0.00; verdict agreement 5/5 -> 5/5
tabular-MiniBooNE_predictor_upgrade  [repair:predictor_upgrade] lr[0.9]=0.900 deepest k=4: type_II (rmin 0.247, full 0.248) -> type_II (rmin 0.223, full 0.223); tier1 0.00 -> 0.00; viol 0.03 -> 0.01; certviol 0.00 -> 0.00; verdict agreement 5/5 -> 5/5
tabular-MiniBooNE_predictor_upgrade  [repair:predictor_upgrade] lr[dep]=0.727 deepest k=3: unresolved (rmin 0.157, full 0.157) -> feasible (rmin 0.142, full 0.143); tier1 0.00 -> 0.01; viol 0.00 -> 0.01; certviol 0.00 -> 0.01; verdict agreement 1/5 -> 2/5
tabular-adult_policy_change  [repair:policy_change] lr[0.5]=0.500 deepest k=0: feasible (rmin 0.147, full 0.147) -> feasible (rmin 0.147, full 0.147); tier1 1.00 -> 1.00; viol 0.01 -> 0.01; certviol 0.00 -> 0.00; verdict agreement 5/5 -> 5/5
tabular-adult_policy_change  [repair:policy_change] lr[0.7]=0.700 deepest k=0: feasible (rmin 0.147, full 0.147) -> feasible (rmin 0.147, full 0.147); tier1 1.00 -> 1.00; viol 0.01 -> 0.01; certviol 0.00 -> 0.00; verdict agreement 5/5 -> 5/5
tabular-adult_policy_change  [repair:policy_change] lr[0.9]=0.900 deepest k=2: type_II (rmin 0.302, full 0.303) -> type_II (rmin 0.301, full 0.303); tier1 0.00 -> 0.00; viol 0.05 -> 0.05; certviol 0.00 -> 0.00; verdict agreement 5/5 -> 5/5
tabular-adult_policy_change  [repair:policy_change] lr[dep]=0.758 deepest k=2: unresolved (rmin 0.253, full 0.254) -> feasible (rmin 0.248, full 0.254); tier1 0.00 -> 0.00; viol 0.02 -> 0.02; certviol 0.00 -> 0.00; verdict agreement 2/5 -> 4/5
tabular-adult_predictor_upgrade  [repair:predictor_upgrade] lr[0.5]=0.500 deepest k=0: feasible (rmin 0.148, full 0.148) -> feasible (rmin 0.147, full 0.147); tier1 1.00 -> 1.00; viol 0.01 -> 0.01; certviol 0.00 -> 0.00; verdict agreement 5/5 -> 5/5
tabular-adult_predictor_upgrade  [repair:predictor_upgrade] lr[0.7]=0.700 deepest k=0: feasible (rmin 0.148, full 0.148) -> feasible (rmin 0.147, full 0.147); tier1 1.00 -> 1.00; viol 0.01 -> 0.01; certviol 0.00 -> 0.00; verdict agreement 5/5 -> 5/5
tabular-adult_predictor_upgrade  [repair:predictor_upgrade] lr[0.9]=0.900 deepest k=2: type_II (rmin 0.296, full 0.296) -> type_II (rmin 0.292, full 0.292); tier1 0.00 -> 0.00; viol 0.11 -> 0.18; certviol 0.00 -> 0.05; verdict agreement 5/5 -> 5/5
tabular-adult_predictor_upgrade  [repair:predictor_upgrade] lr[dep]=0.758 deepest k=1: feasible (rmin 0.196, full 0.197) -> feasible (rmin 0.194, full 0.194); tier1 1.00 -> 0.99; viol 0.00 -> 0.00; certviol 0.00 -> 0.00; verdict agreement 5/5 -> 5/5
