[diag] lambda_ref=0.7778 edges=[3.0, 4.0, 6.0, 10.0] splits=[778, 779, 780, 781, 782]
[diag] split 778: digests=True sizes=True disjoint+cover=True buckets={'calpool': True, 'test': True} | draws 20 raw viol 0.5 certified 0.05
[diag]   tier 1 param 0.9192: deployed in 1 draws, flagged 1 | k0: cal 0.0410 (n 2391) test 0.0378 (n 2352) pooled 0.0394; k1: cal 0.0521 (n 1709) test 0.0520 (n 1711) pooled 0.0520; k2: cal 0.0597 (n 2798) test 0.0623 (n 2808) pooled 0.0610; k3: cal 0.0789 (n 2850) test 0.0670 (n 2896) pooled 0.0729; k4: cal 0.1466 (n 2852) test 0.1740 (n 2833) pooled 0.1602
[diag]   tier 1 param 0.9596: deployed in 2 draws, flagged 2 | k0: cal 0.0259 (n 2391) test 0.0285 (n 2352) pooled 0.0272; k1: cal 0.0392 (n 1709) test 0.0368 (n 1711) pooled 0.0380; k2: cal 0.0490 (n 2798) test 0.0442 (n 2808) pooled 0.0466; k3: cal 0.0635 (n 2850) test 0.0518 (n 2896) pooled 0.0576; k4: cal 0.1346 (n 2852) test 0.1606 (n 2833) pooled 0.1476
[diag]   tier 1 param 0.9697: deployed in 5 draws, flagged 5 | k0: cal 0.0217 (n 2391) test 0.0230 (n 2352) pooled 0.0223; k1: cal 0.0386 (n 1709) test 0.0327 (n 1711) pooled 0.0357; k2: cal 0.0479 (n 2798) test 0.0406 (n 2808) pooled 0.0442; k3: cal 0.0593 (n 2850) test 0.0497 (n 2896) pooled 0.0545; k4: cal 0.1315 (n 2852) test 0.1595 (n 2833) pooled 0.1455
[diag]   tier 1 param 0.9798: deployed in 1 draws, flagged 1 | k0: cal 0.0213 (n 2391) test 0.0183 (n 2352) pooled 0.0198; k1: cal 0.0316 (n 1709) test 0.0304 (n 1711) pooled 0.0310; k2: cal 0.0440 (n 2798) test 0.0381 (n 2808) pooled 0.0410; k3: cal 0.0561 (n 2850) test 0.0487 (n 2896) pooled 0.0524; k4: cal 0.1311 (n 2852) test 0.1571 (n 2833) pooled 0.1441
[diag]   tier 1 param 0.9899: deployed in 1 draws, flagged 1 | k0: cal 0.0201 (n 2391) test 0.0162 (n 2352) pooled 0.0181; k1: cal 0.0298 (n 1709) test 0.0263 (n 1711) pooled 0.0281; k2: cal 0.0411 (n 2798) test 0.0356 (n 2808) pooled 0.0384; k3: cal 0.0544 (n 2850) test 0.0452 (n 2896) pooled 0.0498; k4: cal 0.1294 (n 2852) test 0.1560 (n 2833) pooled 0.1427
[diag]   tier 3 param 0.5061: deployed in 10 draws, flagged 0 | k0: cal 0.0143 (n 2384) test 0.0136 (n 2347) pooled 0.0140; k1: cal 0.0270 (n 1705) test 0.0252 (n 1706) pooled 0.0261; k2: cal 0.0377 (n 2782) test 0.0315 (n 2790) pooled 0.0346; k3: cal 0.0495 (n 2830) test 0.0373 (n 2871) pooled 0.0433; k4: cal 0.1170 (n 2786) test 0.1380 (n 2739) pooled 0.1274
[diag]   draw 1: tier 1 cal⊂calpool,∉test=True test p_min=0.08205780821518374 (sweep match True) | k0: n 1220 cal risk 0.0221 HB p 1.635e-51; k1: n 854 cal risk 0.0433 HB p 2.476e-23; k2: n 1413 cal risk 0.0481 HB p 5.321e-34; k3: n 1408 cal risk 0.0597 HB p 6.813e-26; k4: n 1405 cal risk 0.1288 HB p 0.03583
[diag]   draw 3: tier 1 cal⊂calpool,∉test=True test p_min=0.08205780821518374 (sweep match True) | k0: n 1208 cal risk 0.0224 HB p 8.791e-51; k1: n 875 cal risk 0.0343 HB p 6.176e-29; k2: n 1367 cal risk 0.0534 HB p 3.416e-29; k3: n 1438 cal risk 0.0605 HB p 6.958e-26; k4: n 1412 cal risk 0.1289 HB p 0.036
[diag]   draw 6: tier 1 cal⊂calpool,∉test=True test p_min=0.060996385787767095 (sweep match True) | k0: n 1197 cal risk 0.0343 HB p 3.432e-39; k1: n 863 cal risk 0.0313 HB p 2.122e-30; k2: n 1418 cal risk 0.0522 HB p 4.243e-31; k3: n 1420 cal risk 0.0683 HB p 4.994e-21; k4: n 1402 cal risk 0.1291 HB p 0.03894
[diag]   draw 7: tier 1 cal⊂calpool,∉test=True test p_min=0.08205780821518374 (sweep match True) | k0: n 1209 cal risk 0.0256 HB p 1.95e-47; k1: n 854 cal risk 0.0316 HB p 6.888e-30; k2: n 1410 cal risk 0.0468 HB p 5.988e-35; k3: n 1429 cal risk 0.0623 HB p 1.246e-24; k4: n 1398 cal risk 0.1266 HB p 0.01902
[diag]   draw 8: tier 1 cal⊂calpool,∉test=True test p_min=0.08205780821518374 (sweep match True) | k0: n 1177 cal risk 0.0229 HB p 6.692e-49; k1: n 862 cal risk 0.0383 HB p 3.213e-26; k2: n 1403 cal risk 0.0371 HB p 4.644e-43; k3: n 1454 cal risk 0.0564 HB p 7.191e-29; k4: n 1404 cal risk 0.1296 HB p 0.04484
[diag]   draw 10: tier 1 cal⊂calpool,∉test=True test p_min=0.08205780821518374 (sweep match True) | k0: n 1201 cal risk 0.0233 HB p 1.743e-49; k1: n 872 cal risk 0.0367 HB p 2.05e-27; k2: n 1431 cal risk 0.0496 HB p 2.828e-33; k3: n 1417 cal risk 0.0558 HB p 1.342e-28; k4: n 1379 cal risk 0.1276 HB p 0.02698
[diag]   draw 12: tier 1 cal⊂calpool,∉test=True test p_min=0.15189019477865529 (sweep match True) | k0: n 1190 cal risk 0.0168 HB p 2.988e-56; k1: n 868 cal risk 0.0323 HB p 5.888e-30; k2: n 1376 cal risk 0.0443 HB p 4.541e-36; k3: n 1433 cal risk 0.0607 HB p 1.15e-25; k4: n 1433 cal risk 0.1291 HB p 0.03651
[diag]   draw 14: tier 1 cal⊂calpool,∉test=True test p_min=0.19151954545271344 (sweep match True) | k0: n 1179 cal risk 0.0237 HB p 3.697e-48; k1: n 880 cal risk 0.0261 HB p 1.787e-34; k2: n 1368 cal risk 0.0351 HB p 7.854e-44; k3: n 1400 cal risk 0.0521 HB p 9.464e-31; k4: n 1473 cal risk 0.1290 HB p 0.03255
[diag]   draw 16: tier 1 cal⊂calpool,∉test=True test p_min=0.060996385787767095 (sweep match True) | k0: n 1198 cal risk 0.0284 HB p 2.163e-44; k1: n 875 cal risk 0.0434 HB p 7.957e-24; k2: n 1422 cal risk 0.0570 HB p 6.945e-28; k3: n 1401 cal risk 0.0650 HB p 1.287e-22; k4: n 1404 cal risk 0.1296 HB p 0.04484
[diag]   draw 18: tier 1 cal⊂calpool,∉test=True test p_min=0.00024357834310459383 (sweep match True) | k0: n 1177 cal risk 0.0382 HB p 2.031e-35; k1: n 841 cal risk 0.0499 HB p 6.744e-20; k2: n 1394 cal risk 0.0560 HB p 5.08e-28; k3: n 1465 cal risk 0.0846 HB p 9.93e-14; k4: n 1423 cal risk 0.1300 HB p 0.04788
[diag] split 779: digests=True sizes=True disjoint+cover=True buckets={'calpool': True, 'test': True} | draws 20 raw viol 0.0 certified 0.0
[diag]   tier 3 param 0.5061: deployed in 9 draws, flagged 0 | k0: cal 0.0135 (n 2379) test 0.0145 (n 2352) pooled 0.0140; k1: cal 0.0279 (n 1756) test 0.0242 (n 1655) pooled 0.0261; k2: cal 0.0383 (n 2795) test 0.0310 (n 2777) pooled 0.0346; k3: cal 0.0424 (n 2808) test 0.0442 (n 2893) pooled 0.0433; k4: cal 0.1315 (n 2722) test 0.1234 (n 2803) pooled 0.1274
[diag]   tier 3 param 0.5560: deployed in 8 draws, flagged 0 | k0: cal 0.0122 (n 2371) test 0.0124 (n 2346) pooled 0.0123; k1: cal 0.0246 (n 1748) test 0.0219 (n 1645) pooled 0.0233; k2: cal 0.0361 (n 2773) test 0.0283 (n 2761) pooled 0.0322; k3: cal 0.0385 (n 2779) test 0.0408 (n 2867) pooled 0.0397; k4: cal 0.1210 (n 2652) test 0.1085 (n 2719) pooled 0.1147
[diag]   tier 3 param 0.5993: deployed in 3 draws, flagged 0 | k0: cal 0.0114 (n 2366) test 0.0124 (n 2343) pooled 0.0119; k1: cal 0.0207 (n 1737) test 0.0207 (n 1640) pooled 0.0207; k2: cal 0.0333 (n 2760) test 0.0269 (n 2748) pooled 0.0301; k3: cal 0.0352 (n 2756) test 0.0386 (n 2851) pooled 0.0369; k4: cal 0.1109 (n 2578) test 0.1012 (n 2647) pooled 0.1060
[diag] split 780: digests=True sizes=True disjoint+cover=True buckets={'calpool': True, 'test': True} | draws 20 raw viol 0.0 certified 0.0
[diag]   tier 1 param 0.9697: deployed in 1 draws, flagged 0 | k0: cal 0.0206 (n 2334) test 0.0241 (n 2409) pooled 0.0223; k1: cal 0.0362 (n 1714) test 0.0352 (n 1706) pooled 0.0357; k2: cal 0.0427 (n 2788) test 0.0458 (n 2818) pooled 0.0442; k3: cal 0.0510 (n 2901) test 0.0580 (n 2845) pooled 0.0545; k4: cal 0.1432 (n 2863) test 0.1478 (n 2822) pooled 0.1455
[diag]   tier 3 param 0.5061: deployed in 15 draws, flagged 0 | k0: cal 0.0112 (n 2327) test 0.0166 (n 2404) pooled 0.0140; k1: cal 0.0263 (n 1709) test 0.0259 (n 1702) pooled 0.0261; k2: cal 0.0339 (n 2771) test 0.0353 (n 2801) pooled 0.0346; k3: cal 0.0410 (n 2877) test 0.0457 (n 2824) pooled 0.0433; k4: cal 0.1261 (n 2775) test 0.1287 (n 2750) pooled 0.1274
[diag]   tier 3 param 0.5560: deployed in 4 draws, flagged 0 | k0: cal 0.0103 (n 2320) test 0.0142 (n 2397) pooled 0.0123; k1: cal 0.0224 (n 1695) test 0.0241 (n 1698) pooled 0.0233; k2: cal 0.0319 (n 2756) test 0.0324 (n 2778) pooled 0.0322; k3: cal 0.0372 (n 2849) test 0.0422 (n 2797) pooled 0.0397; k4: cal 0.1136 (n 2693) test 0.1158 (n 2678) pooled 0.1147
[diag] split 781: digests=True sizes=True disjoint+cover=True buckets={'calpool': True, 'test': True} | draws 20 raw viol 0.0 certified 0.0
[diag]   tier 1 param 0.9899: deployed in 1 draws, flagged 0 | k0: cal 0.0191 (n 2351) test 0.0171 (n 2392) pooled 0.0181; k1: cal 0.0215 (n 1722) test 0.0347 (n 1698) pooled 0.0281; k2: cal 0.0408 (n 2748) test 0.0360 (n 2858) pooled 0.0384; k3: cal 0.0509 (n 2930) test 0.0487 (n 2816) pooled 0.0498; k4: cal 0.1450 (n 2849) test 0.1403 (n 2836) pooled 0.1427
[diag]   tier 3 param 0.5061: deployed in 5 draws, flagged 0 | k0: cal 0.0145 (n 2342) test 0.0134 (n 2389) pooled 0.0140; k1: cal 0.0215 (n 1719) test 0.0307 (n 1692) pooled 0.0261; k2: cal 0.0366 (n 2732) test 0.0327 (n 2840) pooled 0.0346; k3: cal 0.0460 (n 2910) test 0.0405 (n 2791) pooled 0.0433; k4: cal 0.1325 (n 2770) test 0.1223 (n 2755) pooled 0.1274
[diag]   tier 3 param 0.5560: deployed in 13 draws, flagged 0 | k0: cal 0.0129 (n 2334) test 0.0117 (n 2383) pooled 0.0123; k1: cal 0.0198 (n 1713) test 0.0268 (n 1680) pooled 0.0233; k2: cal 0.0339 (n 2713) test 0.0305 (n 2821) pooled 0.0322; k3: cal 0.0427 (n 2880) test 0.0365 (n 2766) pooled 0.0397; k4: cal 0.1198 (n 2696) test 0.1095 (n 2675) pooled 0.1147
[diag]   tier 3 param 0.5993: deployed in 1 draws, flagged 0 | k0: cal 0.0129 (n 2330) test 0.0109 (n 2379) pooled 0.0119; k1: cal 0.0176 (n 1708) test 0.0240 (n 1669) pooled 0.0207; k2: cal 0.0326 (n 2701) test 0.0278 (n 2807) pooled 0.0301; k3: cal 0.0398 (n 2861) test 0.0339 (n 2746) pooled 0.0369; k4: cal 0.1119 (n 2618) test 0.1001 (n 2607) pooled 0.1060
[diag] split 782: digests=True sizes=True disjoint+cover=True buckets={'calpool': True, 'test': True} | draws 20 raw viol 0.0 certified 0.0
[diag]   tier 3 param 0.5061: deployed in 2 draws, flagged 0 | k0: cal 0.0152 (n 2366) test 0.0127 (n 2365) pooled 0.0140; k1: cal 0.0224 (n 1697) test 0.0298 (n 1714) pooled 0.0261; k2: cal 0.0307 (n 2799) test 0.0386 (n 2773) pooled 0.0346; k3: cal 0.0456 (n 2848) test 0.0410 (n 2853) pooled 0.0433; k4: cal 0.1344 (n 2753) test 0.1205 (n 2772) pooled 0.1274
[diag]   tier 3 param 0.5560: deployed in 16 draws, flagged 0 | k0: cal 0.0127 (n 2357) test 0.0119 (n 2360) pooled 0.0123; k1: cal 0.0213 (n 1692) test 0.0253 (n 1701) pooled 0.0233; k2: cal 0.0288 (n 2779) test 0.0356 (n 2755) pooled 0.0322; k3: cal 0.0429 (n 2820) test 0.0364 (n 2826) pooled 0.0397; k4: cal 0.1201 (n 2672) test 0.1093 (n 2699) pooled 0.1147
[diag]   tier 3 param 0.5993: deployed in 2 draws, flagged 0 | k0: cal 0.0123 (n 2351) test 0.0115 (n 2358) pooled 0.0119; k1: cal 0.0184 (n 1684) test 0.0230 (n 1693) pooled 0.0207; k2: cal 0.0257 (n 2765) test 0.0346 (n 2743) pooled 0.0301; k3: cal 0.0410 (n 2802) test 0.0328 (n 2805) pooled 0.0369; k4: cal 0.1118 (n 2604) test 0.1003 (n 2621) pooled 0.1060
[diag] checks: {'split_digests_match': True, 'split_sizes_match': True, 'probe_calpool_test_disjoint_and_cover': True, 'bucket_ids_numpy_vs_reference_buckets': True, 'all_flagged_cal_rows_ok': True, 'all_test_pvalues_match_sweep': True}
[diag] wrote results_v3/diagnostics/r2_fashionmnist_ts0_random_dep.json
