| commit | alpha | probe floor | n_cal expected | n_min tier1 | policy | G (0.5 / 0.7 / 0.9 / dep) | lambda_ref dep | tier-3 start (dep, answered frac.) |
|---|---|---|---|---|---|---|---|---|
| `committed_v3_csv-diabetes_ts0.json` | 0.15 | 0.09723 | 8286 | 275 | greedy_entropy | 1 / 1 / 2 / 2 | 0.7980 | 0.050 |
| `committed_v3_csv-diabetes_ts0.json` | 0.15 | 0.09723 | 8286 | 275 | random | 1 / 1 / 5 / 4 | 0.8283 | 0.335 |
| `committed_v3_csv-physionet_ts0.json` | 0.2 | 0.125 | 1080 | 358 | greedy_entropy | 1 / 1 / 2 / 1 | 0.0000 | 0.573 |
| `committed_v3_csv-physionet_ts0.json` | 0.2 | 0.125 | 1080 | 358 | random | 1 / 1 / 2 / 1 | 0.0000 | 0.573 |
| `committed_v3_cube_ts0.json` | 0.15 | 0.05375 | 1800 | 275 | greedy_entropy | 2 / 3 / 4 / 3 | 0.7980 | 0.596 |
| `committed_v3_cube_ts0.json` | 0.15 | 0.05375 | 1800 | 275 | random | 4 / 4 / 4 / 4 | 0.7071 | 0.644 |
| `committed_v3_fashionmnist_ts0.json` | 0.15 | 0.064286 | 6300 | 275 | greedy_entropy | 3 / 4 / 5 / 5 | 0.7778 | 0.311 |
| `committed_v3_fashionmnist_ts0.json` | 0.15 | 0.064286 | 6300 | 275 | random | 4 / 5 / 5 / 5 | 0.7778 | 0.454 |
| `committed_v3_G8_mnist_ts0.json` | 0.1 | 0.003929 | 6300 | 180 | greedy_entropy | 3 / 5 / 5 / 4 | 0.7879 | 0.929 |
| `committed_v3_G8_mnist_ts0.json` | 0.1 | 0.003929 | 6300 | 180 | random | 7 / 8 / 8 / 8 | 0.7879 | 0.929 |
| `committed_v3_mnist_ts0.json` | 0.1 | 0.003929 | 6300 | 180 | greedy_entropy | 3 / 4 / 4 / 3 | 0.7879 | 0.976 |
| `committed_v3_mnist_ts0.json` | 0.1 | 0.003929 | 6300 | 180 | random | 5 / 5 / 5 / 5 | 0.7879 | 0.881 |
| `committed_v3_tabular-adult_ts0.json` | 0.25 | 0.154229 | 4070 | 428 | greedy_entropy | 1 / 1 / 3 / 2 | 0.7576 | 0.240 |
| `committed_v3_tabular-adult_ts0.json` | 0.25 | 0.154229 | 4070 | 428 | random | 1 / 1 / 3 / 3 | 0.7576 | 0.454 |
| `committed_v3_tabular-MiniBooNE_ts0.json` | 0.15 | 0.07438 | 11706 | 275 | greedy_entropy | 1 / 1 / 5 / 3 | 0.7475 | 0.430 |
| `committed_v3_tabular-MiniBooNE_ts0.json` | 0.15 | 0.07438 | 11706 | 275 | random | 1 / 1 / 5 / 4 | 0.7778 | 0.477 |
| `committed_v3before_mnist_ts0.json` | 0.15 | 0.097143 | 6300 | 275 | eps_greedy_eps0.25 | 5 / 5 / 5 / 5 | 0.8384 | 0.335 |
| `committed_v3before_mnist_ts0.json` | 0.15 | 0.097143 | 6300 | 275 | eps_greedy_eps0.5 | 5 / 5 / 5 / 5 | 0.8081 | 0.359 |
| `committed_v3before_mnist_ts0.json` | 0.15 | 0.097143 | 6300 | 275 | greedy_entropy | 5 / 5 / 5 / 5 | 0.8687 | 0.311 |
| `committed_v3before_mnist_ts0.json` | 0.15 | 0.097143 | 6300 | 275 | random | 5 / 5 / 5 / 5 | 0.7475 | 0.477 |
| `committed_v3before_tabular-adult_ts0.json` | 0.25 | 0.155887 | 4070 | 428 | eps_greedy_eps0.25 | 1 / 1 / 4 / 2 | 0.7576 | 0.193 |
| `committed_v3before_tabular-adult_ts0.json` | 0.25 | 0.155887 | 4070 | 428 | eps_greedy_eps0.5 | 1 / 1 / 4 / 2 | 0.7576 | 0.193 |
| `committed_v3before_tabular-adult_ts0.json` | 0.25 | 0.155887 | 4070 | 428 | greedy_entropy | 1 / 1 / 3 / 2 | 0.7576 | 0.216 |
| `committed_v3before_tabular-adult_ts0.json` | 0.25 | 0.155887 | 4070 | 428 | random | 1 / 1 / 4 / 3 | 0.7576 | 0.335 |
| `committed_v3before_tabular-MiniBooNE_ts0.json` | 0.15 | 0.085143 | 11706 | 275 | eps_greedy_eps0.25 | 1 / 1 / 5 / 4 | 0.7273 | 0.311 |
| `committed_v3before_tabular-MiniBooNE_ts0.json` | 0.15 | 0.085143 | 11706 | 275 | eps_greedy_eps0.5 | 1 / 1 / 5 / 4 | 0.7374 | 0.454 |
| `committed_v3before_tabular-MiniBooNE_ts0.json` | 0.15 | 0.085143 | 11706 | 275 | greedy_entropy | 1 / 1 / 5 / 4 | 0.7273 | 0.430 |
| `committed_v3before_tabular-MiniBooNE_ts0.json` | 0.15 | 0.085143 | 11706 | 275 | random | 1 / 1 / 5 / 5 | 0.7879 | 0.477 |
