# .venv/Scripts/python.exe scripts/diagnose_violation_v3.py --dataset image:imagenette --policy greedy_entropy --train-seed 2 --lambda-ref-key dep --output results_v3/diagnostics/r3J_image-imagenette_ts2_greedy_entropy_dep.json
[diag] lambda_ref=0.8687 edges=[5.0, 7.0, 12.0] splits=[778, 779, 780, 781, 782]
[diag] split 778: digests=True sizes=True disjoint+cover=True buckets={'calpool': True, 'test': True} | draws 20 raw viol 0.0 certified 0.0
[diag]   tier 1 param 0.9697: deployed in 1 draws, flagged 0 | k0: cal 0.0326 (n 952) test 0.0253 (n 948) pooled 0.0289; k1: cal 0.0186 (n 431) test 0.0281 (n 427) pooled 0.0233; k2: cal 0.0246 (n 570) test 0.0423 (n 568) pooled 0.0334; k3: cal 0.0786 (n 458) test 0.0919 (n 468) pooled 0.0853
[diag]   tier 1 param 1.0000: deployed in 1 draws, flagged 0 | k0: cal 0.0074 (n 952) test 0.0095 (n 948) pooled 0.0084; k1: cal 0.0116 (n 431) test 0.0164 (n 427) pooled 0.0140; k2: cal 0.0140 (n 570) test 0.0194 (n 568) pooled 0.0167; k3: cal 0.0742 (n 458) test 0.0833 (n 468) pooled 0.0788
[diag]   tier 3 param 0.7030: deployed in 6 draws, flagged 0 | k0: cal 0.0042 (n 943) test 0.0053 (n 936) pooled 0.0048; k1: cal 0.0047 (n 426) test 0.0071 (n 421) pooled 0.0059; k2: cal 0.0090 (n 554) test 0.0108 (n 557) pooled 0.0099; k3: cal 0.0319 (n 408) test 0.0430 (n 419) pooled 0.0375
[diag]   tier 3 param 0.7467: deployed in 12 draws, flagged 0 | k0: cal 0.0032 (n 941) test 0.0043 (n 930) pooled 0.0037; k1: cal 0.0024 (n 424) test 0.0072 (n 419) pooled 0.0047; k2: cal 0.0073 (n 550) test 0.0090 (n 553) pooled 0.0082; k3: cal 0.0226 (n 398) test 0.0293 (n 410) pooled 0.0260
[diag] split 779: digests=True sizes=True disjoint+cover=True buckets={'calpool': True, 'test': True} | draws 20 raw viol 0.0 certified 0.0
[diag]   tier 1 param 0.9596: deployed in 2 draws, flagged 0 | k0: cal 0.0378 (n 978) test 0.0325 (n 922) pooled 0.0353; k1: cal 0.0389 (n 411) test 0.0246 (n 447) pooled 0.0315; k2: cal 0.0405 (n 568) test 0.0386 (n 570) pooled 0.0395; k3: cal 0.0837 (n 454) test 0.0953 (n 472) pooled 0.0896
[diag]   tier 1 param 1.0000: deployed in 4 draws, flagged 0 | k0: cal 0.0061 (n 978) test 0.0108 (n 922) pooled 0.0084; k1: cal 0.0195 (n 411) test 0.0089 (n 447) pooled 0.0140; k2: cal 0.0123 (n 568) test 0.0211 (n 570) pooled 0.0167; k3: cal 0.0639 (n 454) test 0.0932 (n 472) pooled 0.0788
[diag]   tier 3 param 0.7030: deployed in 7 draws, flagged 0 | k0: cal 0.0041 (n 968) test 0.0055 (n 911) pooled 0.0048; k1: cal 0.0099 (n 404) test 0.0023 (n 443) pooled 0.0059; k2: cal 0.0054 (n 555) test 0.0144 (n 556) pooled 0.0099; k3: cal 0.0295 (n 407) test 0.0452 (n 420) pooled 0.0375
[diag]   tier 3 param 0.7467: deployed in 7 draws, flagged 0 | k0: cal 0.0041 (n 965) test 0.0033 (n 906) pooled 0.0037; k1: cal 0.0075 (n 402) test 0.0023 (n 441) pooled 0.0047; k2: cal 0.0054 (n 552) test 0.0109 (n 551) pooled 0.0082; k3: cal 0.0202 (n 397) test 0.0316 (n 411) pooled 0.0260
[diag] split 780: digests=True sizes=True disjoint+cover=True buckets={'calpool': True, 'test': True} | draws 20 raw viol 0.8 certified 0.0
[diag]   tier 1 param 0.9596: deployed in 3 draws, flagged 3 | k0: cal 0.0308 (n 941) test 0.0396 (n 959) pooled 0.0353; k1: cal 0.0286 (n 455) test 0.0347 (n 403) pooled 0.0315; k2: cal 0.0280 (n 536) test 0.0498 (n 602) pooled 0.0395; k3: cal 0.0772 (n 479) test 0.1029 (n 447) pooled 0.0896
[diag]   tier 1 param 0.9697: deployed in 5 draws, flagged 5 | k0: cal 0.0276 (n 941) test 0.0302 (n 959) pooled 0.0289; k1: cal 0.0154 (n 455) test 0.0323 (n 403) pooled 0.0233; k2: cal 0.0243 (n 536) test 0.0415 (n 602) pooled 0.0334; k3: cal 0.0689 (n 479) test 0.1029 (n 447) pooled 0.0853
[diag]   tier 1 param 0.9798: deployed in 4 draws, flagged 4 | k0: cal 0.0223 (n 941) test 0.0261 (n 959) pooled 0.0242; k1: cal 0.0132 (n 455) test 0.0298 (n 403) pooled 0.0210; k2: cal 0.0243 (n 536) test 0.0282 (n 602) pooled 0.0264; k3: cal 0.0647 (n 479) test 0.1051 (n 447) pooled 0.0842
[diag]   tier 1 param 0.9899: deployed in 1 draws, flagged 1 | k0: cal 0.0106 (n 941) test 0.0198 (n 959) pooled 0.0153; k1: cal 0.0132 (n 455) test 0.0223 (n 403) pooled 0.0175; k2: cal 0.0205 (n 536) test 0.0216 (n 602) pooled 0.0211; k3: cal 0.0626 (n 479) test 0.1074 (n 447) pooled 0.0842
[diag]   tier 1 param 1.0000: deployed in 3 draws, flagged 3 | k0: cal 0.0074 (n 941) test 0.0094 (n 959) pooled 0.0084; k1: cal 0.0110 (n 455) test 0.0174 (n 403) pooled 0.0140; k2: cal 0.0131 (n 536) test 0.0199 (n 602) pooled 0.0167; k3: cal 0.0585 (n 479) test 0.1007 (n 447) pooled 0.0788
[diag]   tier 3 param 0.7030: deployed in 4 draws, flagged 0 | k0: cal 0.0054 (n 929) test 0.0042 (n 950) pooled 0.0048; k1: cal 0.0045 (n 449) test 0.0075 (n 398) pooled 0.0059; k2: cal 0.0076 (n 525) test 0.0119 (n 586) pooled 0.0099; k3: cal 0.0278 (n 432) test 0.0481 (n 395) pooled 0.0375
[diag]   draw 2001: tier 1 cal⊂calpool,∉test=True test p_min=0.4416452849343138 (sweep match True) | k0: n 437 cal risk 0.0229 HB p 6.244e-10; k1: n 234 cal risk 0.0128 HB p 1.736e-07; k2: n 267 cal risk 0.0300 HB p 3.001e-05; k3: n 268 cal risk 0.0597 HB p 0.03664
[diag]   draw 2002: tier 1 cal⊂calpool,∉test=True test p_min=0.4416452849343138 (sweep match True) | k0: n 465 cal risk 0.0237 HB p 2.839e-10; k1: n 231 cal risk 0.0173 HB p 1.518e-06; k2: n 269 cal risk 0.0297 HB p 2.576e-05; k3: n 241 cal risk 0.0581 HB p 0.03993
[diag]   draw 2003: tier 1 cal⊂calpool,∉test=True test p_min=0.4416452849343138 (sweep match True) | k0: n 476 cal risk 0.0210 HB p 2.382e-11; k1: n 227 cal risk 0.0220 HB p 1.124e-05; k2: n 262 cal risk 0.0267 HB p 1.184e-05; k3: n 241 cal risk 0.0581 HB p 0.03993
[diag]   draw 2005: tier 1 cal⊂calpool,∉test=True test p_min=0.4416452849343138 (sweep match True) | k0: n 458 cal risk 0.0262 HB p 2.138e-09; k1: n 220 cal risk 0.0409 HB p 0.002648; k2: n 278 cal risk 0.0252 HB p 3.282e-06; k3: n 250 cal risk 0.0560 HB p 0.02531
[diag]   draw 2006: tier 1 cal⊂calpool,∉test=True test p_min=0.3233795388300709 (sweep match True) | k0: n 488 cal risk 0.0082 HB p 4.882e-17; k1: n 220 cal risk 0.0091 HB p 7.527e-08; k2: n 248 cal risk 0.0202 HB p 1.884e-06; k3: n 250 cal risk 0.0600 HB p 0.04759
[diag]   draw 2008: tier 1 cal⊂calpool,∉test=True test p_min=0.3809336215822561 (sweep match True) | k0: n 455 cal risk 0.0264 HB p 2.713e-09; k1: n 228 cal risk 0.0219 HB p 1.033e-05; k2: n 287 cal risk 0.0314 HB p 2.299e-05; k3: n 236 cal risk 0.0551 HB p 0.02676
[diag]   draw 2009: tier 1 cal⊂calpool,∉test=True test p_min=0.4416452849343138 (sweep match True) | k0: n 467 cal risk 0.0321 HB p 5.311e-08; k1: n 226 cal risk 0.0133 HB p 3.648e-07; k2: n 268 cal risk 0.0261 HB p 7.338e-06; k3: n 245 cal risk 0.0571 HB p 0.03268
[diag]   draw 2010: tier 1 cal⊂calpool,∉test=True test p_min=0.5041692367446396 (sweep match True) | k0: n 483 cal risk 0.0041 HB p 3.215e-19; k1: n 230 cal risk 0.0130 HB p 2.518e-07; k2: n 255 cal risk 0.0196 HB p 1.031e-06; k3: n 238 cal risk 0.0588 HB p 0.04631
[diag]   draw 2011: tier 1 cal⊂calpool,∉test=True test p_min=0.5041692367446396 (sweep match True) | k0: n 483 cal risk 0.0104 HB p 8.624e-16; k1: n 223 cal risk 0.0090 HB p 5.632e-08; k2: n 263 cal risk 0.0190 HB p 5.155e-07; k3: n 237 cal risk 0.0591 HB p 0.04864
[diag]   draw 2012: tier 1 cal⊂calpool,∉test=True test p_min=0.3809336215822561 (sweep match True) | k0: n 457 cal risk 0.0175 HB p 4.074e-12; k1: n 233 cal risk 0.0129 HB p 1.906e-07; k2: n 268 cal risk 0.0336 HB p 9.351e-05; k3: n 248 cal risk 0.0524 HB p 0.01404
[diag]   draw 2013: tier 1 cal⊂calpool,∉test=True test p_min=0.3809336215822561 (sweep match True) | k0: n 477 cal risk 0.0210 HB p 2.188e-11; k1: n 230 cal risk 0.0087 HB p 2.859e-08; k2: n 254 cal risk 0.0276 HB p 2.229e-05; k3: n 245 cal risk 0.0571 HB p 0.03268
[diag]   draw 2014: tier 1 cal⊂calpool,∉test=True test p_min=0.5041692367446396 (sweep match True) | k0: n 485 cal risk 0.0062 HB p 4.787e-18; k1: n 213 cal risk 0.0188 HB p 7.404e-06; k2: n 268 cal risk 0.0112 HB p 7.157e-09; k3: n 240 cal risk 0.0583 HB p 0.04196
[diag]   draw 2015: tier 1 cal⊂calpool,∉test=True test p_min=0.4416452849343138 (sweep match True) | k0: n 466 cal risk 0.0365 HB p 5.578e-07; k1: n 230 cal risk 0.0174 HB p 1.659e-06; k2: n 269 cal risk 0.0335 HB p 8.694e-05; k3: n 241 cal risk 0.0539 HB p 0.02052
[diag]   draw 2016: tier 1 cal⊂calpool,∉test=True test p_min=0.4416452849343138 (sweep match True) | k0: n 463 cal risk 0.0367 HB p 6.864e-07; k1: n 218 cal risk 0.0046 HB p 6.956e-09; k2: n 273 cal risk 0.0147 HB p 3.469e-08; k3: n 252 cal risk 0.0556 HB p 0.02282
[diag]   draw 2018: tier 1 cal⊂calpool,∉test=True test p_min=0.3809336215822561 (sweep match True) | k0: n 482 cal risk 0.0207 HB p 1.432e-11; k1: n 224 cal risk 0.0045 HB p 3.799e-09; k2: n 250 cal risk 0.0280 HB p 3.051e-05; k3: n 250 cal risk 0.0560 HB p 0.02531
[diag]   draw 2019: tier 1 cal⊂calpool,∉test=True test p_min=0.4416452849343138 (sweep match True) | k0: n 476 cal risk 0.0273 HB p 2.06e-09; k1: n 211 cal risk 0.0190 HB p 8.815e-06; k2: n 280 cal risk 0.0179 HB p 1.165e-07; k3: n 239 cal risk 0.0544 HB p 0.02283
[diag] split 781: digests=True sizes=True disjoint+cover=True buckets={'calpool': True, 'test': True} | draws 20 raw viol 0.15 certified 0.0
[diag]   tier 1 param 0.9192: deployed in 1 draws, flagged 1 | k0: cal 0.0531 (n 961) test 0.0479 (n 939) pooled 0.0505; k1: cal 0.0341 (n 440) test 0.0670 (n 418) pooled 0.0501; k2: cal 0.0624 (n 545) test 0.0641 (n 593) pooled 0.0633; k3: cal 0.0989 (n 465) test 0.1128 (n 461) pooled 0.1058
[diag]   tier 1 param 0.9495: deployed in 2 draws, flagged 2 | k0: cal 0.0343 (n 961) test 0.0415 (n 939) pooled 0.0379; k1: cal 0.0227 (n 440) test 0.0598 (n 418) pooled 0.0408; k2: cal 0.0440 (n 545) test 0.0506 (n 593) pooled 0.0475; k3: cal 0.0796 (n 465) test 0.1041 (n 461) pooled 0.0918
[diag]   tier 1 param 0.9798: deployed in 2 draws, flagged 0 | k0: cal 0.0229 (n 961) test 0.0256 (n 939) pooled 0.0242; k1: cal 0.0091 (n 440) test 0.0335 (n 418) pooled 0.0210; k2: cal 0.0275 (n 545) test 0.0253 (n 593) pooled 0.0264; k3: cal 0.0731 (n 465) test 0.0954 (n 461) pooled 0.0842
[diag]   tier 3 param 0.7030: deployed in 13 draws, flagged 0 | k0: cal 0.0052 (n 953) test 0.0043 (n 926) pooled 0.0048; k1: cal 0.0023 (n 435) test 0.0097 (n 412) pooled 0.0059; k2: cal 0.0075 (n 533) test 0.0121 (n 578) pooled 0.0099; k3: cal 0.0335 (n 418) test 0.0416 (n 409) pooled 0.0375
[diag]   tier 3 param 0.7467: deployed in 2 draws, flagged 0 | k0: cal 0.0042 (n 949) test 0.0033 (n 922) pooled 0.0037; k1: cal 0.0023 (n 434) test 0.0073 (n 409) pooled 0.0047; k2: cal 0.0038 (n 529) test 0.0122 (n 574) pooled 0.0082; k3: cal 0.0197 (n 407) test 0.0324 (n 401) pooled 0.0260
[diag]   draw 3001: tier 1 cal⊂calpool,∉test=True test p_min=0.4063253908336621 (sweep match True) | k0: n 498 cal risk 0.0361 HB p 1.786e-07; k1: n 228 cal risk 0.0175 HB p 1.981e-06; k2: n 268 cal risk 0.0522 HB p 0.009706; k3: n 212 cal risk 0.0566 HB p 0.04774
[diag]   draw 3010: tier 1 cal⊂calpool,∉test=True test p_min=0.19912503181897856 (sweep match True) | k0: n 477 cal risk 0.0503 HB p 0.0001619; k1: n 225 cal risk 0.0356 HB p 0.0006681; k2: n 282 cal risk 0.0532 HB p 0.009321; k3: n 222 cal risk 0.0541 HB p 0.0282
[diag]   draw 3016: tier 1 cal⊂calpool,∉test=True test p_min=0.4063253908336621 (sweep match True) | k0: n 490 cal risk 0.0408 HB p 2.381e-06; k1: n 207 cal risk 0.0290 HB p 0.0002346; k2: n 260 cal risk 0.0500 HB p 0.007165; k3: n 249 cal risk 0.0602 HB p 0.04992
[diag] split 782: digests=True sizes=True disjoint+cover=True buckets={'calpool': True, 'test': True} | draws 20 raw viol 0.0 certified 0.0
[diag]   tier 1 param 0.9899: deployed in 1 draws, flagged 0 | k0: cal 0.0148 (n 948) test 0.0158 (n 952) pooled 0.0153; k1: cal 0.0247 (n 446) test 0.0097 (n 412) pooled 0.0175; k2: cal 0.0269 (n 557) test 0.0155 (n 581) pooled 0.0211; k3: cal 0.0761 (n 460) test 0.0923 (n 466) pooled 0.0842
[diag]   tier 1 param 1.0000: deployed in 6 draws, flagged 0 | k0: cal 0.0074 (n 948) test 0.0095 (n 952) pooled 0.0084; k1: cal 0.0202 (n 446) test 0.0073 (n 412) pooled 0.0140; k2: cal 0.0215 (n 557) test 0.0120 (n 581) pooled 0.0167; k3: cal 0.0717 (n 460) test 0.0858 (n 466) pooled 0.0788
[diag]   tier 3 param 0.7030: deployed in 5 draws, flagged 0 | k0: cal 0.0053 (n 940) test 0.0043 (n 939) pooled 0.0048; k1: cal 0.0114 (n 438) test 0.0000 (n 409) pooled 0.0059; k2: cal 0.0165 (n 545) test 0.0035 (n 566) pooled 0.0099; k3: cal 0.0360 (n 417) test 0.0390 (n 410) pooled 0.0375
[diag]   tier 3 param 0.7467: deployed in 8 draws, flagged 0 | k0: cal 0.0032 (n 935) test 0.0043 (n 936) pooled 0.0037; k1: cal 0.0092 (n 435) test 0.0000 (n 408) pooled 0.0047; k2: cal 0.0129 (n 543) test 0.0036 (n 560) pooled 0.0082; k3: cal 0.0222 (n 405) test 0.0298 (n 403) pooled 0.0260
[diag] checks: {'split_digests_match': True, 'split_sizes_match': True, 'probe_calpool_test_disjoint_and_cover': True, 'bucket_ids_numpy_vs_reference_buckets': True, 'all_flagged_cal_rows_ok': True, 'all_test_pvalues_match_sweep': True}
[diag] wrote results_v3/diagnostics/r3J_image-imagenette_ts2_greedy_entropy_dep.json
# returncode 0
