# .venv/Scripts/python.exe scripts/make_tables_v3.py --metrics-dir F:/CAFA_results/metrics_v3 --output-dir results_v3/tables_inverse_info --lambda-ref-key dep --scheme inverse_info
# start 2026-10-03 16:09:19
skip fashionmnist_ts0_greedy_entropy_softmax.json: no cost scheme 'inverse_info' (has ['uniform'])
skip fashionmnist_ts0_random_softmax.json: no cost scheme 'inverse_info' (has ['uniform'])
skip fashionmnist_ts1_greedy_entropy_softmax.json: no cost scheme 'inverse_info' (has ['uniform'])
skip fashionmnist_ts1_random_softmax.json: no cost scheme 'inverse_info' (has ['uniform'])
skip fashionmnist_ts2_greedy_entropy_softmax.json: no cost scheme 'inverse_info' (has ['uniform'])
skip fashionmnist_ts2_random_softmax.json: no cost scheme 'inverse_info' (has ['uniform'])
skip image-imagenette_ts0_greedy_entropy_softmax.json: no cost scheme 'inverse_info' (has ['uniform'])
skip image-imagenette_ts0_random_softmax.json: no cost scheme 'inverse_info' (has ['uniform'])
skip image-imagenette_ts1_greedy_entropy_softmax.json: no cost scheme 'inverse_info' (has ['uniform'])
skip image-imagenette_ts1_random_softmax.json: no cost scheme 'inverse_info' (has ['uniform'])
skip image-imagenette_ts2_greedy_entropy_softmax.json: no cost scheme 'inverse_info' (has ['uniform'])
skip image-imagenette_ts2_random_softmax.json: no cost scheme 'inverse_info' (has ['uniform'])
skip mnist_ts0_greedy_entropy_softmax.json: no cost scheme 'inverse_info' (has ['uniform'])
skip mnist_ts0_random_softmax.json: no cost scheme 'inverse_info' (has ['uniform'])
skip mnist_ts1_greedy_entropy_softmax.json: no cost scheme 'inverse_info' (has ['uniform'])
skip mnist_ts1_random_softmax.json: no cost scheme 'inverse_info' (has ['uniform'])
skip mnist_ts2_greedy_entropy_softmax.json: no cost scheme 'inverse_info' (has ['uniform'])
skip mnist_ts2_random_softmax.json: no cost scheme 'inverse_info' (has ['uniform'])
wrote tables for 30 cells to results_v3\tables_inverse_info
# returncode 0
