# python scripts/run_pool_rollout_v3.py --dataset image:imagenette --train-seed 0 --policy random --device cuda --batch-size 16
# start 2026-10-03T06:35:05.309669+00:00
  [rgb rollout] 16/5358 (7s)
  [rgb rollout] 176/5358 (25s)
  [rgb rollout] 336/5358 (69s)
  [rgb rollout] 496/5358 (126s)
  [rgb rollout] 656/5358 (183s)
  [rgb rollout] 816/5358 (239s)
  [rgb rollout] 976/5358 (296s)
  [rgb rollout] 1136/5358 (353s)
  [rgb rollout] 1296/5358 (410s)
  [rgb rollout] 1456/5358 (466s)
  [rgb rollout] 1616/5358 (523s)
  [rgb rollout] 1776/5358 (580s)
  [rgb rollout] 1936/5358 (637s)
  [rgb rollout] 2096/5358 (693s)
  [rgb rollout] 2256/5358 (750s)
  [rgb rollout] 2416/5358 (807s)
  [rgb rollout] 2576/5358 (864s)
  [rgb rollout] 2736/5358 (920s)
  [rgb rollout] 2896/5358 (971s)
  [rgb rollout] 3056/5358 (1006s)
  [rgb rollout] 3216/5358 (1034s)
  [rgb rollout] 3376/5358 (1061s)
  [rgb rollout] 3536/5358 (1093s)
  [rgb rollout] 3696/5358 (1121s)
  [rgb rollout] 3856/5358 (1148s)
  [rgb rollout] 4016/5358 (1176s)
  [rgb rollout] 4176/5358 (1203s)
  [rgb rollout] 4336/5358 (1237s)
  [rgb rollout] 4496/5358 (1267s)
  [rgb rollout] 4656/5358 (1298s)
  [rgb rollout] 4816/5358 (1328s)
  [rgb rollout] 4976/5358 (1358s)
  [rgb rollout] 5136/5358 (1388s)
  [rgb rollout] 5296/5358 (1418s)
[rollout_v3] image:imagenette ts0 random: n=5358 T=49 full-acq acc=0.9718 -> F:\CAFA_results\pool_v3\image-imagenette_ts0_random_softmax.npz
# returncode 0
