# python scripts/run_pool_rollout_v3.py --dataset image:imagenette --train-seed 0 --policy greedy_entropy --device cuda --batch-size 16 --policy-amp
# start 2026-10-02T23:15:11.227554+00:00
  [rgb rollout] 16/5358 (34s)
  [rgb rollout] 176/5358 (763s)
  [rgb rollout] 336/5358 (1563s)
  [rgb rollout] 496/5358 (2363s)
  [rgb rollout] 656/5358 (3163s)
  [rgb rollout] 816/5358 (3964s)
  [rgb rollout] 976/5358 (4765s)
  [rgb rollout] 1136/5358 (5566s)
  [rgb rollout] 1296/5358 (6366s)
  [rgb rollout] 1456/5358 (7167s)
  [rgb rollout] 1616/5358 (7967s)
  [rgb rollout] 1776/5358 (8767s)
  [rgb rollout] 1936/5358 (9567s)
  [rgb rollout] 2096/5358 (10367s)
  [rgb rollout] 2256/5358 (11166s)
  [rgb rollout] 2416/5358 (11965s)
  [rgb rollout] 2576/5358 (12765s)
  [rgb rollout] 2736/5358 (13564s)
  [rgb rollout] 2896/5358 (14364s)
  [rgb rollout] 3056/5358 (15163s)
  [rgb rollout] 3216/5358 (15962s)
  [rgb rollout] 3376/5358 (16762s)
  [rgb rollout] 3536/5358 (17561s)
  [rgb rollout] 3696/5358 (18360s)
  [rgb rollout] 3856/5358 (19160s)
  [rgb rollout] 4016/5358 (19959s)
  [rgb rollout] 4176/5358 (20758s)
  [rgb rollout] 4336/5358 (21558s)
  [rgb rollout] 4496/5358 (22357s)
  [rgb rollout] 4656/5358 (23156s)
  [rgb rollout] 4816/5358 (23884s)
  [rgb rollout] 4976/5358 (24497s)
  [rgb rollout] 5136/5358 (25198s)
  [rgb rollout] 5296/5358 (25998s)
[rollout_v3] image:imagenette ts0 greedy_entropy: n=5358 T=49 full-acq acc=0.9718 -> F:\CAFA_results\pool_v3\image-imagenette_ts0_greedy_entropy_softmax.npz
# returncode 0
